Archive member included to satisfy reference by file (symbol)

C:/ST/STM32CubeIDE_1.17.0/STM32CubeIDE/plugins/com.st.stm32cube.ide.mcu.externaltools.gnu-tools-for-stm32.12.3.rel1.win32_1.1.0.202410251130/tools/bin/../lib/gcc/arm-none-eabi/12.3.1/../../../../arm-none-eabi/lib/thumb/v7e-m+fp/hard\libc_nano.a(libc_a-exit.o)
                              C:/ST/STM32CubeIDE_1.17.0/STM32CubeIDE/plugins/com.st.stm32cube.ide.mcu.externaltools.gnu-tools-for-stm32.12.3.rel1.win32_1.1.0.202410251130/tools/bin/../lib/gcc/arm-none-eabi/12.3.1/../../../../arm-none-eabi/lib/thumb/v7e-m+fp/hard/crt0.o (exit)
C:/ST/STM32CubeIDE_1.17.0/STM32CubeIDE/plugins/com.st.stm32cube.ide.mcu.externaltools.gnu-tools-for-stm32.12.3.rel1.win32_1.1.0.202410251130/tools/bin/../lib/gcc/arm-none-eabi/12.3.1/../../../../arm-none-eabi/lib/thumb/v7e-m+fp/hard\libc_nano.a(libc_a-findfp.o)
                              ./Middlewares/Third_Party/FreeRTOS/Source/tasks.o (__sf)
C:/ST/STM32CubeIDE_1.17.0/STM32CubeIDE/plugins/com.st.stm32cube.ide.mcu.externaltools.gnu-tools-for-stm32.12.3.rel1.win32_1.1.0.202410251130/tools/bin/../lib/gcc/arm-none-eabi/12.3.1/../../../../arm-none-eabi/lib/thumb/v7e-m+fp/hard\libc_nano.a(libc_a-fwalk.o)
                              C:/ST/STM32CubeIDE_1.17.0/STM32CubeIDE/plugins/com.st.stm32cube.ide.mcu.externaltools.gnu-tools-for-stm32.12.3.rel1.win32_1.1.0.202410251130/tools/bin/../lib/gcc/arm-none-eabi/12.3.1/../../../../arm-none-eabi/lib/thumb/v7e-m+fp/hard\libc_nano.a(libc_a-findfp.o) (_fwalk_sglue)
C:/ST/STM32CubeIDE_1.17.0/STM32CubeIDE/plugins/com.st.stm32cube.ide.mcu.externaltools.gnu-tools-for-stm32.12.3.rel1.win32_1.1.0.202410251130/tools/bin/../lib/gcc/arm-none-eabi/12.3.1/../../../../arm-none-eabi/lib/thumb/v7e-m+fp/hard\libc_nano.a(libc_a-sprintf.o)
                              ./Core/Src/main.o (sprintf)
C:/ST/STM32CubeIDE_1.17.0/STM32CubeIDE/plugins/com.st.stm32cube.ide.mcu.externaltools.gnu-tools-for-stm32.12.3.rel1.win32_1.1.0.202410251130/tools/bin/../lib/gcc/arm-none-eabi/12.3.1/../../../../arm-none-eabi/lib/thumb/v7e-m+fp/hard\libc_nano.a(libc_a-stdio.o)
                              C:/ST/STM32CubeIDE_1.17.0/STM32CubeIDE/plugins/com.st.stm32cube.ide.mcu.externaltools.gnu-tools-for-stm32.12.3.rel1.win32_1.1.0.202410251130/tools/bin/../lib/gcc/arm-none-eabi/12.3.1/../../../../arm-none-eabi/lib/thumb/v7e-m+fp/hard\libc_nano.a(libc_a-findfp.o) (__sread)
C:/ST/STM32CubeIDE_1.17.0/STM32CubeIDE/plugins/com.st.stm32cube.ide.mcu.externaltools.gnu-tools-for-stm32.12.3.rel1.win32_1.1.0.202410251130/tools/bin/../lib/gcc/arm-none-eabi/12.3.1/../../../../arm-none-eabi/lib/thumb/v7e-m+fp/hard\libc_nano.a(libc_a-memset.o)
                              C:/ST/STM32CubeIDE_1.17.0/STM32CubeIDE/plugins/com.st.stm32cube.ide.mcu.externaltools.gnu-tools-for-stm32.12.3.rel1.win32_1.1.0.202410251130/tools/bin/../lib/gcc/arm-none-eabi/12.3.1/../../../../arm-none-eabi/lib/thumb/v7e-m+fp/hard/crt0.o (memset)
C:/ST/STM32CubeIDE_1.17.0/STM32CubeIDE/plugins/com.st.stm32cube.ide.mcu.externaltools.gnu-tools-for-stm32.12.3.rel1.win32_1.1.0.202410251130/tools/bin/../lib/gcc/arm-none-eabi/12.3.1/../../../../arm-none-eabi/lib/thumb/v7e-m+fp/hard\libc_nano.a(libc_a-closer.o)
                              C:/ST/STM32CubeIDE_1.17.0/STM32CubeIDE/plugins/com.st.stm32cube.ide.mcu.externaltools.gnu-tools-for-stm32.12.3.rel1.win32_1.1.0.202410251130/tools/bin/../lib/gcc/arm-none-eabi/12.3.1/../../../../arm-none-eabi/lib/thumb/v7e-m+fp/hard\libc_nano.a(libc_a-stdio.o) (_close_r)
C:/ST/STM32CubeIDE_1.17.0/STM32CubeIDE/plugins/com.st.stm32cube.ide.mcu.externaltools.gnu-tools-for-stm32.12.3.rel1.win32_1.1.0.202410251130/tools/bin/../lib/gcc/arm-none-eabi/12.3.1/../../../../arm-none-eabi/lib/thumb/v7e-m+fp/hard\libc_nano.a(libc_a-reent.o)
                              ./Middlewares/Third_Party/FreeRTOS/Source/tasks.o (_reclaim_reent)
C:/ST/STM32CubeIDE_1.17.0/STM32CubeIDE/plugins/com.st.stm32cube.ide.mcu.externaltools.gnu-tools-for-stm32.12.3.rel1.win32_1.1.0.202410251130/tools/bin/../lib/gcc/arm-none-eabi/12.3.1/../../../../arm-none-eabi/lib/thumb/v7e-m+fp/hard\libc_nano.a(libc_a-impure.o)
                              ./Middlewares/Third_Party/FreeRTOS/Source/tasks.o (_impure_ptr)
C:/ST/STM32CubeIDE_1.17.0/STM32CubeIDE/plugins/com.st.stm32cube.ide.mcu.externaltools.gnu-tools-for-stm32.12.3.rel1.win32_1.1.0.202410251130/tools/bin/../lib/gcc/arm-none-eabi/12.3.1/../../../../arm-none-eabi/lib/thumb/v7e-m+fp/hard\libc_nano.a(libc_a-lseekr.o)
                              C:/ST/STM32CubeIDE_1.17.0/STM32CubeIDE/plugins/com.st.stm32cube.ide.mcu.externaltools.gnu-tools-for-stm32.12.3.rel1.win32_1.1.0.202410251130/tools/bin/../lib/gcc/arm-none-eabi/12.3.1/../../../../arm-none-eabi/lib/thumb/v7e-m+fp/hard\libc_nano.a(libc_a-stdio.o) (_lseek_r)
[...]
Memory Configuration

Name             Origin             Length             Attributes
RAM              0x20000000         0x000a0000         xrw
RAM2             0x10000000         0x00010000         xrw
RAM3             0x20040000         0x00060000         xrw
FLASH            0x08000000         0x00200000         xr
*default*        0x00000000         0xffffffff

Linker script and memory map

LOAD C:/ST/STM32CubeIDE_1.17.0/STM32CubeIDE/plugins/com.st.stm32cube.ide.mcu.externaltools.gnu-tools-for-stm32.12.3.rel1.win32_1.1.0.202410251130/tools/bin/../lib/gcc/arm-none-eabi/12.3.1/thumb/v7e-m+fp/hard/crti.o
LOAD C:/ST/STM32CubeIDE_1.17.0/STM32CubeIDE/plugins/com.st.stm32cube.ide.mcu.externaltools.gnu-tools-for-stm32.12.3.rel1.win32_1.1.0.202410251130/tools/bin/../lib/gcc/arm-none-eabi/12.3.1/thumb/v7e-m+fp/hard/crtbegin.o
LOAD C:/ST/STM32CubeIDE_1.17.0/STM32CubeIDE/plugins/com.st.stm32cube.ide.mcu.externaltools.gnu-tools-for-stm32.12.3.rel1.win32_1.1.0.202410251130/tools/bin/../lib/gcc/arm-none-eabi/12.3.1/../../../../arm-none-eabi/lib/thumb/v7e-m+fp/hard/crt0.o
LOAD ./Core/Src/freertos.o
LOAD ./Core/Src/main.o
LOAD ./Core/Src/stm32l4xx_hal_msp.o
LOAD ./Core/Src/stm32l4xx_hal_timebase_tim.o
LOAD ./Core/Src/stm32l4xx_it.o
LOAD ./Core/Src/syscalls.o
LOAD ./Core/Src/sysmem.o
LOAD ./Core/Src/system_stm32l4xx.o
LOAD ./Core/Startup/startup_stm32l4s5vitx.o
LOAD ./Drivers/STM32L4xx_HAL_Driver/Src/stm32l4xx_hal.o
LOAD ./Drivers/STM32L4xx_HAL_Driver/Src/stm32l4xx_hal_adc.o
LOAD ./Drivers/STM32L4xx_HAL_Driver/Src/stm32l4xx_hal_adc_ex.o
LOAD ./Drivers/STM32L4xx_HAL_Driver/Src/stm32l4xx_hal_cortex.o
LOAD ./Drivers/STM32L4xx_HAL_Driver/Src/stm32l4xx_hal_dfsdm.o
LOAD ./Drivers/STM32L4xx_HAL_Driver/Src/stm32l4xx_hal_dfsdm_ex.o
LOAD ./Drivers/STM32L4xx_HAL_Driver/Src/stm32l4xx_hal_dma.o
LOAD ./Drivers/STM32L4xx_HAL_Driver/Src/stm32l4xx_hal_dma_ex.o
LOAD ./Drivers/STM32L4xx_HAL_Driver/Src/stm32l4xx_hal_exti.o
LOAD ./Drivers/STM32L4xx_HAL_Driver/Src/stm32l4xx_hal_flash.o
LOAD ./Drivers/STM32L4xx_HAL_Driver/Src/stm32l4xx_hal_flash_ex.o
LOAD ./Drivers/STM32L4xx_HAL_Driver/Src/stm32l4xx_hal_flash_ramfunc.o
LOAD ./Drivers/STM32L4xx_HAL_Driver/Src/stm32l4xx_hal_gpio.o
LOAD ./Drivers/STM32L4xx_HAL_Driver/Src/stm32l4xx_hal_i2c.o
LOAD ./Drivers/STM32L4xx_HAL_Driver/Src/stm32l4xx_hal_i2c_ex.o
LOAD ./Drivers/STM32L4xx_HAL_Driver/Src/stm32l4xx_hal_ospi.o
LOAD ./Drivers/STM32L4xx_HAL_Driver/Src/stm32l4xx_hal_pwr.o
LOAD ./Drivers/STM32L4xx_HAL_Driver/Src/stm32l4xx_hal_pwr_ex.o
LOAD ./Drivers/STM32L4xx_HAL_Driver/Src/stm32l4xx_hal_rcc.o
LOAD ./Drivers/STM32L4xx_HAL_Driver/Src/stm32l4xx_hal_rcc_ex.o
LOAD ./Drivers/STM32L4xx_HAL_Driver/Src/stm32l4xx_hal_spi.o
LOAD ./Drivers/STM32L4xx_HAL_Driver/Src/stm32l4xx_hal_spi_ex.o
LOAD ./Drivers/STM32L4xx_HAL_Driver/Src/stm32l4xx_hal_tim.o
LOAD ./Drivers/STM32L4xx_HAL_Driver/Src/stm32l4xx_hal_tim_ex.o
LOAD ./Drivers/STM32L4xx_HAL_Driver/Src/stm32l4xx_hal_uart.o
LOAD ./Drivers/STM32L4xx_HAL_Driver/Src/stm32l4xx_hal_uart_ex.o
LOAD ./Middlewares/Third_Party/FreeRTOS/Source/CMSIS_RTOS_V2/cmsis_os2.o
LOAD ./Middlewares/Third_Party/FreeRTOS/Source/croutine.o
LOAD ./Middlewares/Third_Party/FreeRTOS/Source/event_groups.o
LOAD ./Middlewares/Third_Party/FreeRTOS/Source/list.o
LOAD ./Middlewares/Third_Party/FreeRTOS/Source/queue.o
LOAD ./Middlewares/Third_Party/FreeRTOS/Source/stream_buffer.o
LOAD ./Middlewares/Third_Party/FreeRTOS/Source/tasks.o
LOAD ./Middlewares/Third_Party/FreeRTOS/Source/timers.o
LOAD ./Middlewares/Third_Party/FreeRTOS/Source/portable/GCC/ARM_CM4F/port.o
LOAD ./Middlewares/Third_Party/FreeRTOS/Source/portable/MemMang/heap_4.o
START GROUP
LOAD C:/ST/STM32CubeIDE_1.17.0/STM32CubeIDE/plugins/com.st.stm32cube.ide.mcu.externaltools.gnu-tools-for-stm32.12.3.rel1.win32_1.1.0.202410251130/tools/bin/../lib/gcc/arm-none-eabi/12.3.1/../../../../arm-none-eabi/lib/thumb/v7e-m+fp/hard\libc_nano.a
LOAD C:/ST/STM32CubeIDE_1.17.0/STM32CubeIDE/plugins/com.st.stm32cube.ide.mcu.externaltools.gnu-tools-for-stm32.12.3.rel1.win32_1.1.0.202410251130/tools/bin/../lib/gcc/arm-none-eabi/12.3.1/../../../../arm-none-eabi/lib/thumb/v7e-m+fp/hard\libm.a
END GROUP
START GROUP
LOAD C:/ST/STM32CubeIDE_1.17.0/STM32CubeIDE/plugins/com.st.stm32cube.ide.mcu.externaltools.gnu-tools-for-stm32.12.3.rel1.win32_1.1.0.202410251130/tools/bin/../lib/gcc/arm-none-eabi/12.3.1/thumb/v7e-m+fp/hard\libgcc.a
LOAD C:/ST/STM32CubeIDE_1.17.0/STM32CubeIDE/plugins/com.st.stm32cube.ide.mcu.externaltools.gnu-tools-for-stm32.12.3.rel1.win32_1.1.0.202410251130/tools/bin/../lib/gcc/arm-none-eabi/12.3.1/../../../../arm-none-eabi/lib/thumb/v7e-m+fp/hard\libc_nano.a
END GROUP
START GROUP
LOAD C:/ST/STM32CubeIDE_1.17.0/STM32CubeIDE/plugins/com.st.stm32cube.ide.mcu.externaltools.gnu-tools-for-stm32.12.3.rel1.win32_1.1.0.202410251130/tools/bin/../lib/gcc/arm-none-eabi/12.3.1/thumb/v7e-m+fp/hard\libgcc.a
LOAD C:/ST/STM32CubeIDE_1.17.0/STM32CubeIDE/plugins/com.st.stm32cube.ide.mcu.externaltools.gnu-tools-for-stm32.12.3.rel1.win32_1.1.0.202410251130/tools/bin/../lib/gcc/arm-none-eabi/12.3.1/../../../../arm-none-eabi/lib/thumb/v7e-m+fp/hard\libc_nano.a
LOAD C:/ST/STM32CubeIDE_1.17.0/STM32CubeIDE/plugins/com.st.stm32cube.ide.mcu.externaltools.gnu-tools-for-stm32.12.3.rel1.win32_1.1.0.202410251130/tools/bin/../lib/gcc/arm-none-eabi/12.3.1/../../../../arm-none-eabi/lib/thumb/v7e-m+fp/hard\libnosys.a
END GROUP
START GROUP
LOAD C:/ST/STM32CubeIDE_1.17.0/STM32CubeIDE/plugins/com.st.stm32cube.ide.mcu.externaltools.gnu-tools-for-stm32.12.3.rel1.win32_1.1.0.202410251130/tools/bin/../lib/gcc/arm-none-eabi/12.3.1/thumb/v7e-m+fp/hard\libgcc.a
LOAD C:/ST/STM32CubeIDE_1.17.0/STM32CubeIDE/plugins/com.st.stm32cube.ide.mcu.externaltools.gnu-tools-for-stm32.12.3.rel1.win32_1.1.0.202410251130/tools/bin/../lib/gcc/arm-none-eabi/12.3.1/../../../../arm-none-eabi/lib/thumb/v7e-m+fp/hard\libc_nano.a
LOAD C:/ST/STM32CubeIDE_1.17.0/STM32CubeIDE/plugins/com.st.stm32cube.ide.mcu.externaltools.gnu-tools-for-stm32.12.3.rel1.win32_1.1.0.202410251130/tools/bin/../lib/gcc/arm-none-eabi/12.3.1/../../../../arm-none-eabi/lib/thumb/v7e-m+fp/hard\libnosys.a
END GROUP
LOAD C:/ST/STM32CubeIDE_1.17.0/STM32CubeIDE/plugins/com.st.stm32cube.ide.mcu.externaltools.gnu-tools-for-stm32.12.3.rel1.win32_1.1.0.202410251130/tools/bin/../lib/gcc/arm-none-eabi/12.3.1/thumb/v7e-m+fp/hard/crtend.o
LOAD C:/ST/STM32CubeIDE_1.17.0/STM32CubeIDE/plugins/com.st.stm32cube.ide.mcu.externaltools.gnu-tools-for-stm32.12.3.rel1.win32_1.1.0.202410251130/tools/bin/../lib/gcc/arm-none-eabi/12.3.1/thumb/v7e-m+fp/hard/crtn.o
                0x200a0000                        _estack = (ORIGIN (RAM) + LENGTH (RAM))
                0x00000200                        _Min_Heap_Size = 0x200
                0x00000400                        _Min_Stack_Size = 0x400

.isr_vector     0x08000000      0x1bc
                0x08000000                        . = ALIGN (0x4)
 *(.isr_vector)
 .isr_vector    0x08000000      0x1bc ./Core/Startup/startup_stm32l4s5vitx.o
                0x08000000                g_pfnVectors
                0x080001bc                        . = ALIGN (0x4)

.text           0x080001c0     0xb5ac
                0x080001c0                        . = ALIGN (0x4)
 *(.text)
 .text          0x080001c0       0x40 C:/ST/STM32CubeIDE_1.17.0/STM32CubeIDE/plugins/com.st.stm32cube.ide.mcu.externaltools.gnu-tools-for-stm32.12.3.rel1.win32_1.1.0.202410251130/tools/bin/../lib/gcc/arm-none-eabi/12.3.1/thumb/v7e-m+fp/hard/crtbegin.o
 .text          0x08000200       0xa0 C:/ST/STM32CubeIDE_1.17.0/STM32CubeIDE/plugins/com.st.stm32cube.ide.mcu.externaltools.gnu-tools-for-stm32.12.3.rel1.win32_1.1.0.202410251130/tools/bin/../lib/gcc/arm-none-eabi/12.3.1/../../../../arm-none-eabi/lib/thumb/v7e-m+fp/hard\libc_nano.a(libc_a-memchr.o)
                0x08000200                memchr
 .text          0x080002a0       0x30 C:/ST/STM32CubeIDE_1.17.0/STM32CubeIDE/plugins/com.st.stm32cube.ide.mcu.externaltools.gnu-tools-for-stm32.12.3.rel1.win32_1.1.0.202410251130/tools/bin/../lib/gcc/arm-none-eabi/12.3.1/thumb/v7e-m+fp/hard\libgcc.a(_aeabi_uldivmod.o)
                0x080002a0                __aeabi_uldivmod
 .text          0x080002d0      0x2bc C:/ST/STM32CubeIDE_1.17.0/STM32CubeIDE/plugins/com.st.stm32cube.ide.mcu.externaltools.gnu-tools-for-stm32.12.3.rel1.win32_1.1.0.202410251130/tools/bin/../lib/gcc/arm-none-eabi/12.3.1/thumb/v7e-m+fp/hard\libgcc.a(_udivmoddi4.o)
                0x080002d0                __udivmoddi4
 .text          0x0800058c        0x4 C:/ST/STM32CubeIDE_1.17.0/STM32CubeIDE/plugins/com.st.stm32cube.ide.mcu.externaltools.gnu-tools-for-stm32.12.3.rel1.win32_1.1.0.202410251130/tools/bin/../lib/gcc/arm-none-eabi/12.3.1/thumb/v7e-m+fp/hard\libgcc.a(_dvmd_tls.o)
                0x0800058c                __aeabi_idiv0
                0x0800058c                __aeabi_ldiv0
 *(.text*)
 .text.main     0x08000590      0x100 ./Core/Src/main.o
                0x08000590                main
 .text.SystemClock_Config
                0x08000690       0xc4 ./Core/Src/main.o
                0x08000690                SystemClock_Config
 .text.PeriphCommonClock_Config
                0x08000754       0x5e ./Core/Src/main.o
                0x08000754                PeriphCommonClock_Config
 *fill*         0x080007b2        0x2 
 .text.MX_ADC1_Init
                0x080007b4       0xc8 ./Core/Src/main.o
 .text.MX_DFSDM1_Init
                0x0800087c       0x70 ./Core/Src/main.o
 .text.MX_I2C1_Init
                0x080008ec       0x80 ./Core/Src/main.o
 .text.MX_I2C2_Init
                0x0800096c       0x80 ./Core/Src/main.o
 .text.MX_OCTOSPI1_Init
                0x080009ec       0xac ./Core/Src/main.o
 .text.MX_SPI3_Init
                0x08000a98       0x7c ./Core/Src/main.o
 .text.MX_UART4_Init
                0x08000b14       0x98 ./Core/Src/main.o
 .text.MX_USART1_UART_Init
                0x08000bac       0x98 ./Core/Src/main.o
 .text.MX_USART2_UART_Init
                0x08000c44       0x9c ./Core/Src/main.o
 .text.MX_USART3_UART_Init
                0x08000ce0       0x98 ./Core/Src/main.o
 .text.MX_USB_OTG_FS_USB_Init
                0x08000d78        0xe ./Core/Src/main.o
 *fill*         0x08000d86        0x2 
 .text.MX_GPIO_Init
                0x08000d88      0x2a8 ./Core/Src/main.o
 .text.LED_flash_task_run
                0x08001030       0xb8 ./Core/Src/main.o
                0x08001030                LED_flash_task_run
 .text.UART_send_task_run
                0x080010e8       0x68 ./Core/Src/main.o
                0x080010e8                UART_send_task_run
 .text.UART_RX_task_run
                0x08001150       0x9c ./Core/Src/main.o
                0x08001150                UART_RX_task_run
 .text.ADC_CMD_task_run
                0x080011ec       0x6c ./Core/Src/main.o
                0x080011ec                ADC_CMD_task_run
 .text.HAL_TIM_PeriodElapsedCallback
                0x08001258       0x24 ./Core/Src/main.o
                0x08001258                HAL_TIM_PeriodElapsedCallback
 .text.Error_Handler
                0x0800127c        0xc ./Core/Src/main.o
                0x0800127c                Error_Handler
 .text.HAL_MspInit
                0x08001288       0x50 ./Core/Src/stm32l4xx_hal_msp.o
                0x08001288                HAL_MspInit
 .text.HAL_ADC_MspInit
                0x080012d8       0x80 ./Core/Src/stm32l4xx_hal_msp.o
                0x080012d8                HAL_ADC_MspInit
 .text.HAL_DFSDM_ChannelMspInit
                0x08001358       0xc8 ./Core/Src/stm32l4xx_hal_msp.o
                0x08001358                HAL_DFSDM_ChannelMspInit
 .text.HAL_I2C_MspInit
                0x08001420      0x144 ./Core/Src/stm32l4xx_hal_msp.o
                0x08001420                HAL_I2C_MspInit
 .text.HAL_OSPI_MspInit
                0x08001564       0xd8 ./Core/Src/stm32l4xx_hal_msp.o
                0x08001564                HAL_OSPI_MspInit
 .text.HAL_SPI_MspInit
                0x0800163c       0x88 ./Core/Src/stm32l4xx_hal_msp.o
                0x0800163c                HAL_SPI_MspInit
 .text.HAL_UART_MspInit
                0x080016c4      0x254 ./Core/Src/stm32l4xx_hal_msp.o
                0x080016c4                HAL_UART_MspInit
 .text.HAL_InitTick
                0x08001918       0xf4 ./Core/Src/stm32l4xx_hal_timebase_tim.o
                0x08001918                HAL_InitTick
 .text.NMI_Handler
                0x08001a0c        0x8 ./Core/Src/stm32l4xx_it.o
                0x08001a0c                NMI_Handler
 .text.HardFault_Handler
                0x08001a14        0x8 ./Core/Src/stm32l4xx_it.o
                0x08001a14                HardFault_Handler
 .text.MemManage_Handler
                0x08001a1c        0x8 ./Core/Src/stm32l4xx_it.o
                0x08001a1c                MemManage_Handler
 .text.BusFault_Handler
                0x08001a24        0x8 ./Core/Src/stm32l4xx_it.o
                0x08001a24                BusFault_Handler
 .text.UsageFault_Handler
                0x08001a2c        0x8 ./Core/Src/stm32l4xx_it.o
                0x08001a2c                UsageFault_Handler
 .text.DebugMon_Handler
                0x08001a34        0xe ./Core/Src/stm32l4xx_it.o
                0x08001a34                DebugMon_Handler
 .text.EXTI9_5_IRQHandler
                0x08001a42       0x22 ./Core/Src/stm32l4xx_it.o
                0x08001a42                EXTI9_5_IRQHandler
 .text.EXTI15_10_IRQHandler
                0x08001a64       0x38 ./Core/Src/stm32l4xx_it.o
                0x08001a64                EXTI15_10_IRQHandler
 .text.TIM6_DAC_IRQHandler
                0x08001a9c       0x14 ./Core/Src/stm32l4xx_it.o
                0x08001a9c                TIM6_DAC_IRQHandler
 .text._sbrk    0x08001ab0       0x6c ./Core/Src/sysmem.o
                0x08001ab0                _sbrk
 .text.SystemInit
                0x08001b1c       0x24 ./Core/Src/system_stm32l4xx.o
                0x08001b1c                SystemInit
 .text.Reset_Handler
                0x08001b40       0x50 ./Core/Startup/startup_stm32l4s5vitx.o
                0x08001b40                Reset_Handler
 .text.Default_Handler
                0x08001b90        0x2 ./Core/Startup/startup_stm32l4s5vitx.o
                0x08001b90                RTC_Alarm_IRQHandler
                0x08001b90                EXTI2_IRQHandler
                0x08001b90                TIM8_TRG_COM_IRQHandler
                0x08001b90                TIM8_CC_IRQHandler
                0x08001b90                TIM1_CC_IRQHandler
                0x08001b90                TSC_IRQHandler
                0x08001b90                TAMP_STAMP_IRQHandler
                0x08001b90                EXTI3_IRQHandler
                0x08001b90                LPTIM2_IRQHandler
                0x08001b90                DFSDM1_FLT1_IRQHandler
                0x08001b90                GFXMMU_IRQHandler
                0x08001b90                I2C3_ER_IRQHandler
                0x08001b90                DFSDM1_FLT2_IRQHandler
                0x08001b90                EXTI0_IRQHandler
                0x08001b90                I2C2_EV_IRQHandler
                0x08001b90                CAN1_RX0_IRQHandler
                0x08001b90                FPU_IRQHandler
                0x08001b90                TIM1_UP_TIM16_IRQHandler
                0x08001b90                LTDC_ER_IRQHandler
                0x08001b90                SPI1_IRQHandler
                0x08001b90                OCTOSPI1_IRQHandler
                0x08001b90                DCMI_IRQHandler
                0x08001b90                TIM8_UP_IRQHandler
                0x08001b90                OCTOSPI2_IRQHandler
                0x08001b90                DMA2_Channel2_IRQHandler
                0x08001b90                DMA1_Channel4_IRQHandler
                0x08001b90                SAI2_IRQHandler
                0x08001b90                ADC1_IRQHandler
                0x08001b90                DFSDM1_FLT3_IRQHandler
                0x08001b90                USART3_IRQHandler
                0x08001b90                DMA1_Channel7_IRQHandler
                0x08001b90                CAN1_RX1_IRQHandler
                0x08001b90                UART5_IRQHandler
                0x08001b90                TIM4_IRQHandler
                0x08001b90                DMA2_Channel1_IRQHandler
                0x08001b90                I2C1_EV_IRQHandler
                0x08001b90                DMAMUX1_OVR_IRQHandler
                0x08001b90                DMA1_Channel6_IRQHandler
                0x08001b90                UART4_IRQHandler
                0x08001b90                DMA2_Channel4_IRQHandler
                0x08001b90                TIM3_IRQHandler
                0x08001b90                RCC_IRQHandler
                0x08001b90                DMA1_Channel1_IRQHandler
                0x08001b90                Default_Handler
                0x08001b90                DMA2_Channel7_IRQHandler
                0x08001b90                TIM7_IRQHandler
                0x08001b90                SDMMC1_IRQHandler
                0x08001b90                TIM5_IRQHandler
                0x08001b90                I2C3_EV_IRQHandler
                0x08001b90                RTC_WKUP_IRQHandler
                0x08001b90                LTDC_IRQHandler
                0x08001b90                PVD_PVM_IRQHandler
                0x08001b90                SPI2_IRQHandler
                0x08001b90                CAN1_TX_IRQHandler
                0x08001b90                DMA2_Channel5_IRQHandler
                0x08001b90                DMA1_Channel5_IRQHandler
                0x08001b90                EXTI4_IRQHandler
                0x08001b90                RNG_IRQHandler
                0x08001b90                TIM1_TRG_COM_TIM17_IRQHandler
                0x08001b90                DMA1_Channel3_IRQHandler
                0x08001b90                COMP_IRQHandler
                0x08001b90                HASH_CRS_IRQHandler
                0x08001b90                WWDG_IRQHandler
                0x08001b90                I2C4_EV_IRQHandler
                0x08001b90                LPUART1_IRQHandler
                0x08001b90                DMA2_Channel6_IRQHandler
                0x08001b90                TIM2_IRQHandler
                0x08001b90                DMA2D_IRQHandler
                0x08001b90                EXTI1_IRQHandler
                0x08001b90                AES_IRQHandler
                0x08001b90                USART2_IRQHandler
                0x08001b90                DFSDM1_FLT0_IRQHandler
                0x08001b90                I2C2_ER_IRQHandler
                0x08001b90                DMA1_Channel2_IRQHandler
                0x08001b90                TIM8_BRK_IRQHandler
                0x08001b90                CAN1_SCE_IRQHandler
                0x08001b90                FLASH_IRQHandler
                0x08001b90                USART1_IRQHandler
                0x08001b90                OTG_FS_IRQHandler
                0x08001b90                SPI3_IRQHandler
                0x08001b90                I2C1_ER_IRQHandler
                0x08001b90                FMC_IRQHandler
                0x08001b90                LPTIM1_IRQHandler
                0x08001b90                I2C4_ER_IRQHandler
                0x08001b90                SAI1_IRQHandler
                0x08001b90                DMA2_Channel3_IRQHandler
                0x08001b90                TIM1_BRK_TIM15_IRQHandler
 .text.HAL_Init
                0x08001b92       0x30 ./Drivers/STM32L4xx_HAL_Driver/Src/stm32l4xx_hal.o
                0x08001b92                HAL_Init
 *fill*         0x08001bc2        0x2 
 .text.HAL_IncTick
                0x08001bc4       0x28 ./Drivers/STM32L4xx_HAL_Driver/Src/stm32l4xx_hal.o
                0x08001bc4                HAL_IncTick
 .text.HAL_GetTick
                0x08001bec       0x18 ./Drivers/STM32L4xx_HAL_Driver/Src/stm32l4xx_hal.o
                0x08001bec                HAL_GetTick
 .text.LL_ADC_SetCommonClock
                0x08001c04       0x26 ./Drivers/STM32L4xx_HAL_Driver/Src/stm32l4xx_hal_adc.o
 .text.LL_ADC_SetCommonPathInternalCh
                0x08001c2a       0x26 ./Drivers/STM32L4xx_HAL_Driver/Src/stm32l4xx_hal_adc.o
 .text.LL_ADC_GetCommonPathInternalCh
                0x08001c50       0x1c ./Drivers/STM32L4xx_HAL_Driver/Src/stm32l4xx_hal_adc.o
 .text.LL_ADC_SetOffset
                0x08001c6c       0x48 ./Drivers/STM32L4xx_HAL_Driver/Src/stm32l4xx_hal_adc.o
 .text.LL_ADC_GetOffsetChannel
                0x08001cb4       0x2c ./Drivers/STM32L4xx_HAL_Driver/Src/stm32l4xx_hal_adc.o
 .text.LL_ADC_SetOffsetState
                0x08001ce0       0x36 ./Drivers/STM32L4xx_HAL_Driver/Src/stm32l4xx_hal_adc.o
 .text.LL_ADC_SetSamplingTimeCommonConfig
                0x08001d16       0x26 ./Drivers/STM32L4xx_HAL_Driver/Src/stm32l4xx_hal_adc.o
 .text.LL_ADC_REG_IsTriggerSourceSWStart
                0x08001d3c       0x26 ./Drivers/STM32L4xx_HAL_Driver/Src/stm32l4xx_hal_adc.o
 .text.LL_ADC_REG_SetSequencerRanks
                0x08001d62       0x58 ./Drivers/STM32L4xx_HAL_Driver/Src/stm32l4xx_hal_adc.o
 .text.LL_ADC_SetChannelSamplingTime
                0x08001dba       0x56 ./Drivers/STM32L4xx_HAL_Driver/Src/stm32l4xx_hal_adc.o
 .text.LL_ADC_SetChannelSingleDiff
                0x08001e10       0x48 ./Drivers/STM32L4xx_HAL_Driver/Src/stm32l4xx_hal_adc.o
 .text.LL_ADC_DisableDeepPowerDown
                0x08001e58       0x24 ./Drivers/STM32L4xx_HAL_Driver/Src/stm32l4xx_hal_adc.o
 .text.LL_ADC_IsDeepPowerDownEnabled
                0x08001e7c       0x28 ./Drivers/STM32L4xx_HAL_Driver/Src/stm32l4xx_hal_adc.o
 .text.LL_ADC_EnableInternalRegulator
                0x08001ea4       0x28 ./Drivers/STM32L4xx_HAL_Driver/Src/stm32l4xx_hal_adc.o
 .text.LL_ADC_IsInternalRegulatorEnabled
                0x08001ecc       0x28 ./Drivers/STM32L4xx_HAL_Driver/Src/stm32l4xx_hal_adc.o
 .text.LL_ADC_Enable
                0x08001ef4       0x28 ./Drivers/STM32L4xx_HAL_Driver/Src/stm32l4xx_hal_adc.o
 .text.LL_ADC_IsEnabled
                0x08001f1c       0x26 ./Drivers/STM32L4xx_HAL_Driver/Src/stm32l4xx_hal_adc.o
 .text.LL_ADC_REG_StartConversion
                0x08001f42       0x28 ./Drivers/STM32L4xx_HAL_Driver/Src/stm32l4xx_hal_adc.o
 .text.LL_ADC_REG_IsConversionOngoing
                0x08001f6a       0x26 ./Drivers/STM32L4xx_HAL_Driver/Src/stm32l4xx_hal_adc.o
 .text.LL_ADC_INJ_IsConversionOngoing
                0x08001f90       0x26 ./Drivers/STM32L4xx_HAL_Driver/Src/stm32l4xx_hal_adc.o
 *fill*         0x08001fb6        0x2 
 .text.HAL_ADC_Init
                0x08001fb8      0x28c ./Drivers/STM32L4xx_HAL_Driver/Src/stm32l4xx_hal_adc.o
                0x08001fb8                HAL_ADC_Init
 .text.HAL_ADC_Start
                0x08002244       0xc6 ./Drivers/STM32L4xx_HAL_Driver/Src/stm32l4xx_hal_adc.o
                0x08002244                HAL_ADC_Start
 .text.HAL_ADC_PollForConversion
                0x0800230a      0x11e ./Drivers/STM32L4xx_HAL_Driver/Src/stm32l4xx_hal_adc.o
                0x0800230a                HAL_ADC_PollForConversion
 .text.HAL_ADC_GetValue
                0x08002428       0x1a ./Drivers/STM32L4xx_HAL_Driver/Src/stm32l4xx_hal_adc.o
                0x08002428                HAL_ADC_GetValue
 *fill*         0x08002442        0x2 
 .text.HAL_ADC_ConfigChannel
                0x08002444      0x7f8 ./Drivers/STM32L4xx_HAL_Driver/Src/stm32l4xx_hal_adc.o
                0x08002444                HAL_ADC_ConfigChannel
 .text.ADC_Enable
                0x08002c3c      0x10c ./Drivers/STM32L4xx_HAL_Driver/Src/stm32l4xx_hal_adc.o
                0x08002c3c                ADC_Enable
 .text.__NVIC_SetPriorityGrouping
                0x08002d48       0x48 ./Drivers/STM32L4xx_HAL_Driver/Src/stm32l4xx_hal_cortex.o
 .text.__NVIC_GetPriorityGrouping
                0x08002d90       0x1c ./Drivers/STM32L4xx_HAL_Driver/Src/stm32l4xx_hal_cortex.o
 .text.__NVIC_EnableIRQ
                0x08002dac       0x3c ./Drivers/STM32L4xx_HAL_Driver/Src/stm32l4xx_hal_cortex.o
 .text.__NVIC_SetPriority
                0x08002de8       0x54 ./Drivers/STM32L4xx_HAL_Driver/Src/stm32l4xx_hal_cortex.o
 .text.NVIC_EncodePriority
                0x08002e3c       0x66 ./Drivers/STM32L4xx_HAL_Driver/Src/stm32l4xx_hal_cortex.o
 .text.HAL_NVIC_SetPriorityGrouping
                0x08002ea2       0x16 ./Drivers/STM32L4xx_HAL_Driver/Src/stm32l4xx_hal_cortex.o
                0x08002ea2                HAL_NVIC_SetPriorityGrouping
 .text.HAL_NVIC_SetPriority
                0x08002eb8       0x38 ./Drivers/STM32L4xx_HAL_Driver/Src/stm32l4xx_hal_cortex.o
                0x08002eb8                HAL_NVIC_SetPriority
 .text.HAL_NVIC_EnableIRQ
                0x08002ef0       0x1c ./Drivers/STM32L4xx_HAL_Driver/Src/stm32l4xx_hal_cortex.o
                0x08002ef0                HAL_NVIC_EnableIRQ
 .text.HAL_DFSDM_ChannelInit
                0x08002f0c      0x180 ./Drivers/STM32L4xx_HAL_Driver/Src/stm32l4xx_hal_dfsdm.o
                0x08002f0c                HAL_DFSDM_ChannelInit
 .text.DFSDM_GetChannelFromInstance
                0x0800308c       0x98 ./Drivers/STM32L4xx_HAL_Driver/Src/stm32l4xx_hal_dfsdm.o
 .text.HAL_GPIO_Init
                0x08003124      0x324 ./Drivers/STM32L4xx_HAL_Driver/Src/stm32l4xx_hal_gpio.o
                0x08003124                HAL_GPIO_Init
 .text.HAL_GPIO_WritePin
                0x08003448       0x30 ./Drivers/STM32L4xx_HAL_Driver/Src/stm32l4xx_hal_gpio.o
                0x08003448                HAL_GPIO_WritePin
 .text.HAL_GPIO_TogglePin
                0x08003478       0x34 ./Drivers/STM32L4xx_HAL_Driver/Src/stm32l4xx_hal_gpio.o
                0x08003478                HAL_GPIO_TogglePin
 .text.HAL_GPIO_EXTI_IRQHandler
                0x080034ac       0x30 ./Drivers/STM32L4xx_HAL_Driver/Src/stm32l4xx_hal_gpio.o
                0x080034ac                HAL_GPIO_EXTI_IRQHandler
 .text.HAL_GPIO_EXTI_Callback
                0x080034dc       0x16 ./Drivers/STM32L4xx_HAL_Driver/Src/stm32l4xx_hal_gpio.o
                0x080034dc                HAL_GPIO_EXTI_Callback
 .text.HAL_I2C_Init
                0x080034f2      0x136 ./Drivers/STM32L4xx_HAL_Driver/Src/stm32l4xx_hal_i2c.o
                0x080034f2                HAL_I2C_Init
 .text.HAL_I2CEx_ConfigAnalogFilter
                0x08003628       0x96 ./Drivers/STM32L4xx_HAL_Driver/Src/stm32l4xx_hal_i2c_ex.o
                0x08003628                HAL_I2CEx_ConfigAnalogFilter
 .text.HAL_I2CEx_ConfigDigitalFilter
                0x080036be       0x98 ./Drivers/STM32L4xx_HAL_Driver/Src/stm32l4xx_hal_i2c_ex.o
                0x080036be                HAL_I2CEx_ConfigDigitalFilter
 *fill*         0x08003756        0x2 
 .text.HAL_OSPI_Init
                0x08003758      0x154 ./Drivers/STM32L4xx_HAL_Driver/Src/stm32l4xx_hal_ospi.o
                0x08003758                HAL_OSPI_Init
 .text.HAL_OSPI_SetTimeout
                0x080038ac       0x1e ./Drivers/STM32L4xx_HAL_Driver/Src/stm32l4xx_hal_ospi.o
                0x080038ac                HAL_OSPI_SetTimeout
 *fill*         0x080038ca        0x2 
 .text.HAL_OSPIM_Config
                0x080038cc      0x668 ./Drivers/STM32L4xx_HAL_Driver/Src/stm32l4xx_hal_ospi.o
                0x080038cc                HAL_OSPIM_Config
 .text.OSPI_WaitFlagStateUntilTimeout
                0x08003f34       0x6e ./Drivers/STM32L4xx_HAL_Driver/Src/stm32l4xx_hal_ospi.o
 *fill*         0x08003fa2        0x2 
 .text.OSPIM_GetConfig
                0x08003fa4      0x160 ./Drivers/STM32L4xx_HAL_Driver/Src/stm32l4xx_hal_ospi.o
 .text.HAL_PWR_EnableBkUpAccess
                0x08004104       0x20 ./Drivers/STM32L4xx_HAL_Driver/Src/stm32l4xx_hal_pwr.o
                0x08004104                HAL_PWR_EnableBkUpAccess
 .text.HAL_PWREx_GetVoltageRange
                0x08004124       0x40 ./Drivers/STM32L4xx_HAL_Driver/Src/stm32l4xx_hal_pwr_ex.o
                0x08004124                HAL_PWREx_GetVoltageRange
 .text.HAL_PWREx_ControlVoltageScaling
                0x08004164      0x148 ./Drivers/STM32L4xx_HAL_Driver/Src/stm32l4xx_hal_pwr_ex.o
                0x08004164                HAL_PWREx_ControlVoltageScaling
 .text.HAL_RCC_OscConfig
                0x080042ac      0x834 ./Drivers/STM32L4xx_HAL_Driver/Src/stm32l4xx_hal_rcc.o
                0x080042ac                HAL_RCC_OscConfig
 .text.HAL_RCC_ClockConfig
                0x08004ae0      0x274 ./Drivers/STM32L4xx_HAL_Driver/Src/stm32l4xx_hal_rcc.o
                0x08004ae0                HAL_RCC_ClockConfig
 .text.HAL_RCC_GetSysClockFreq
                0x08004d54      0x118 ./Drivers/STM32L4xx_HAL_Driver/Src/stm32l4xx_hal_rcc.o
                0x08004d54                HAL_RCC_GetSysClockFreq
 .text.HAL_RCC_GetHCLKFreq
                0x08004e6c       0x18 ./Drivers/STM32L4xx_HAL_Driver/Src/stm32l4xx_hal_rcc.o
                0x08004e6c                HAL_RCC_GetHCLKFreq
 .text.HAL_RCC_GetPCLK1Freq
                0x08004e84       0x2c ./Drivers/STM32L4xx_HAL_Driver/Src/stm32l4xx_hal_rcc.o
                0x08004e84                HAL_RCC_GetPCLK1Freq
 .text.HAL_RCC_GetPCLK2Freq
                0x08004eb0       0x2c ./Drivers/STM32L4xx_HAL_Driver/Src/stm32l4xx_hal_rcc.o
                0x08004eb0                HAL_RCC_GetPCLK2Freq
 .text.HAL_RCC_GetClockConfig
                0x08004edc       0x64 ./Drivers/STM32L4xx_HAL_Driver/Src/stm32l4xx_hal_rcc.o
                0x08004edc                HAL_RCC_GetClockConfig
 .text.RCC_SetFlashLatencyFromMSIRange
                0x08004f40       0xb4 ./Drivers/STM32L4xx_HAL_Driver/Src/stm32l4xx_hal_rcc.o
 .text.RCC_GetSysClockFreqFromPLLSource
                0x08004ff4       0xcc ./Drivers/STM32L4xx_HAL_Driver/Src/stm32l4xx_hal_rcc.o
 .text.HAL_RCCEx_PeriphCLKConfig
                0x080050c0      0x660 ./Drivers/STM32L4xx_HAL_Driver/Src/stm32l4xx_hal_rcc_ex.o
                0x080050c0                HAL_RCCEx_PeriphCLKConfig
 .text.HAL_RCCEx_EnableMSIPLLMode
                0x08005720       0x20 ./Drivers/STM32L4xx_HAL_Driver/Src/stm32l4xx_hal_rcc_ex.o
                0x08005720                HAL_RCCEx_EnableMSIPLLMode
 .text.RCCEx_PLLSAI1_Config
                0x08005740      0x1e8 ./Drivers/STM32L4xx_HAL_Driver/Src/stm32l4xx_hal_rcc_ex.o
 .text.RCCEx_PLLSAI2_Config
                0x08005928      0x1e8 ./Drivers/STM32L4xx_HAL_Driver/Src/stm32l4xx_hal_rcc_ex.o
 .text.HAL_SPI_Init
                0x08005b10      0x146 ./Drivers/STM32L4xx_HAL_Driver/Src/stm32l4xx_hal_spi.o
                0x08005b10                HAL_SPI_Init
 .text.HAL_TIM_Base_Init
                0x08005c56       0xae ./Drivers/STM32L4xx_HAL_Driver/Src/stm32l4xx_hal_tim.o
                0x08005c56                HAL_TIM_Base_Init
 .text.HAL_TIM_Base_MspInit
                0x08005d04       0x14 ./Drivers/STM32L4xx_HAL_Driver/Src/stm32l4xx_hal_tim.o
                0x08005d04                HAL_TIM_Base_MspInit
 .text.HAL_TIM_Base_Start_IT
                0x08005d18       0xe0 ./Drivers/STM32L4xx_HAL_Driver/Src/stm32l4xx_hal_tim.o
                0x08005d18                HAL_TIM_Base_Start_IT
 .text.HAL_TIM_IRQHandler
                0x08005df8      0x204 ./Drivers/STM32L4xx_HAL_Driver/Src/stm32l4xx_hal_tim.o
                0x08005df8                HAL_TIM_IRQHandler
 .text.HAL_TIM_OC_DelayElapsedCallback
                0x08005ffc       0x14 ./Drivers/STM32L4xx_HAL_Driver/Src/stm32l4xx_hal_tim.o
                0x08005ffc                HAL_TIM_OC_DelayElapsedCallback
 .text.HAL_TIM_IC_CaptureCallback
                0x08006010       0x14 ./Drivers/STM32L4xx_HAL_Driver/Src/stm32l4xx_hal_tim.o
                0x08006010                HAL_TIM_IC_CaptureCallback
 .text.HAL_TIM_PWM_PulseFinishedCallback
                0x08006024       0x14 ./Drivers/STM32L4xx_HAL_Driver/Src/stm32l4xx_hal_tim.o
                0x08006024                HAL_TIM_PWM_PulseFinishedCallback
 .text.HAL_TIM_TriggerCallback
                0x08006038       0x14 ./Drivers/STM32L4xx_HAL_Driver/Src/stm32l4xx_hal_tim.o
                0x08006038                HAL_TIM_TriggerCallback
 .text.TIM_Base_SetConfig
                0x0800604c      0x134 ./Drivers/STM32L4xx_HAL_Driver/Src/stm32l4xx_hal_tim.o
                0x0800604c                TIM_Base_SetConfig
 .text.HAL_TIMEx_CommutCallback
                0x08006180       0x14 ./Drivers/STM32L4xx_HAL_Driver/Src/stm32l4xx_hal_tim_ex.o
                0x08006180                HAL_TIMEx_CommutCallback
 .text.HAL_TIMEx_BreakCallback
                0x08006194       0x14 ./Drivers/STM32L4xx_HAL_Driver/Src/stm32l4xx_hal_tim_ex.o
                0x08006194                HAL_TIMEx_BreakCallback
 .text.HAL_TIMEx_Break2Callback
                0x080061a8       0x14 ./Drivers/STM32L4xx_HAL_Driver/Src/stm32l4xx_hal_tim_ex.o
                0x080061a8                HAL_TIMEx_Break2Callback
 .text.HAL_UART_Init
                0x080061bc       0xa0 ./Drivers/STM32L4xx_HAL_Driver/Src/stm32l4xx_hal_uart.o
                0x080061bc                HAL_UART_Init
 .text.HAL_UART_Transmit
                0x0800625c      0x11c ./Drivers/STM32L4xx_HAL_Driver/Src/stm32l4xx_hal_uart.o
                0x0800625c                HAL_UART_Transmit
 .text.HAL_UART_Receive
                0x08006378      0x192 ./Drivers/STM32L4xx_HAL_Driver/Src/stm32l4xx_hal_uart.o
                0x08006378                HAL_UART_Receive
 *fill*         0x0800650a        0x2 
 .text.UART_SetConfig
                0x0800650c      0x5f8 ./Drivers/STM32L4xx_HAL_Driver/Src/stm32l4xx_hal_uart.o
                0x0800650c                UART_SetConfig
 .text.UART_AdvFeatureConfig
                0x08006b04      0x144 ./Drivers/STM32L4xx_HAL_Driver/Src/stm32l4xx_hal_uart.o
                0x08006b04                UART_AdvFeatureConfig
 .text.UART_CheckIdleState
                0x08006c48      0x154 ./Drivers/STM32L4xx_HAL_Driver/Src/stm32l4xx_hal_uart.o
                0x08006c48                UART_CheckIdleState
 .text.UART_WaitOnFlagUntilTimeout
                0x08006d9c       0xce ./Drivers/STM32L4xx_HAL_Driver/Src/stm32l4xx_hal_uart.o
                0x08006d9c                UART_WaitOnFlagUntilTimeout
 .text.UART_EndRxTransfer
                0x08006e6a       0xcc ./Drivers/STM32L4xx_HAL_Driver/Src/stm32l4xx_hal_uart.o
 .text.HAL_UARTEx_DisableFifoMode
                0x08006f36       0x72 ./Drivers/STM32L4xx_HAL_Driver/Src/stm32l4xx_hal_uart_ex.o
                0x08006f36                HAL_UARTEx_DisableFifoMode
 .text.HAL_UARTEx_SetTxFifoThreshold
                0x08006fa8       0x7c ./Drivers/STM32L4xx_HAL_Driver/Src/stm32l4xx_hal_uart_ex.o
                0x08006fa8                HAL_UARTEx_SetTxFifoThreshold
 .text.HAL_UARTEx_SetRxFifoThreshold
                0x08007024       0x7c ./Drivers/STM32L4xx_HAL_Driver/Src/stm32l4xx_hal_uart_ex.o
                0x08007024                HAL_UARTEx_SetRxFifoThreshold
 .text.UARTEx_SetNbDataToProcess
                0x080070a0       0x9c ./Drivers/STM32L4xx_HAL_Driver/Src/stm32l4xx_hal_uart_ex.o
 .text.__NVIC_SetPriority
                0x0800713c       0x54 ./Middlewares/Third_Party/FreeRTOS/Source/CMSIS_RTOS_V2/cmsis_os2.o
 .text.SysTick_Handler
                0x08007190       0x20 ./Middlewares/Third_Party/FreeRTOS/Source/CMSIS_RTOS_V2/cmsis_os2.o
                0x08007190                SysTick_Handler
 .text.SVC_Setup
                0x080071b0       0x12 ./Middlewares/Third_Party/FreeRTOS/Source/CMSIS_RTOS_V2/cmsis_os2.o
 *fill*         0x080071c2        0x2 
 .text.osKernelInitialize
                0x080071c4       0x48 ./Middlewares/Third_Party/FreeRTOS/Source/CMSIS_RTOS_V2/cmsis_os2.o
                0x080071c4                osKernelInitialize
 .text.osKernelStart
                0x0800720c       0x4c ./Middlewares/Third_Party/FreeRTOS/Source/CMSIS_RTOS_V2/cmsis_os2.o
                0x0800720c                osKernelStart
 .text.osThreadNew
                0x08007258      0x124 ./Middlewares/Third_Party/FreeRTOS/Source/CMSIS_RTOS_V2/cmsis_os2.o
                0x08007258                osThreadNew
 .text.osThreadSuspend
                0x0800737c       0x42 ./Middlewares/Third_Party/FreeRTOS/Source/CMSIS_RTOS_V2/cmsis_os2.o
                0x0800737c                osThreadSuspend
 .text.osThreadResume
                0x080073be       0x42 ./Middlewares/Third_Party/FreeRTOS/Source/CMSIS_RTOS_V2/cmsis_os2.o
                0x080073be                osThreadResume
 .text.osDelay  0x08007400       0x36 ./Middlewares/Third_Party/FreeRTOS/Source/CMSIS_RTOS_V2/cmsis_os2.o
                0x08007400                osDelay
 .text.osSemaphoreNew
                0x08007436      0x112 ./Middlewares/Third_Party/FreeRTOS/Source/CMSIS_RTOS_V2/cmsis_os2.o
                0x08007436                osSemaphoreNew
 .text.osSemaphoreAcquire
                0x08007548       0xa4 ./Middlewares/Third_Party/FreeRTOS/Source/CMSIS_RTOS_V2/cmsis_os2.o
                0x08007548                osSemaphoreAcquire
 .text.osSemaphoreRelease
                0x080075ec       0x88 ./Middlewares/Third_Party/FreeRTOS/Source/CMSIS_RTOS_V2/cmsis_os2.o
                0x080075ec                osSemaphoreRelease
 .text.osMessageQueueNew
                0x08007674       0xe6 ./Middlewares/Third_Party/FreeRTOS/Source/CMSIS_RTOS_V2/cmsis_os2.o
                0x08007674                osMessageQueueNew
 *fill*         0x0800775a        0x2 
 .text.osMessageQueuePut
                0x0800775c       0xc0 ./Middlewares/Third_Party/FreeRTOS/Source/CMSIS_RTOS_V2/cmsis_os2.o
                0x0800775c                osMessageQueuePut
 .text.osMessageQueueGet
                0x0800781c       0xbc ./Middlewares/Third_Party/FreeRTOS/Source/CMSIS_RTOS_V2/cmsis_os2.o
                0x0800781c                osMessageQueueGet
 .text.osMessageQueueGetSpace
                0x080078d8       0x6a ./Middlewares/Third_Party/FreeRTOS/Source/CMSIS_RTOS_V2/cmsis_os2.o
                0x080078d8                osMessageQueueGetSpace
 *fill*         0x08007942        0x2 
 .text.vApplicationGetIdleTaskMemory
                0x08007944       0x34 ./Middlewares/Third_Party/FreeRTOS/Source/CMSIS_RTOS_V2/cmsis_os2.o
                0x08007944                vApplicationGetIdleTaskMemory
 .text.vApplicationGetTimerTaskMemory
                0x08007978       0x34 ./Middlewares/Third_Party/FreeRTOS/Source/CMSIS_RTOS_V2/cmsis_os2.o
                0x08007978                vApplicationGetTimerTaskMemory
 .text.vListInitialise
                0x080079ac       0x40 ./Middlewares/Third_Party/FreeRTOS/Source/list.o
                0x080079ac                vListInitialise
 .text.vListInitialiseItem
                0x080079ec       0x1a ./Middlewares/Third_Party/FreeRTOS/Source/list.o
                0x080079ec                vListInitialiseItem
 .text.vListInsertEnd
                0x08007a06       0x48 ./Middlewares/Third_Party/FreeRTOS/Source/list.o
                0x08007a06                vListInsertEnd
 .text.vListInsert
                0x08007a4e       0x72 ./Middlewares/Third_Party/FreeRTOS/Source/list.o
                0x08007a4e                vListInsert
 .text.uxListRemove
                0x08007ac0       0x54 ./Middlewares/Third_Party/FreeRTOS/Source/list.o
                0x08007ac0                uxListRemove
 .text.xQueueGenericReset
                0x08007b14       0xd4 ./Middlewares/Third_Party/FreeRTOS/Source/queue.o
                0x08007b14                xQueueGenericReset
 .text.xQueueGenericCreateStatic
                0x08007be8       0xfa ./Middlewares/Third_Party/FreeRTOS/Source/queue.o
                0x08007be8                xQueueGenericCreateStatic
 .text.xQueueGenericCreate
                0x08007ce2       0x76 ./Middlewares/Third_Party/FreeRTOS/Source/queue.o
                0x08007ce2                xQueueGenericCreate
 .text.prvInitialiseNewQueue
                0x08007d58       0x46 ./Middlewares/Third_Party/FreeRTOS/Source/queue.o
 .text.xQueueCreateCountingSemaphoreStatic
                0x08007d9e       0x72 ./Middlewares/Third_Party/FreeRTOS/Source/queue.o
                0x08007d9e                xQueueCreateCountingSemaphoreStatic
 .text.xQueueCreateCountingSemaphore
                0x08007e10       0x6a ./Middlewares/Third_Party/FreeRTOS/Source/queue.o
                0x08007e10                xQueueCreateCountingSemaphore
 *fill*         0x08007e7a        0x2 
 .text.xQueueGenericSend
                0x08007e7c      0x204 ./Middlewares/Third_Party/FreeRTOS/Source/queue.o
                0x08007e7c                xQueueGenericSend
 .text.xQueueGenericSendFromISR
                0x08008080      0x13c ./Middlewares/Third_Party/FreeRTOS/Source/queue.o
                0x08008080                xQueueGenericSendFromISR
 .text.xQueueGiveFromISR
                0x080081bc      0x120 ./Middlewares/Third_Party/FreeRTOS/Source/queue.o
                0x080081bc                xQueueGiveFromISR
 .text.xQueueReceive
                0x080082dc      0x1c4 ./Middlewares/Third_Party/FreeRTOS/Source/queue.o
                0x080082dc                xQueueReceive
 .text.xQueueSemaphoreTake
                0x080084a0      0x220 ./Middlewares/Third_Party/FreeRTOS/Source/queue.o
                0x080084a0                xQueueSemaphoreTake
 .text.xQueueReceiveFromISR
                0x080086c0      0x104 ./Middlewares/Third_Party/FreeRTOS/Source/queue.o
                0x080086c0                xQueueReceiveFromISR
 .text.uxQueueSpacesAvailable
                0x080087c4       0x48 ./Middlewares/Third_Party/FreeRTOS/Source/queue.o
                0x080087c4                uxQueueSpacesAvailable
 .text.vQueueDelete
                0x0800880c       0x48 ./Middlewares/Third_Party/FreeRTOS/Source/queue.o
                0x0800880c                vQueueDelete
 .text.prvGetDisinheritPriorityAfterTimeout
                0x08008854       0x30 ./Middlewares/Third_Party/FreeRTOS/Source/queue.o
 .text.prvCopyDataToQueue
                0x08008884       0xd4 ./Middlewares/Third_Party/FreeRTOS/Source/queue.o
 .text.prvCopyDataFromQueue
                0x08008958       0x4c ./Middlewares/Third_Party/FreeRTOS/Source/queue.o
 .text.prvUnlockQueue
                0x080089a4       0xa4 ./Middlewares/Third_Party/FreeRTOS/Source/queue.o
 .text.prvIsQueueEmpty
                0x08008a48       0x2c ./Middlewares/Third_Party/FreeRTOS/Source/queue.o
 .text.prvIsQueueFull
                0x08008a74       0x30 ./Middlewares/Third_Party/FreeRTOS/Source/queue.o
 .text.vQueueAddToRegistry
                0x08008aa4       0x54 ./Middlewares/Third_Party/FreeRTOS/Source/queue.o
                0x08008aa4                vQueueAddToRegistry
 .text.vQueueUnregisterQueue
                0x08008af8       0x54 ./Middlewares/Third_Party/FreeRTOS/Source/queue.o
                0x08008af8                vQueueUnregisterQueue
 .text.vQueueWaitForMessageRestricted
                0x08008b4c       0x68 ./Middlewares/Third_Party/FreeRTOS/Source/queue.o
                0x08008b4c                vQueueWaitForMessageRestricted
 .text.xTaskCreateStatic
                0x08008bb4       0xc0 ./Middlewares/Third_Party/FreeRTOS/Source/tasks.o
                0x08008bb4                xTaskCreateStatic
 .text.xTaskCreate
                0x08008c74       0x8a ./Middlewares/Third_Party/FreeRTOS/Source/tasks.o
                0x08008c74                xTaskCreate
 *fill*         0x08008cfe        0x2 
 .text.prvInitialiseNewTask
                0x08008d00      0x150 ./Middlewares/Third_Party/FreeRTOS/Source/tasks.o
 .text.prvAddNewTaskToReadyList
                0x08008e50       0xe0 ./Middlewares/Third_Party/FreeRTOS/Source/tasks.o
 .text.vTaskDelay
                0x08008f30       0x6c ./Middlewares/Third_Party/FreeRTOS/Source/tasks.o
                0x08008f30                vTaskDelay
 .text.vTaskSuspend
                0x08008f9c       0xec ./Middlewares/Third_Party/FreeRTOS/Source/tasks.o
                0x08008f9c                vTaskSuspend
 .text.prvTaskIsTaskSuspended
                0x08009088       0x64 ./Middlewares/Third_Party/FreeRTOS/Source/tasks.o
 .text.vTaskResume
                0x080090ec       0xc0 ./Middlewares/Third_Party/FreeRTOS/Source/tasks.o
                0x080090ec                vTaskResume
 .text.vTaskStartScheduler
                0x080091ac       0xe0 ./Middlewares/Third_Party/FreeRTOS/Source/tasks.o
                0x080091ac                vTaskStartScheduler
 .text.vTaskSuspendAll
                0x0800928c       0x1c ./Middlewares/Third_Party/FreeRTOS/Source/tasks.o
                0x0800928c                vTaskSuspendAll
 .text.xTaskResumeAll
                0x080092a8      0x13c ./Middlewares/Third_Party/FreeRTOS/Source/tasks.o
                0x080092a8                xTaskResumeAll
 .text.xTaskGetTickCount
                0x080093e4       0x20 ./Middlewares/Third_Party/FreeRTOS/Source/tasks.o
                0x080093e4                xTaskGetTickCount
 .text.xTaskIncrementTick
                0x08009404      0x174 ./Middlewares/Third_Party/FreeRTOS/Source/tasks.o
                0x08009404                xTaskIncrementTick
 .text.vTaskSwitchContext
                0x08009578       0xcc ./Middlewares/Third_Party/FreeRTOS/Source/tasks.o
                0x08009578                vTaskSwitchContext
 .text.vTaskPlaceOnEventList
                0x08009644       0x4c ./Middlewares/Third_Party/FreeRTOS/Source/tasks.o
                0x08009644                vTaskPlaceOnEventList
 .text.vTaskPlaceOnEventListRestricted
                0x08009690       0x58 ./Middlewares/Third_Party/FreeRTOS/Source/tasks.o
                0x08009690                vTaskPlaceOnEventListRestricted
 .text.xTaskRemoveFromEventList
                0x080096e8       0xc8 ./Middlewares/Third_Party/FreeRTOS/Source/tasks.o
                0x080096e8                xTaskRemoveFromEventList
 .text.vTaskInternalSetTimeOutState
                0x080097b0       0x2c ./Middlewares/Third_Party/FreeRTOS/Source/tasks.o
                0x080097b0                vTaskInternalSetTimeOutState
 .text.xTaskCheckForTimeOut
                0x080097dc       0xc8 ./Middlewares/Third_Party/FreeRTOS/Source/tasks.o
                0x080097dc                xTaskCheckForTimeOut
 .text.vTaskMissedYield
                0x080098a4       0x18 ./Middlewares/Third_Party/FreeRTOS/Source/tasks.o
                0x080098a4                vTaskMissedYield
 .text.prvIdleTask
                0x080098bc       0x30 ./Middlewares/Third_Party/FreeRTOS/Source/tasks.o
 .text.prvInitialiseTaskLists
                0x080098ec       0x80 ./Middlewares/Third_Party/FreeRTOS/Source/tasks.o
 .text.prvCheckTasksWaitingTermination
                0x0800996c       0x5c ./Middlewares/Third_Party/FreeRTOS/Source/tasks.o
 .text.prvDeleteTCB
                0x080099c8       0x6a ./Middlewares/Third_Party/FreeRTOS/Source/tasks.o
 *fill*         0x08009a32        0x2 
 .text.prvResetNextTaskUnblockTime
                0x08009a34       0x40 ./Middlewares/Third_Party/FreeRTOS/Source/tasks.o
 .text.xTaskGetSchedulerState
                0x08009a74       0x3c ./Middlewares/Third_Party/FreeRTOS/Source/tasks.o
                0x08009a74                xTaskGetSchedulerState
 .text.xTaskPriorityInherit
                0x08009ab0       0xd0 ./Middlewares/Third_Party/FreeRTOS/Source/tasks.o
                0x08009ab0                xTaskPriorityInherit
 .text.xTaskPriorityDisinherit
                0x08009b80       0xe0 ./Middlewares/Third_Party/FreeRTOS/Source/tasks.o
                0x08009b80                xTaskPriorityDisinherit
 .text.vTaskPriorityDisinheritAfterTimeout
                0x08009c60      0x108 ./Middlewares/Third_Party/FreeRTOS/Source/tasks.o
                0x08009c60                vTaskPriorityDisinheritAfterTimeout
 .text.pvTaskIncrementMutexHeldCount
                0x08009d68       0x28 ./Middlewares/Third_Party/FreeRTOS/Source/tasks.o
                0x08009d68                pvTaskIncrementMutexHeldCount
 .text.prvAddCurrentTaskToDelayedList
                0x08009d90       0xa8 ./Middlewares/Third_Party/FreeRTOS/Source/tasks.o
 .text.xTimerCreateTimerTask
                0x08009e38       0x94 ./Middlewares/Third_Party/FreeRTOS/Source/timers.o
                0x08009e38                xTimerCreateTimerTask
 .text.xTimerGenericCommand
                0x08009ecc       0x9c ./Middlewares/Third_Party/FreeRTOS/Source/timers.o
                0x08009ecc                xTimerGenericCommand
 .text.prvProcessExpiredTimer
                0x08009f68       0x9c ./Middlewares/Third_Party/FreeRTOS/Source/timers.o
 .text.prvTimerTask
                0x0800a004       0x26 ./Middlewares/Third_Party/FreeRTOS/Source/timers.o
 *fill*         0x0800a02a        0x2 
 .text.prvProcessTimerOrBlockTask
                0x0800a02c       0x9c ./Middlewares/Third_Party/FreeRTOS/Source/timers.o
 .text.prvGetNextExpireTime
                0x0800a0c8       0x48 ./Middlewares/Third_Party/FreeRTOS/Source/timers.o
 .text.prvSampleTimeNow
                0x0800a110       0x40 ./Middlewares/Third_Party/FreeRTOS/Source/timers.o
 .text.prvInsertTimerInActiveList
                0x0800a150       0x84 ./Middlewares/Third_Party/FreeRTOS/Source/timers.o
 .text.prvProcessReceivedCommands
                0x0800a1d4      0x1cc ./Middlewares/Third_Party/FreeRTOS/Source/timers.o
 .text.prvSwitchTimerLists
                0x0800a3a0       0xcc ./Middlewares/Third_Party/FreeRTOS/Source/timers.o
 .text.prvCheckForValidListAndQueue
                0x0800a46c       0x80 ./Middlewares/Third_Party/FreeRTOS/Source/timers.o
 .text.pxPortInitialiseStack
                0x0800a4ec       0x68 ./Middlewares/Third_Party/FreeRTOS/Source/portable/GCC/ARM_CM4F/port.o
                0x0800a4ec                pxPortInitialiseStack
 .text.prvTaskExitError
                0x0800a554       0x5c ./Middlewares/Third_Party/FreeRTOS/Source/portable/GCC/ARM_CM4F/port.o
 .text.SVC_Handler
                0x0800a5b0       0x28 ./Middlewares/Third_Party/FreeRTOS/Source/portable/GCC/ARM_CM4F/port.o
                0x0800a5b0                SVC_Handler
 .text.prvPortStartFirstTask
                0x0800a5d8       0x28 ./Middlewares/Third_Party/FreeRTOS/Source/portable/GCC/ARM_CM4F/port.o
 .text.xPortStartScheduler
                0x0800a600      0x148 ./Middlewares/Third_Party/FreeRTOS/Source/portable/GCC/ARM_CM4F/port.o
                0x0800a600                xPortStartScheduler
 .text.vPortEnterCritical
                0x0800a748       0x64 ./Middlewares/Third_Party/FreeRTOS/Source/portable/GCC/ARM_CM4F/port.o
                0x0800a748                vPortEnterCritical
 .text.vPortExitCritical
                0x0800a7ac       0x54 ./Middlewares/Third_Party/FreeRTOS/Source/portable/GCC/ARM_CM4F/port.o
                0x0800a7ac                vPortExitCritical
 .text.PendSV_Handler
                0x0800a800       0x68 ./Middlewares/Third_Party/FreeRTOS/Source/portable/GCC/ARM_CM4F/port.o
                0x0800a800                PendSV_Handler
 .text.xPortSysTickHandler
                0x0800a868       0x44 ./Middlewares/Third_Party/FreeRTOS/Source/portable/GCC/ARM_CM4F/port.o
                0x0800a868                xPortSysTickHandler
 .text.vPortSetupTimerInterrupt
                0x0800a8ac       0x48 ./Middlewares/Third_Party/FreeRTOS/Source/portable/GCC/ARM_CM4F/port.o
                0x0800a8ac                vPortSetupTimerInterrupt
 .text.vPortEnableVFP
                0x0800a8f4       0x14 ./Middlewares/Third_Party/FreeRTOS/Source/portable/GCC/ARM_CM4F/port.o
 .text.vPortValidateInterruptPriority
                0x0800a908       0x84 ./Middlewares/Third_Party/FreeRTOS/Source/portable/GCC/ARM_CM4F/port.o
                0x0800a908                vPortValidateInterruptPriority
 .text.pvPortMalloc
                0x0800a98c      0x19c ./Middlewares/Third_Party/FreeRTOS/Source/portable/MemMang/heap_4.o
                0x0800a98c                pvPortMalloc
 .text.vPortFree
                0x0800ab28       0xc8 ./Middlewares/Third_Party/FreeRTOS/Source/portable/MemMang/heap_4.o
                0x0800ab28                vPortFree
 .text.prvHeapInit
                0x0800abf0       0xc4 ./Middlewares/Third_Party/FreeRTOS/Source/portable/MemMang/heap_4.o
 .text.prvInsertBlockIntoFreeList
                0x0800acb4       0xb4 ./Middlewares/Third_Party/FreeRTOS/Source/portable/MemMang/heap_4.o
 .text.sprintf  0x0800ad68       0x40 C:/ST/STM32CubeIDE_1.17.0/STM32CubeIDE/plugins/com.st.stm32cube.ide.mcu.externaltools.gnu-tools-for-stm32.12.3.rel1.win32_1.1.0.202410251130/tools/bin/../lib/gcc/arm-none-eabi/12.3.1/../../../../arm-none-eabi/lib/thumb/v7e-m+fp/hard\libc_nano.a(libc_a-sprintf.o)
                0x0800ad68                siprintf
                0x0800ad68                sprintf
 .text.memset   0x0800ada8       0x10 C:/ST/STM32CubeIDE_1.17.0/STM32CubeIDE/plugins/com.st.stm32cube.ide.mcu.externaltools.gnu-tools-for-stm32.12.3.rel1.win32_1.1.0.202410251130/tools/bin/../lib/gcc/arm-none-eabi/12.3.1/../../../../arm-none-eabi/lib/thumb/v7e-m+fp/hard\libc_nano.a(libc_a-memset.o)
                0x0800ada8                memset
 .text._reclaim_reent
                0x0800adb8       0xac C:/ST/STM32CubeIDE_1.17.0/STM32CubeIDE/plugins/com.st.stm32cube.ide.mcu.externaltools.gnu-tools-for-stm32.12.3.rel1.win32_1.1.0.202410251130/tools/bin/../lib/gcc/arm-none-eabi/12.3.1/../../../../arm-none-eabi/lib/thumb/v7e-m+fp/hard\libc_nano.a(libc_a-reent.o)
                0x0800adb8                _reclaim_reent
 .text.__errno  0x0800ae64        0xc C:/ST/STM32CubeIDE_1.17.0/STM32CubeIDE/plugins/com.st.stm32cube.ide.mcu.externaltools.gnu-tools-for-stm32.12.3.rel1.win32_1.1.0.202410251130/tools/bin/../lib/gcc/arm-none-eabi/12.3.1/../../../../arm-none-eabi/lib/thumb/v7e-m+fp/hard\libc_nano.a(libc_a-errno.o)
                0x0800ae64                __errno
 .text.__libc_init_array
                0x0800ae70       0x48 C:/ST/STM32CubeIDE_1.17.0/STM32CubeIDE/plugins/com.st.stm32cube.ide.mcu.externaltools.gnu-tools-for-stm32.12.3.rel1.win32_1.1.0.202410251130/tools/bin/../lib/gcc/arm-none-eabi/12.3.1/../../../../arm-none-eabi/lib/thumb/v7e-m+fp/hard\libc_nano.a(libc_a-init.o)
                0x0800ae70                __libc_init_array
 .text.__retarget_lock_acquire_recursive
                0x0800aeb8        0x2 C:/ST/STM32CubeIDE_1.17.0/STM32CubeIDE/plugins/com.st.stm32cube.ide.mcu.externaltools.gnu-tools-for-stm32.12.3.rel1.win32_1.1.0.202410251130/tools/bin/../lib/gcc/arm-none-eabi/12.3.1/../../../../arm-none-eabi/lib/thumb/v7e-m+fp/hard\libc_nano.a(libc_a-lock.o)
                0x0800aeb8                __retarget_lock_acquire_recursive
 .text.__retarget_lock_release_recursive
                0x0800aeba        0x2 C:/ST/STM32CubeIDE_1.17.0/STM32CubeIDE/plugins/com.st.stm32cube.ide.mcu.externaltools.gnu-tools-for-stm32.12.3.rel1.win32_1.1.0.202410251130/tools/bin/../lib/gcc/arm-none-eabi/12.3.1/../../../../arm-none-eabi/lib/thumb/v7e-m+fp/hard\libc_nano.a(libc_a-lock.o)
                0x0800aeba                __retarget_lock_release_recursive
 .text.memcpy   0x0800aebc       0x1c C:/ST/STM32CubeIDE_1.17.0/STM32CubeIDE/plugins/com.st.stm32cube.ide.mcu.externaltools.gnu-tools-for-stm32.12.3.rel1.win32_1.1.0.202410251130/tools/bin/../lib/gcc/arm-none-eabi/12.3.1/../../../../arm-none-eabi/lib/thumb/v7e-m+fp/hard\libc_nano.a(libc_a-memcpy-stub.o)
                0x0800aebc                memcpy
 .text._free_r  0x0800aed8       0x94 C:/ST/STM32CubeIDE_1.17.0/STM32CubeIDE/plugins/com.st.stm32cube.ide.mcu.externaltools.gnu-tools-for-stm32.12.3.rel1.win32_1.1.0.202410251130/tools/bin/../lib/gcc/arm-none-eabi/12.3.1/../../../../arm-none-eabi/lib/thumb/v7e-m+fp/hard\libc_nano.a(libc_a-freer.o)
                0x0800aed8                _free_r
 .text.sbrk_aligned
                0x0800af6c       0x44 C:/ST/STM32CubeIDE_1.17.0/STM32CubeIDE/plugins/com.st.stm32cube.ide.mcu.externaltools.gnu-tools-for-stm32.12.3.rel1.win32_1.1.0.202410251130/tools/bin/../lib/gcc/arm-none-eabi/12.3.1/../../../../arm-none-eabi/lib/thumb/v7e-m+fp/hard\libc_nano.a(libc_a-mallocr.o)
 .text._malloc_r
                0x0800afb0      0x100 C:/ST/STM32CubeIDE_1.17.0/STM32CubeIDE/plugins/com.st.stm32cube.ide.mcu.externaltools.gnu-tools-for-stm32.12.3.rel1.win32_1.1.0.202410251130/tools/bin/../lib/gcc/arm-none-eabi/12.3.1/../../../../arm-none-eabi/lib/thumb/v7e-m+fp/hard\libc_nano.a(libc_a-mallocr.o)
                0x0800afb0                _malloc_r
 .text.__malloc_lock
                0x0800b0b0        0xc C:/ST/STM32CubeIDE_1.17.0/STM32CubeIDE/plugins/com.st.stm32cube.ide.mcu.externaltools.gnu-tools-for-stm32.12.3.rel1.win32_1.1.0.202410251130/tools/bin/../lib/gcc/arm-none-eabi/12.3.1/../../../../arm-none-eabi/lib/thumb/v7e-m+fp/hard\libc_nano.a(libc_a-mlock.o)
                0x0800b0b0                __malloc_lock
 .text.__malloc_unlock
                0x0800b0bc        0xc C:/ST/STM32CubeIDE_1.17.0/STM32CubeIDE/plugins/com.st.stm32cube.ide.mcu.externaltools.gnu-tools-for-stm32.12.3.rel1.win32_1.1.0.202410251130/tools/bin/../lib/gcc/arm-none-eabi/12.3.1/../../../../arm-none-eabi/lib/thumb/v7e-m+fp/hard\libc_nano.a(libc_a-mlock.o)
                0x0800b0bc                __malloc_unlock
 .text.__ssputs_r
                0x0800b0c8       0xb6 C:/ST/STM32CubeIDE_1.17.0/STM32CubeIDE/plugins/com.st.stm32cube.ide.mcu.externaltools.gnu-tools-for-stm32.12.3.rel1.win32_1.1.0.202410251130/tools/bin/../lib/gcc/arm-none-eabi/12.3.1/../../../../arm-none-eabi/lib/thumb/v7e-m+fp/hard\libc_nano.a(libc_a-nano-svfprintf.o)
                0x0800b0c8                __ssputs_r
 *fill*         0x0800b17e        0x2 
 .text._svfprintf_r
                0x0800b180      0x1f8 C:/ST/STM32CubeIDE_1.17.0/STM32CubeIDE/plugins/com.st.stm32cube.ide.mcu.externaltools.gnu-tools-for-stm32.12.3.rel1.win32_1.1.0.202410251130/tools/bin/../lib/gcc/arm-none-eabi/12.3.1/../../../../arm-none-eabi/lib/thumb/v7e-m+fp/hard\libc_nano.a(libc_a-nano-svfprintf.o)
                0x0800b180                _svfiprintf_r
                0x0800b180                _svfprintf_r
 .text._printf_common
                0x0800b378       0xda C:/ST/STM32CubeIDE_1.17.0/STM32CubeIDE/plugins/com.st.stm32cube.ide.mcu.externaltools.gnu-tools-for-stm32.12.3.rel1.win32_1.1.0.202410251130/tools/bin/../lib/gcc/arm-none-eabi/12.3.1/../../../../arm-none-eabi/lib/thumb/v7e-m+fp/hard\libc_nano.a(libc_a-nano-vfprintf_i.o)
                0x0800b378                _printf_common
 *fill*         0x0800b452        0x2 
 .text._printf_i
                0x0800b454      0x240 C:/ST/STM32CubeIDE_1.17.0/STM32CubeIDE/plugins/com.st.stm32cube.ide.mcu.externaltools.gnu-tools-for-stm32.12.3.rel1.win32_1.1.0.202410251130/tools/bin/../lib/gcc/arm-none-eabi/12.3.1/../../../../arm-none-eabi/lib/thumb/v7e-m+fp/hard\libc_nano.a(libc_a-nano-vfprintf_i.o)
                0x0800b454                _printf_i
 .text.memmove  0x0800b694       0x34 C:/ST/STM32CubeIDE_1.17.0/STM32CubeIDE/plugins/com.st.stm32cube.ide.mcu.externaltools.gnu-tools-for-stm32.12.3.rel1.win32_1.1.0.202410251130/tools/bin/../lib/gcc/arm-none-eabi/12.3.1/../../../../arm-none-eabi/lib/thumb/v7e-m+fp/hard\libc_nano.a(libc_a-memmove.o)
                0x0800b694                memmove
 .text._sbrk_r  0x0800b6c8       0x20 C:/ST/STM32CubeIDE_1.17.0/STM32CubeIDE/plugins/com.st.stm32cube.ide.mcu.externaltools.gnu-tools-for-stm32.12.3.rel1.win32_1.1.0.202410251130/tools/bin/../lib/gcc/arm-none-eabi/12.3.1/../../../../arm-none-eabi/lib/thumb/v7e-m+fp/hard\libc_nano.a(libc_a-sbrkr.o)
                0x0800b6c8                _sbrk_r
 .text._realloc_r
                0x0800b6e8       0x5c C:/ST/STM32CubeIDE_1.17.0/STM32CubeIDE/plugins/com.st.stm32cube.ide.mcu.externaltools.gnu-tools-for-stm32.12.3.rel1.win32_1.1.0.202410251130/tools/bin/../lib/gcc/arm-none-eabi/12.3.1/../../../../arm-none-eabi/lib/thumb/v7e-m+fp/hard\libc_nano.a(libc_a-reallocr.o)
                0x0800b6e8                _realloc_r
 .text._malloc_usable_size_r
                0x0800b744       0x10 C:/ST/STM32CubeIDE_1.17.0/STM32CubeIDE/plugins/com.st.stm32cube.ide.mcu.externaltools.gnu-tools-for-stm32.12.3.rel1.win32_1.1.0.202410251130/tools/bin/../lib/gcc/arm-none-eabi/12.3.1/../../../../arm-none-eabi/lib/thumb/v7e-m+fp/hard\libc_nano.a(libc_a-msizer.o)
                0x0800b744                _malloc_usable_size_r
 *(.glue_7)
 .glue_7        0x0800b754        0x0 linker stubs
 *(.glue_7t)
 .glue_7t       0x0800b754        0x0 linker stubs
 *(.eh_frame)
 .eh_frame      0x0800b754        0x0 C:/ST/STM32CubeIDE_1.17.0/STM32CubeIDE/plugins/com.st.stm32cube.ide.mcu.externaltools.gnu-tools-for-stm32.12.3.rel1.win32_1.1.0.202410251130/tools/bin/../lib/gcc/arm-none-eabi/12.3.1/thumb/v7e-m+fp/hard/crtbegin.o
 *(.init)
 .init          0x0800b754        0x4 C:/ST/STM32CubeIDE_1.17.0/STM32CubeIDE/plugins/com.st.stm32cube.ide.mcu.externaltools.gnu-tools-for-stm32.12.3.rel1.win32_1.1.0.202410251130/tools/bin/../lib/gcc/arm-none-eabi/12.3.1/thumb/v7e-m+fp/hard/crti.o
                0x0800b754                _init
 .init          0x0800b758        0x8 C:/ST/STM32CubeIDE_1.17.0/STM32CubeIDE/plugins/com.st.stm32cube.ide.mcu.externaltools.gnu-tools-for-stm32.12.3.rel1.win32_1.1.0.202410251130/tools/bin/../lib/gcc/arm-none-eabi/12.3.1/thumb/v7e-m+fp/hard/crtn.o
 *(.fini)
 .fini          0x0800b760        0x4 C:/ST/STM32CubeIDE_1.17.0/STM32CubeIDE/plugins/com.st.stm32cube.ide.mcu.externaltools.gnu-tools-for-stm32.12.3.rel1.win32_1.1.0.202410251130/tools/bin/../lib/gcc/arm-none-eabi/12.3.1/thumb/v7e-m+fp/hard/crti.o
                0x0800b760                _fini
 .fini          0x0800b764        0x8 C:/ST/STM32CubeIDE_1.17.0/STM32CubeIDE/plugins/com.st.stm32cube.ide.mcu.externaltools.gnu-tools-for-stm32.12.3.rel1.win32_1.1.0.202410251130/tools/bin/../lib/gcc/arm-none-eabi/12.3.1/thumb/v7e-m+fp/hard/crtn.o
                0x0800b76c                        . = ALIGN (0x4)
                0x0800b76c                        _etext = .

.vfp11_veneer   0x0800b76c        0x0
 .vfp11_veneer  0x0800b76c        0x0 linker stubs

.v4_bx          0x0800b76c        0x0
 .v4_bx         0x0800b76c        0x0 linker stubs

.iplt           0x0800b76c        0x0
 .iplt          0x0800b76c        0x0 C:/ST/STM32CubeIDE_1.17.0/STM32CubeIDE/plugins/com.st.stm32cube.ide.mcu.externaltools.gnu-tools-for-stm32.12.3.rel1.win32_1.1.0.202410251130/tools/bin/../lib/gcc/arm-none-eabi/12.3.1/thumb/v7e-m+fp/hard/crtbegin.o

.rodata         0x0800b76c      0x1d4
                0x0800b76c                        . = ALIGN (0x4)
 *(.rodata)
 .rodata        0x0800b76c       0x5d ./Core/Src/main.o
 *fill*         0x0800b7c9        0x3 
 .rodata        0x0800b7cc        0x5 ./Middlewares/Third_Party/FreeRTOS/Source/tasks.o
 *fill*         0x0800b7d1        0x3 
 .rodata        0x0800b7d4        0xd ./Middlewares/Third_Party/FreeRTOS/Source/timers.o
 *(.rodata*)
 *fill*         0x0800b7e1        0x3 
 .rodata.myLedTask_attributes
                0x0800b7e4       0x24 ./Core/Src/main.o
                0x0800b7e4                myLedTask_attributes
 .rodata.myUartSendTask_attributes
                0x0800b808       0x24 ./Core/Src/main.o
                0x0800b808                myUartSendTask_attributes
 .rodata.myUART_RX_TaskHandle_attributes
                0x0800b82c       0x24 ./Core/Src/main.o
                0x0800b82c                myUART_RX_TaskHandle_attributes
 .rodata.myADC_Cmd__TaskHandle_attributes
                0x0800b850       0x24 ./Core/Src/main.o
                0x0800b850                myADC_Cmd__TaskHandle_attributes
 .rodata.myDataQueue_attributes
                0x0800b874       0x18 ./Core/Src/main.o
                0x0800b874                myDataQueue_attributes
 .rodata.myBinarySem01_attributes
                0x0800b88c       0x10 ./Core/Src/main.o
                0x0800b88c                myBinarySem01_attributes
 .rodata.AHBPrescTable
                0x0800b89c       0x10 ./Core/Src/system_stm32l4xx.o
                0x0800b89c                AHBPrescTable
 .rodata.APBPrescTable
                0x0800b8ac        0x8 ./Core/Src/system_stm32l4xx.o
                0x0800b8ac                APBPrescTable
 .rodata.MSIRangeTable
                0x0800b8b4       0x30 ./Core/Src/system_stm32l4xx.o
                0x0800b8b4                MSIRangeTable
 .rodata.UARTPrescTable
                0x0800b8e4       0x18 ./Drivers/STM32L4xx_HAL_Driver/Src/stm32l4xx_hal_uart.o
                0x0800b8e4                UARTPrescTable
 .rodata.numerator.1
                0x0800b8fc        0x8 ./Drivers/STM32L4xx_HAL_Driver/Src/stm32l4xx_hal_uart_ex.o
 .rodata.denominator.0
                0x0800b904        0x8 ./Drivers/STM32L4xx_HAL_Driver/Src/stm32l4xx_hal_uart_ex.o
 .rodata._svfprintf_r.str1.1
                0x0800b90c       0x11 C:/ST/STM32CubeIDE_1.17.0/STM32CubeIDE/plugins/com.st.stm32cube.ide.mcu.externaltools.gnu-tools-for-stm32.12.3.rel1.win32_1.1.0.202410251130/tools/bin/../lib/gcc/arm-none-eabi/12.3.1/../../../../arm-none-eabi/lib/thumb/v7e-m+fp/hard\libc_nano.a(libc_a-nano-svfprintf.o)
 .rodata._printf_i.str1.1
                0x0800b91d       0x22 C:/ST/STM32CubeIDE_1.17.0/STM32CubeIDE/plugins/com.st.stm32cube.ide.mcu.externaltools.gnu-tools-for-stm32.12.3.rel1.win32_1.1.0.202410251130/tools/bin/../lib/gcc/arm-none-eabi/12.3.1/../../../../arm-none-eabi/lib/thumb/v7e-m+fp/hard\libc_nano.a(libc_a-nano-vfprintf_i.o)
                0x0800b940                        . = ALIGN (0x4)
 *fill*         0x0800b93f        0x1 

.ARM.extab      0x0800b940        0x0
                0x0800b940                        . = ALIGN (0x4)
 *(.ARM.extab* .gnu.linkonce.armextab.*)
                0x0800b940                        . = ALIGN (0x4)

.ARM            0x0800b940        0x8
                0x0800b940                        . = ALIGN (0x4)
                0x0800b940                        __exidx_start = .
 *(.ARM.exidx*)
 .ARM.exidx     0x0800b940        0x8 C:/ST/STM32CubeIDE_1.17.0/STM32CubeIDE/plugins/com.st.stm32cube.ide.mcu.externaltools.gnu-tools-for-stm32.12.3.rel1.win32_1.1.0.202410251130/tools/bin/../lib/gcc/arm-none-eabi/12.3.1/../../../../arm-none-eabi/lib/thumb/v7e-m+fp/hard\libc_nano.a(libc_a-memchr.o)
 .ARM.exidx     0x0800b948        0x0 C:/ST/STM32CubeIDE_1.17.0/STM32CubeIDE/plugins/com.st.stm32cube.ide.mcu.externaltools.gnu-tools-for-stm32.12.3.rel1.win32_1.1.0.202410251130/tools/bin/../lib/gcc/arm-none-eabi/12.3.1/thumb/v7e-m+fp/hard\libgcc.a(_udivmoddi4.o)
                                  0x8 (size before relaxing)
                0x0800b948                        __exidx_end = .
                0x0800b948                        . = ALIGN (0x4)

.rel.dyn        0x0800b948        0x0
 .rel.iplt      0x0800b948        0x0 C:/ST/STM32CubeIDE_1.17.0/STM32CubeIDE/plugins/com.st.stm32cube.ide.mcu.externaltools.gnu-tools-for-stm32.12.3.rel1.win32_1.1.0.202410251130/tools/bin/../lib/gcc/arm-none-eabi/12.3.1/thumb/v7e-m+fp/hard/crtbegin.o

.preinit_array  0x0800b948        0x0
                0x0800b948                        . = ALIGN (0x4)
                0x0800b948                        PROVIDE (__preinit_array_start = .)
 *(.preinit_array*)
                0x0800b948                        PROVIDE (__preinit_array_end = .)
                0x0800b948                        . = ALIGN (0x4)

.init_array     0x0800b948        0x4
                0x0800b948                        . = ALIGN (0x4)
                0x0800b948                        PROVIDE (__init_array_start = .)
 *(SORT_BY_NAME(.init_array.*))
 *(.init_array*)
 .init_array    0x0800b948        0x4 C:/ST/STM32CubeIDE_1.17.0/STM32CubeIDE/plugins/com.st.stm32cube.ide.mcu.externaltools.gnu-tools-for-stm32.12.3.rel1.win32_1.1.0.202410251130/tools/bin/../lib/gcc/arm-none-eabi/12.3.1/thumb/v7e-m+fp/hard/crtbegin.o
                0x0800b94c                        PROVIDE (__init_array_end = .)
                0x0800b94c                        . = ALIGN (0x4)

.fini_array     0x0800b94c        0x4
                0x0800b94c                        . = ALIGN (0x4)
                [!provide]                        PROVIDE (__fini_array_start = .)
 *(SORT_BY_NAME(.fini_array.*))
 *(.fini_array*)
 .fini_array    0x0800b94c        0x4 C:/ST/STM32CubeIDE_1.17.0/STM32CubeIDE/plugins/com.st.stm32cube.ide.mcu.externaltools.gnu-tools-for-stm32.12.3.rel1.win32_1.1.0.202410251130/tools/bin/../lib/gcc/arm-none-eabi/12.3.1/thumb/v7e-m+fp/hard/crtbegin.o
                [!provide]                        PROVIDE (__fini_array_end = .)
                0x0800b950                        . = ALIGN (0x4)
                0x0800b950                        _sidata = LOADADDR (.data)

.data           0x20000000       0x64 load address 0x0800b950
                0x20000000                        . = ALIGN (0x4)
                0x20000000                        _sdata = .
 *(.data)
 *(.data*)
 .data.acquisition_activated
                0x20000000        0x1 ./Core/Src/main.o
                0x20000000                acquisition_activated
 .data.queue_overflow_detected
                0x20000001        0x1 ./Core/Src/main.o
                0x20000001                queue_overflow_detected
 *fill*         0x20000002        0x2 
 .data.SystemCoreClock
                0x20000004        0x4 ./Core/Src/system_stm32l4xx.o
                0x20000004                SystemCoreClock
 .data.uwTickPrio
                0x20000008        0x4 ./Drivers/STM32L4xx_HAL_Driver/Src/stm32l4xx_hal.o
                0x20000008                uwTickPrio
 .data.uwTickFreq
                0x2000000c        0x1 ./Drivers/STM32L4xx_HAL_Driver/Src/stm32l4xx_hal.o
                0x2000000c                uwTickFreq
 *fill*         0x2000000d        0x3 
 .data.uxCriticalNesting
                0x20000010        0x4 ./Middlewares/Third_Party/FreeRTOS/Source/portable/GCC/ARM_CM4F/port.o
 .data._impure_ptr
                0x20000014        0x4 C:/ST/STM32CubeIDE_1.17.0/STM32CubeIDE/plugins/com.st.stm32cube.ide.mcu.externaltools.gnu-tools-for-stm32.12.3.rel1.win32_1.1.0.202410251130/tools/bin/../lib/gcc/arm-none-eabi/12.3.1/../../../../arm-none-eabi/lib/thumb/v7e-m+fp/hard\libc_nano.a(libc_a-impure.o)
                0x20000014                _impure_ptr
 .data._impure_data
                0x20000018       0x4c C:/ST/STM32CubeIDE_1.17.0/STM32CubeIDE/plugins/com.st.stm32cube.ide.mcu.externaltools.gnu-tools-for-stm32.12.3.rel1.win32_1.1.0.202410251130/tools/bin/../lib/gcc/arm-none-eabi/12.3.1/../../../../arm-none-eabi/lib/thumb/v7e-m+fp/hard\libc_nano.a(libc_a-impure.o)
                0x20000018                _impure_data
 *(.RamFunc)
 *(.RamFunc*)
                0x20000064                        . = ALIGN (0x4)
                0x20000064                        _edata = .

.igot.plt       0x20000064        0x0 load address 0x0800b9b4
 .igot.plt      0x20000064        0x0 C:/ST/STM32CubeIDE_1.17.0/STM32CubeIDE/plugins/com.st.stm32cube.ide.mcu.externaltools.gnu-tools-for-stm32.12.3.rel1.win32_1.1.0.202410251130/tools/bin/../lib/gcc/arm-none-eabi/12.3.1/thumb/v7e-m+fp/hard/crtbegin.o
                0x20000064                        . = ALIGN (0x4)

.bss            0x20000064     0x1fe8 load address 0x0800b9b4
                0x20000064                        _sbss = .
                0x20000064                        __bss_start__ = _sbss
 *(.bss)
 .bss           0x20000064       0x1c C:/ST/STM32CubeIDE_1.17.0/STM32CubeIDE/plugins/com.st.stm32cube.ide.mcu.externaltools.gnu-tools-for-stm32.12.3.rel1.win32_1.1.0.202410251130/tools/bin/../lib/gcc/arm-none-eabi/12.3.1/thumb/v7e-m+fp/hard/crtbegin.o
 *(.bss*)
 .bss.hadc1     0x20000080       0x68 ./Core/Src/main.o
                0x20000080                hadc1
 .bss.hdfsdm1_channel2
                0x200000e8       0x38 ./Core/Src/main.o
                0x200000e8                hdfsdm1_channel2
 .bss.hi2c1     0x20000120       0x54 ./Core/Src/main.o
                0x20000120                hi2c1
 .bss.hi2c2     0x20000174       0x54 ./Core/Src/main.o
                0x20000174                hi2c2
 .bss.hospi1    0x200001c8       0x50 ./Core/Src/main.o
                0x200001c8                hospi1
 .bss.hspi3     0x20000218       0x64 ./Core/Src/main.o
                0x20000218                hspi3
 .bss.huart4    0x2000027c       0x94 ./Core/Src/main.o
                0x2000027c                huart4
 .bss.huart1    0x20000310       0x94 ./Core/Src/main.o
                0x20000310                huart1
 .bss.huart2    0x200003a4       0x94 ./Core/Src/main.o
                0x200003a4                huart2
 .bss.huart3    0x20000438       0x94 ./Core/Src/main.o
                0x20000438                huart3
 .bss.myLedTaskHandle
                0x200004cc        0x4 ./Core/Src/main.o
                0x200004cc                myLedTaskHandle
 .bss.myUartSendTaskHandle
                0x200004d0        0x4 ./Core/Src/main.o
                0x200004d0                myUartSendTaskHandle
 .bss.myUART_RX_TaskHandle
                0x200004d4        0x4 ./Core/Src/main.o
                0x200004d4                myUART_RX_TaskHandle
 .bss.myADC_Cmd_TaskHandle
                0x200004d8        0x4 ./Core/Src/main.o
                0x200004d8                myADC_Cmd_TaskHandle
 .bss.myDataQueueHandle
                0x200004dc        0x4 ./Core/Src/main.o
                0x200004dc                myDataQueueHandle
 .bss.myBinarySem01Handle
                0x200004e0        0x4 ./Core/Src/main.o
                0x200004e0                myBinarySem01Handle
 .bss.led_1_2_state.0
                0x200004e4        0x1 ./Core/Src/main.o
 *fill*         0x200004e5        0x3 
 .bss.DFSDM1_Init
                0x200004e8        0x4 ./Core/Src/stm32l4xx_hal_msp.o
 .bss.htim6     0x200004ec       0x4c ./Core/Src/stm32l4xx_hal_timebase_tim.o
                0x200004ec                htim6
 .bss.__sbrk_heap_end
                0x20000538        0x4 ./Core/Src/sysmem.o
 .bss.uwTick    0x2000053c        0x4 ./Drivers/STM32L4xx_HAL_Driver/Src/stm32l4xx_hal.o
                0x2000053c                uwTick
 .bss.v_dfsdm1ChannelCounter
                0x20000540        0x4 ./Drivers/STM32L4xx_HAL_Driver/Src/stm32l4xx_hal_dfsdm.o
 .bss.a_dfsdm1ChannelHandle
                0x20000544       0x20 ./Drivers/STM32L4xx_HAL_Driver/Src/stm32l4xx_hal_dfsdm.o
 .bss.KernelState
                0x20000564        0x4 ./Middlewares/Third_Party/FreeRTOS/Source/CMSIS_RTOS_V2/cmsis_os2.o
 .bss.Idle_TCB.3
                0x20000568       0xa8 ./Middlewares/Third_Party/FreeRTOS/Source/CMSIS_RTOS_V2/cmsis_os2.o
 .bss.Idle_Stack.2
                0x20000610      0x200 ./Middlewares/Third_Party/FreeRTOS/Source/CMSIS_RTOS_V2/cmsis_os2.o
 .bss.Timer_TCB.1
                0x20000810       0xa8 ./Middlewares/Third_Party/FreeRTOS/Source/CMSIS_RTOS_V2/cmsis_os2.o
 .bss.Timer_Stack.0
                0x200008b8      0x400 ./Middlewares/Third_Party/FreeRTOS/Source/CMSIS_RTOS_V2/cmsis_os2.o
 .bss.xQueueRegistry
                0x20000cb8       0x40 ./Middlewares/Third_Party/FreeRTOS/Source/queue.o
                0x20000cb8                xQueueRegistry
 .bss.pxCurrentTCB
                0x20000cf8        0x4 ./Middlewares/Third_Party/FreeRTOS/Source/tasks.o
                0x20000cf8                pxCurrentTCB
 .bss.pxReadyTasksLists
                0x20000cfc      0x460 ./Middlewares/Third_Party/FreeRTOS/Source/tasks.o
 .bss.xDelayedTaskList1
                0x2000115c       0x14 ./Middlewares/Third_Party/FreeRTOS/Source/tasks.o
 .bss.xDelayedTaskList2
                0x20001170       0x14 ./Middlewares/Third_Party/FreeRTOS/Source/tasks.o
 .bss.pxDelayedTaskList
                0x20001184        0x4 ./Middlewares/Third_Party/FreeRTOS/Source/tasks.o
 .bss.pxOverflowDelayedTaskList
                0x20001188        0x4 ./Middlewares/Third_Party/FreeRTOS/Source/tasks.o
 .bss.xPendingReadyList
                0x2000118c       0x14 ./Middlewares/Third_Party/FreeRTOS/Source/tasks.o
 .bss.xTasksWaitingTermination
                0x200011a0       0x14 ./Middlewares/Third_Party/FreeRTOS/Source/tasks.o
 .bss.uxDeletedTasksWaitingCleanUp
                0x200011b4        0x4 ./Middlewares/Third_Party/FreeRTOS/Source/tasks.o
 .bss.xSuspendedTaskList
                0x200011b8       0x14 ./Middlewares/Third_Party/FreeRTOS/Source/tasks.o
 .bss.uxCurrentNumberOfTasks
                0x200011cc        0x4 ./Middlewares/Third_Party/FreeRTOS/Source/tasks.o
 .bss.xTickCount
                0x200011d0        0x4 ./Middlewares/Third_Party/FreeRTOS/Source/tasks.o
 .bss.uxTopReadyPriority
                0x200011d4        0x4 ./Middlewares/Third_Party/FreeRTOS/Source/tasks.o
 .bss.xSchedulerRunning
                0x200011d8        0x4 ./Middlewares/Third_Party/FreeRTOS/Source/tasks.o
 .bss.xPendedTicks
                0x200011dc        0x4 ./Middlewares/Third_Party/FreeRTOS/Source/tasks.o
 .bss.xYieldPending
                0x200011e0        0x4 ./Middlewares/Third_Party/FreeRTOS/Source/tasks.o
 .bss.xNumOfOverflows
                0x200011e4        0x4 ./Middlewares/Third_Party/FreeRTOS/Source/tasks.o
 .bss.uxTaskNumber
                0x200011e8        0x4 ./Middlewares/Third_Party/FreeRTOS/Source/tasks.o
 .bss.xNextTaskUnblockTime
                0x200011ec        0x4 ./Middlewares/Third_Party/FreeRTOS/Source/tasks.o
 .bss.xIdleTaskHandle
                0x200011f0        0x4 ./Middlewares/Third_Party/FreeRTOS/Source/tasks.o
 .bss.uxSchedulerSuspended
                0x200011f4        0x4 ./Middlewares/Third_Party/FreeRTOS/Source/tasks.o
 .bss.xActiveTimerList1
                0x200011f8       0x14 ./Middlewares/Third_Party/FreeRTOS/Source/timers.o
 .bss.xActiveTimerList2
                0x2000120c       0x14 ./Middlewares/Third_Party/FreeRTOS/Source/timers.o
 .bss.pxCurrentTimerList
                0x20001220        0x4 ./Middlewares/Third_Party/FreeRTOS/Source/timers.o
 .bss.pxOverflowTimerList
                0x20001224        0x4 ./Middlewares/Third_Party/FreeRTOS/Source/timers.o
 .bss.xTimerQueue
                0x20001228        0x4 ./Middlewares/Third_Party/FreeRTOS/Source/timers.o
 .bss.xTimerTaskHandle
                0x2000122c        0x4 ./Middlewares/Third_Party/FreeRTOS/Source/timers.o
 .bss.xLastTime.2
                0x20001230        0x4 ./Middlewares/Third_Party/FreeRTOS/Source/timers.o
 .bss.ucStaticTimerQueueStorage.1
                0x20001234       0xa0 ./Middlewares/Third_Party/FreeRTOS/Source/timers.o
 .bss.xStaticTimerQueue.0
                0x200012d4       0x50 ./Middlewares/Third_Party/FreeRTOS/Source/timers.o
 .bss.ucMaxSysCallPriority
                0x20001324        0x1 ./Middlewares/Third_Party/FreeRTOS/Source/portable/GCC/ARM_CM4F/port.o
 *fill*         0x20001325        0x3 
 .bss.ulMaxPRIGROUPValue
                0x20001328        0x4 ./Middlewares/Third_Party/FreeRTOS/Source/portable/GCC/ARM_CM4F/port.o
 .bss.ucHeap    0x2000132c      0xbb8 ./Middlewares/Third_Party/FreeRTOS/Source/portable/MemMang/heap_4.o
 .bss.xStart    0x20001ee4        0x8 ./Middlewares/Third_Party/FreeRTOS/Source/portable/MemMang/heap_4.o
 .bss.pxEnd     0x20001eec        0x4 ./Middlewares/Third_Party/FreeRTOS/Source/portable/MemMang/heap_4.o
 .bss.xFreeBytesRemaining
                0x20001ef0        0x4 ./Middlewares/Third_Party/FreeRTOS/Source/portable/MemMang/heap_4.o
 .bss.xMinimumEverFreeBytesRemaining
                0x20001ef4        0x4 ./Middlewares/Third_Party/FreeRTOS/Source/portable/MemMang/heap_4.o
 .bss.xNumberOfSuccessfulAllocations
                0x20001ef8        0x4 ./Middlewares/Third_Party/FreeRTOS/Source/portable/MemMang/heap_4.o
 .bss.xNumberOfSuccessfulFrees
                0x20001efc        0x4 ./Middlewares/Third_Party/FreeRTOS/Source/portable/MemMang/heap_4.o
 .bss.xBlockAllocatedBit
                0x20001f00        0x4 ./Middlewares/Third_Party/FreeRTOS/Source/portable/MemMang/heap_4.o
 .bss.__sf      0x20001f04      0x138 C:/ST/STM32CubeIDE_1.17.0/STM32CubeIDE/plugins/com.st.stm32cube.ide.mcu.externaltools.gnu-tools-for-stm32.12.3.rel1.win32_1.1.0.202410251130/tools/bin/../lib/gcc/arm-none-eabi/12.3.1/../../../../arm-none-eabi/lib/thumb/v7e-m+fp/hard\libc_nano.a(libc_a-findfp.o)
                0x20001f04                __sf
 .bss.errno     0x2000203c        0x4 C:/ST/STM32CubeIDE_1.17.0/STM32CubeIDE/plugins/com.st.stm32cube.ide.mcu.externaltools.gnu-tools-for-stm32.12.3.rel1.win32_1.1.0.202410251130/tools/bin/../lib/gcc/arm-none-eabi/12.3.1/../../../../arm-none-eabi/lib/thumb/v7e-m+fp/hard\libc_nano.a(libc_a-reent.o)
                0x2000203c                errno
 .bss.__lock___malloc_recursive_mutex
                0x20002040        0x1 C:/ST/STM32CubeIDE_1.17.0/STM32CubeIDE/plugins/com.st.stm32cube.ide.mcu.externaltools.gnu-tools-for-stm32.12.3.rel1.win32_1.1.0.202410251130/tools/bin/../lib/gcc/arm-none-eabi/12.3.1/../../../../arm-none-eabi/lib/thumb/v7e-m+fp/hard\libc_nano.a(libc_a-lock.o)
                0x20002040                __lock___malloc_recursive_mutex
 *fill*         0x20002041        0x3 
 .bss.__malloc_sbrk_start
                0x20002044        0x4 C:/ST/STM32CubeIDE_1.17.0/STM32CubeIDE/plugins/com.st.stm32cube.ide.mcu.externaltools.gnu-tools-for-stm32.12.3.rel1.win32_1.1.0.202410251130/tools/bin/../lib/gcc/arm-none-eabi/12.3.1/../../../../arm-none-eabi/lib/thumb/v7e-m+fp/hard\libc_nano.a(libc_a-mallocr.o)
                0x20002044                __malloc_sbrk_start
 .bss.__malloc_free_list
                0x20002048        0x4 C:/ST/STM32CubeIDE_1.17.0/STM32CubeIDE/plugins/com.st.stm32cube.ide.mcu.externaltools.gnu-tools-for-stm32.12.3.rel1.win32_1.1.0.202410251130/tools/bin/../lib/gcc/arm-none-eabi/12.3.1/../../../../arm-none-eabi/lib/thumb/v7e-m+fp/hard\libc_nano.a(libc_a-mallocr.o)
                0x20002048                __malloc_free_list
 *(COMMON)
                0x2000204c                        . = ALIGN (0x4)
                0x2000204c                        _ebss = .
                0x2000204c                        __bss_end__ = _ebss

._user_heap_stack
                0x2000204c      0x604 load address 0x0800b9b4
                0x20002050                        . = ALIGN (0x8)
 *fill*         0x2000204c        0x4 
                [!provide]                        PROVIDE (end = .)
                0x20002050                        PROVIDE (_end = .)
                0x20002250                        . = (. + _Min_Heap_Size)
 *fill*         0x20002050      0x200 
                0x20002650                        . = (. + _Min_Stack_Size)
 *fill*         0x20002250      0x400 
                0x20002650                        . = ALIGN (0x8)

/DISCARD/
 libc.a(*)
 libm.a(*)
 libgcc.a(*)

.ARM.attributes
                0x00000000       0x30
 *(.ARM.attributes)
 .ARM.attributes
                0x00000000       0x22 C:/ST/STM32CubeIDE_1.17.0/STM32CubeIDE/plugins/com.st.stm32cube.ide.mcu.externaltools.gnu-tools-for-stm32.12.3.rel1.win32_1.1.0.202410251130/tools/bin/../lib/gcc/arm-none-eabi/12.3.1/thumb/v7e-m+fp/hard/crti.o
 .ARM.attributes
                0x00000022       0x34 C:/ST/STM32CubeIDE_1.17.0/STM32CubeIDE/plugins/com.st.stm32cube.ide.mcu.externaltools.gnu-tools-for-stm32.12.3.rel1.win32_1.1.0.202410251130/tools/bin/../lib/gcc/arm-none-eabi/12.3.1/thumb/v7e-m+fp/hard/crtbegin.o
 .ARM.attributes
                0x00000056       0x34 ./Core/Src/main.o
 .ARM.attributes
                0x0000008a       0x34 ./Core/Src/stm32l4xx_hal_msp.o
 .ARM.attributes
                0x000000be       0x34 ./Core/Src/stm32l4xx_hal_timebase_tim.o
 .ARM.attributes
                0x000000f2       0x34 ./Core/Src/stm32l4xx_it.o
 .ARM.attributes
                0x00000126       0x34 ./Core/Src/sysmem.o
 .ARM.attributes
                0x0000015a       0x34 ./Core/Src/system_stm32l4xx.o
 .ARM.attributes
                0x0000018e       0x21 ./Core/Startup/startup_stm32l4s5vitx.o
 .ARM.attributes
                0x000001af       0x34 ./Drivers/STM32L4xx_HAL_Driver/Src/stm32l4xx_hal.o
 .ARM.attributes
                0x000001e3       0x34 ./Drivers/STM32L4xx_HAL_Driver/Src/stm32l4xx_hal_adc.o
 .ARM.attributes
                0x00000217       0x34 ./Drivers/STM32L4xx_HAL_Driver/Src/stm32l4xx_hal_cortex.o
 .ARM.attributes
                0x0000024b       0x34 ./Drivers/STM32L4xx_HAL_Driver/Src/stm32l4xx_hal_dfsdm.o
 .ARM.attributes
                0x0000027f       0x34 ./Drivers/STM32L4xx_HAL_Driver/Src/stm32l4xx_hal_gpio.o
 .ARM.attributes
                0x000002b3       0x34 ./Drivers/STM32L4xx_HAL_Driver/Src/stm32l4xx_hal_i2c.o
 .ARM.attributes
                0x000002e7       0x34 ./Drivers/STM32L4xx_HAL_Driver/Src/stm32l4xx_hal_i2c_ex.o
 .ARM.attributes
                0x0000031b       0x34 ./Drivers/STM32L4xx_HAL_Driver/Src/stm32l4xx_hal_ospi.o
 .ARM.attributes
                0x0000034f       0x34 ./Drivers/STM32L4xx_HAL_Driver/Src/stm32l4xx_hal_pwr.o
 .ARM.attributes
                0x00000383       0x34 ./Drivers/STM32L4xx_HAL_Driver/Src/stm32l4xx_hal_pwr_ex.o
 .ARM.attributes
                0x000003b7       0x34 ./Drivers/STM32L4xx_HAL_Driver/Src/stm32l4xx_hal_rcc.o
 .ARM.attributes
                0x000003eb       0x34 ./Drivers/STM32L4xx_HAL_Driver/Src/stm32l4xx_hal_rcc_ex.o
 .ARM.attributes
                0x0000041f       0x34 ./Drivers/STM32L4xx_HAL_Driver/Src/stm32l4xx_hal_spi.o
 .ARM.attributes
                0x00000453       0x34 ./Drivers/STM32L4xx_HAL_Driver/Src/stm32l4xx_hal_tim.o
 .ARM.attributes
                0x00000487       0x34 ./Drivers/STM32L4xx_HAL_Driver/Src/stm32l4xx_hal_tim_ex.o
 .ARM.attributes
                0x000004bb       0x34 ./Drivers/STM32L4xx_HAL_Driver/Src/stm32l4xx_hal_uart.o
 .ARM.attributes
                0x000004ef       0x34 ./Drivers/STM32L4xx_HAL_Driver/Src/stm32l4xx_hal_uart_ex.o
 .ARM.attributes
                0x00000523       0x34 ./Middlewares/Third_Party/FreeRTOS/Source/CMSIS_RTOS_V2/cmsis_os2.o
 .ARM.attributes
                0x00000557       0x34 ./Middlewares/Third_Party/FreeRTOS/Source/list.o
 .ARM.attributes
                0x0000058b       0x34 ./Middlewares/Third_Party/FreeRTOS/Source/queue.o
 .ARM.attributes
                0x000005bf       0x34 ./Middlewares/Third_Party/FreeRTOS/Source/tasks.o
 .ARM.attributes
                0x000005f3       0x34 ./Middlewares/Third_Party/FreeRTOS/Source/timers.o
 .ARM.attributes
                0x00000627       0x34 ./Middlewares/Third_Party/FreeRTOS/Source/portable/GCC/ARM_CM4F/port.o
 .ARM.attributes
                0x0000065b       0x34 ./Middlewares/Third_Party/FreeRTOS/Source/portable/MemMang/heap_4.o
 .ARM.attributes
                0x0000068f       0x34 C:/ST/STM32CubeIDE_1.17.0/STM32CubeIDE/plugins/com.st.stm32cube.ide.mcu.externaltools.gnu-tools-for-stm32.12.3.rel1.win32_1.1.0.202410251130/tools/bin/../lib/gcc/arm-none-eabi/12.3.1/../../../../arm-none-eabi/lib/thumb/v7e-m+fp/hard\libc_nano.a(libc_a-findfp.o)
 .ARM.attributes
                0x000006c3       0x34 C:/ST/STM32CubeIDE_1.17.0/STM32CubeIDE/plugins/com.st.stm32cube.ide.mcu.externaltools.gnu-tools-for-stm32.12.3.rel1.win32_1.1.0.202410251130/tools/bin/../lib/gcc/arm-none-eabi/12.3.1/../../../../arm-none-eabi/lib/thumb/v7e-m+fp/hard\libc_nano.a(libc_a-sprintf.o)
 .ARM.attributes
                0x000006f7       0x34 C:/ST/STM32CubeIDE_1.17.0/STM32CubeIDE/plugins/com.st.stm32cube.ide.mcu.externaltools.gnu-tools-for-stm32.12.3.rel1.win32_1.1.0.202410251130/tools/bin/../lib/gcc/arm-none-eabi/12.3.1/../../../../arm-none-eabi/lib/thumb/v7e-m+fp/hard\libc_nano.a(libc_a-memset.o)
 .ARM.attributes
                0x0000072b       0x34 C:/ST/STM32CubeIDE_1.17.0/STM32CubeIDE/plugins/com.st.stm32cube.ide.mcu.externaltools.gnu-tools-for-stm32.12.3.rel1.win32_1.1.0.202410251130/tools/bin/../lib/gcc/arm-none-eabi/12.3.1/../../../../arm-none-eabi/lib/thumb/v7e-m+fp/hard\libc_nano.a(libc_a-reent.o)
 .ARM.attributes
                0x0000075f       0x34 C:/ST/STM32CubeIDE_1.17.0/STM32CubeIDE/plugins/com.st.stm32cube.ide.mcu.externaltools.gnu-tools-for-stm32.12.3.rel1.win32_1.1.0.202410251130/tools/bin/../lib/gcc/arm-none-eabi/12.3.1/../../../../arm-none-eabi/lib/thumb/v7e-m+fp/hard\libc_nano.a(libc_a-impure.o)
 .ARM.attributes
                0x00000793       0x34 C:/ST/STM32CubeIDE_1.17.0/STM32CubeIDE/plugins/com.st.stm32cube.ide.mcu.externaltools.gnu-tools-for-stm32.12.3.rel1.win32_1.1.0.202410251130/tools/bin/../lib/gcc/arm-none-eabi/12.3.1/../../../../arm-none-eabi/lib/thumb/v7e-m+fp/hard\libc_nano.a(libc_a-errno.o)
 .ARM.attributes
                0x000007c7       0x34 C:/ST/STM32CubeIDE_1.17.0/STM32CubeIDE/plugins/com.st.stm32cube.ide.mcu.externaltools.gnu-tools-for-stm32.12.3.rel1.win32_1.1.0.202410251130/tools/bin/../lib/gcc/arm-none-eabi/12.3.1/../../../../arm-none-eabi/lib/thumb/v7e-m+fp/hard\libc_nano.a(libc_a-init.o)
 .ARM.attributes
                0x000007fb       0x34 C:/ST/STM32CubeIDE_1.17.0/STM32CubeIDE/plugins/com.st.stm32cube.ide.mcu.externaltools.gnu-tools-for-stm32.12.3.rel1.win32_1.1.0.202410251130/tools/bin/../lib/gcc/arm-none-eabi/12.3.1/../../../../arm-none-eabi/lib/thumb/v7e-m+fp/hard\libc_nano.a(libc_a-lock.o)
 .ARM.attributes
                0x0000082f       0x34 C:/ST/STM32CubeIDE_1.17.0/STM32CubeIDE/plugins/com.st.stm32cube.ide.mcu.externaltools.gnu-tools-for-stm32.12.3.rel1.win32_1.1.0.202410251130/tools/bin/../lib/gcc/arm-none-eabi/12.3.1/../../../../arm-none-eabi/lib/thumb/v7e-m+fp/hard\libc_nano.a(libc_a-memcpy-stub.o)
 .ARM.attributes
                0x00000863       0x34 C:/ST/STM32CubeIDE_1.17.0/STM32CubeIDE/plugins/com.st.stm32cube.ide.mcu.externaltools.gnu-tools-for-stm32.12.3.rel1.win32_1.1.0.202410251130/tools/bin/../lib/gcc/arm-none-eabi/12.3.1/../../../../arm-none-eabi/lib/thumb/v7e-m+fp/hard\libc_nano.a(libc_a-freer.o)
 .ARM.attributes
                0x00000897       0x34 C:/ST/STM32CubeIDE_1.17.0/STM32CubeIDE/plugins/com.st.stm32cube.ide.mcu.externaltools.gnu-tools-for-stm32.12.3.rel1.win32_1.1.0.202410251130/tools/bin/../lib/gcc/arm-none-eabi/12.3.1/../../../../arm-none-eabi/lib/thumb/v7e-m+fp/hard\libc_nano.a(libc_a-mallocr.o)
 .ARM.attributes
                0x000008cb       0x34 C:/ST/STM32CubeIDE_1.17.0/STM32CubeIDE/plugins/com.st.stm32cube.ide.mcu.externaltools.gnu-tools-for-stm32.12.3.rel1.win32_1.1.0.202410251130/tools/bin/../lib/gcc/arm-none-eabi/12.3.1/../../../../arm-none-eabi/lib/thumb/v7e-m+fp/hard\libc_nano.a(libc_a-mlock.o)
 .ARM.attributes
                0x000008ff       0x34 C:/ST/STM32CubeIDE_1.17.0/STM32CubeIDE/plugins/com.st.stm32cube.ide.mcu.externaltools.gnu-tools-for-stm32.12.3.rel1.win32_1.1.0.202410251130/tools/bin/../lib/gcc/arm-none-eabi/12.3.1/../../../../arm-none-eabi/lib/thumb/v7e-m+fp/hard\libc_nano.a(libc_a-nano-svfprintf.o)
 .ARM.attributes
                0x00000933       0x34 C:/ST/STM32CubeIDE_1.17.0/STM32CubeIDE/plugins/com.st.stm32cube.ide.mcu.externaltools.gnu-tools-for-stm32.12.3.rel1.win32_1.1.0.202410251130/tools/bin/../lib/gcc/arm-none-eabi/12.3.1/../../../../arm-none-eabi/lib/thumb/v7e-m+fp/hard\libc_nano.a(libc_a-nano-vfprintf_i.o)
 .ARM.attributes
                0x00000967       0x34 C:/ST/STM32CubeIDE_1.17.0/STM32CubeIDE/plugins/com.st.stm32cube.ide.mcu.externaltools.gnu-tools-for-stm32.12.3.rel1.win32_1.1.0.202410251130/tools/bin/../lib/gcc/arm-none-eabi/12.3.1/../../../../arm-none-eabi/lib/thumb/v7e-m+fp/hard\libc_nano.a(libc_a-memmove.o)
 .ARM.attributes
                0x0000099b       0x34 C:/ST/STM32CubeIDE_1.17.0/STM32CubeIDE/plugins/com.st.stm32cube.ide.mcu.externaltools.gnu-tools-for-stm32.12.3.rel1.win32_1.1.0.202410251130/tools/bin/../lib/gcc/arm-none-eabi/12.3.1/../../../../arm-none-eabi/lib/thumb/v7e-m+fp/hard\libc_nano.a(libc_a-sbrkr.o)
 .ARM.attributes
                0x000009cf       0x1c C:/ST/STM32CubeIDE_1.17.0/STM32CubeIDE/plugins/com.st.stm32cube.ide.mcu.externaltools.gnu-tools-for-stm32.12.3.rel1.win32_1.1.0.202410251130/tools/bin/../lib/gcc/arm-none-eabi/12.3.1/../../../../arm-none-eabi/lib/thumb/v7e-m+fp/hard\libc_nano.a(libc_a-memchr.o)
 .ARM.attributes
                0x000009eb       0x34 C:/ST/STM32CubeIDE_1.17.0/STM32CubeIDE/plugins/com.st.stm32cube.ide.mcu.externaltools.gnu-tools-for-stm32.12.3.rel1.win32_1.1.0.202410251130/tools/bin/../lib/gcc/arm-none-eabi/12.3.1/../../../../arm-none-eabi/lib/thumb/v7e-m+fp/hard\libc_nano.a(libc_a-reallocr.o)
 .ARM.attributes
                0x00000a1f       0x34 C:/ST/STM32CubeIDE_1.17.0/STM32CubeIDE/plugins/com.st.stm32cube.ide.mcu.externaltools.gnu-tools-for-stm32.12.3.rel1.win32_1.1.0.202410251130/tools/bin/../lib/gcc/arm-none-eabi/12.3.1/../../../../arm-none-eabi/lib/thumb/v7e-m+fp/hard\libc_nano.a(libc_a-msizer.o)
 .ARM.attributes
                0x00000a53       0x22 C:/ST/STM32CubeIDE_1.17.0/STM32CubeIDE/plugins/com.st.stm32cube.ide.mcu.externaltools.gnu-tools-for-stm32.12.3.rel1.win32_1.1.0.202410251130/tools/bin/../lib/gcc/arm-none-eabi/12.3.1/thumb/v7e-m+fp/hard\libgcc.a(_aeabi_uldivmod.o)
 .ARM.attributes
                0x00000a75       0x34 C:/ST/STM32CubeIDE_1.17.0/STM32CubeIDE/plugins/com.st.stm32cube.ide.mcu.externaltools.gnu-tools-for-stm32.12.3.rel1.win32_1.1.0.202410251130/tools/bin/../lib/gcc/arm-none-eabi/12.3.1/thumb/v7e-m+fp/hard\libgcc.a(_udivmoddi4.o)
 .ARM.attributes
                0x00000aa9       0x22 C:/ST/STM32CubeIDE_1.17.0/STM32CubeIDE/plugins/com.st.stm32cube.ide.mcu.externaltools.gnu-tools-for-stm32.12.3.rel1.win32_1.1.0.202410251130/tools/bin/../lib/gcc/arm-none-eabi/12.3.1/thumb/v7e-m+fp/hard\libgcc.a(_dvmd_tls.o)
 .ARM.attributes
                0x00000acb       0x22 C:/ST/STM32CubeIDE_1.17.0/STM32CubeIDE/plugins/com.st.stm32cube.ide.mcu.externaltools.gnu-tools-for-stm32.12.3.rel1.win32_1.1.0.202410251130/tools/bin/../lib/gcc/arm-none-eabi/12.3.1/thumb/v7e-m+fp/hard/crtn.o
OUTPUT(DEMO_FREERTOS.elf elf32-littlearm)
LOAD linker stubs
LOAD C:/ST/STM32CubeIDE_1.17.0/STM32CubeIDE/plugins/com.st.stm32cube.ide.mcu.externaltools.gnu-tools-for-stm32.12.3.rel1.win32_1.1.0.202410251130/tools/bin/../lib/gcc/arm-none-eabi/12.3.1/../../../../arm-none-eabi/lib/thumb/v7e-m+fp/hard\libc.a
LOAD C:/ST/STM32CubeIDE_1.17.0/STM32CubeIDE/plugins/com.st.stm32cube.ide.mcu.externaltools.gnu-tools-for-stm32.12.3.rel1.win32_1.1.0.202410251130/tools/bin/../lib/gcc/arm-none-eabi/12.3.1/../../../../arm-none-eabi/lib/thumb/v7e-m+fp/hard\libm.a
LOAD C:/ST/STM32CubeIDE_1.17.0/STM32CubeIDE/plugins/com.st.stm32cube.ide.mcu.externaltools.gnu-tools-for-stm32.12.3.rel1.win32_1.1.0.202410251130/tools/bin/../lib/gcc/arm-none-eabi/12.3.1/thumb/v7e-m+fp/hard\libgcc.a

.debug_info     0x00000000    0x2a6c9
 .debug_info    0x00000000     0x32e5 ./Core/Src/main.o
 .debug_info    0x000032e5     0x24f7 ./Core/Src/stm32l4xx_hal_msp.o
 .debug_info    0x000057dc      0xdfd ./Core/Src/stm32l4xx_hal_timebase_tim.o
 .debug_info    0x000065d9      0x83f ./Core/Src/stm32l4xx_it.o
 .debug_info    0x00006e18      0x168 ./Core/Src/sysmem.o
 .debug_info    0x00006f80      0x5e9 ./Core/Src/system_stm32l4xx.o