Archive member included to satisfy reference by file (symbol)

C:/ST/STM32CubeIDE_1.17.0/STM32CubeIDE/plugins/com.st.stm32cube.ide.mcu.externaltools.gnu-tools-for-stm32.12.3.rel1.win32_1.1.0.202410251130/tools/bin/../lib/gcc/arm-none-eabi/12.3.1/../../../../arm-none-eabi/lib/thumb/v7e-m+fp/hard\libc_nano.a(libc_a-exit.o)
                              C:/ST/STM32CubeIDE_1.17.0/STM32CubeIDE/plugins/com.st.stm32cube.ide.mcu.externaltools.gnu-tools-for-stm32.12.3.rel1.win32_1.1.0.202410251130/tools/bin/../lib/gcc/arm-none-eabi/12.3.1/../../../../arm-none-eabi/lib/thumb/v7e-m+fp/hard/crt0.o (exit)
C:/ST/STM32CubeIDE_1.17.0/STM32CubeIDE/plugins/com.st.stm32cube.ide.mcu.externaltools.gnu-tools-for-stm32.12.3.rel1.win32_1.1.0.202410251130/tools/bin/../lib/gcc/arm-none-eabi/12.3.1/../../../../arm-none-eabi/lib/thumb/v7e-m+fp/hard\libc_nano.a(libc_a-findfp.o)
                              ./Middlewares/Third_Party/FreeRTOS/Source/tasks.o (__sf)
C:/ST/STM32CubeIDE_1.17.0/STM32CubeIDE/plugins/com.st.stm32cube.ide.mcu.externaltools.gnu-tools-for-stm32.12.3.rel1.win32_1.1.0.202410251130/tools/bin/../lib/gcc/arm-none-eabi/12.3.1/../../../../arm-none-eabi/lib/thumb/v7e-m+fp/hard\libc_nano.a(libc_a-fwalk.o)
                              C:/ST/STM32CubeIDE_1.17.0/STM32CubeIDE/plugins/com.st.stm32cube.ide.mcu.externaltools.gnu-tools-for-stm32.12.3.rel1.win32_1.1.0.202410251130/tools/bin/../lib/gcc/arm-none-eabi/12.3.1/../../../../arm-none-eabi/lib/thumb/v7e-m+fp/hard\libc_nano.a(libc_a-findfp.o) (_fwalk_sglue)
C:/ST/STM32CubeIDE_1.17.0/STM32CubeIDE/plugins/com.st.stm32cube.ide.mcu.externaltools.gnu-tools-for-stm32.12.3.rel1.win32_1.1.0.202410251130/tools/bin/../lib/gcc/arm-none-eabi/12.3.1/../../../../arm-none-eabi/lib/thumb/v7e-m+fp/hard\libc_nano.a(libc_a-sprintf.o)
                              ./Core/Src/main.o (sprintf)
C:/ST/STM32CubeIDE_1.17.0/STM32CubeIDE/plugins/com.st.stm32cube.ide.mcu.externaltools.gnu-tools-for-stm32.12.3.rel1.win32_1.1.0.202410251130/tools/bin/../lib/gcc/arm-none-eabi/12.3.1/../../../../arm-none-eabi/lib/thumb/v7e-m+fp/hard\libc_nano.a(libc_a-stdio.o)
                              C:/ST/STM32CubeIDE_1.17.0/STM32CubeIDE/plugins/com.st.stm32cube.ide.mcu.externaltools.gnu-tools-for-stm32.12.3.rel1.win32_1.1.0.202410251130/tools/bin/../lib/gcc/arm-none-eabi/12.3.1/../../../../arm-none-eabi/lib/thumb/v7e-m+fp/hard\libc_nano.a(libc_a-findfp.o) (__sread)
C:/ST/STM32CubeIDE_1.17.0/STM32CubeIDE/plugins/com.st.stm32cube.ide.mcu.externaltools.gnu-tools-for-stm32.12.3.rel1.win32_1.1.0.202410251130/tools/bin/../lib/gcc/arm-none-eabi/12.3.1/../../../../arm-none-eabi/lib/thumb/v7e-m+fp/hard\libc_nano.a(libc_a-memset.o)
                              C:/ST/STM32CubeIDE_1.17.0/STM32CubeIDE/plugins/com.st.stm32cube.ide.mcu.externaltools.gnu-tools-for-stm32.12.3.rel1.win32_1.1.0.202410251130/tools/bin/../lib/gcc/arm-none-eabi/12.3.1/../../../../arm-none-eabi/lib/thumb/v7e-m+fp/hard/crt0.o (memset)
C:/ST/STM32CubeIDE_1.17.0/STM32CubeIDE/plugins/com.st.stm32cube.ide.mcu.externaltools.gnu-tools-for-stm32.12.3.rel1.win32_1.1.0.202410251130/tools/bin/../lib/gcc/arm-none-eabi/12.3.1/../../../../arm-none-eabi/lib/thumb/v7e-m+fp/hard\libc_nano.a(libc_a-closer.o)
                              C:/ST/STM32CubeIDE_1.17.0/STM32CubeIDE/plugins/com.st.stm32cube.ide.mcu.externaltools.gnu-tools-for-stm32.12.3.rel1.win32_1.1.0.202410251130/tools/bin/../lib/gcc/arm-none-eabi/12.3.1/../../../../arm-none-eabi/lib/thumb/v7e-m+fp/hard\libc_nano.a(libc_a-stdio.o) (_close_r)
C:/ST/STM32CubeIDE_1.17.0/STM32CubeIDE/plugins/com.st.stm32cube.ide.mcu.externaltools.gnu-tools-for-stm32.12.3.rel1.win32_1.1.0.202410251130/tools/bin/../lib/gcc/arm-none-eabi/12.3.1/../../../../arm-none-eabi/lib/thumb/v7e-m+fp/hard\libc_nano.a(libc_a-reent.o)
                              ./Middlewares/Third_Party/FreeRTOS/Source/tasks.o (_reclaim_reent)
C:/ST/STM32CubeIDE_1.17.0/STM32CubeIDE/plugins/com.st.stm32cube.ide.mcu.externaltools.gnu-tools-for-stm32.12.3.rel1.win32_1.1.0.202410251130/tools/bin/../lib/gcc/arm-none-eabi/12.3.1/../../../../arm-none-eabi/lib/thumb/v7e-m+fp/hard\libc_nano.a(libc_a-impure.o)
                              ./Middlewares/Third_Party/FreeRTOS/Source/tasks.o (_impure_ptr)
C:/ST/STM32CubeIDE_1.17.0/STM32CubeIDE/plugins/com.st.stm32cube.ide.mcu.externaltools.gnu-tools-for-stm32.12.3.rel1.win32_1.1.0.202410251130/tools/bin/../lib/gcc/arm-none-eabi/12.3.1/../../../../arm-none-eabi/lib/thumb/v7e-m+fp/hard\libc_nano.a(libc_a-lseekr.o)
                              C:/ST/STM32CubeIDE_1.17.0/STM32CubeIDE/plugins/com.st.stm32cube.ide.mcu.externaltools.gnu-tools-for-stm32.12.3.rel1.win32_1.1.0.202410251130/tools/bin/../lib/gcc/arm-none-eabi/12.3.1/../../../../arm-none-eabi/lib/thumb/v7e-m+fp/hard\libc_nano.a(libc_a-stdio.o) (_lseek_r)
[...]
Memory Configuration

Name             Origin             Length             Attributes
RAM              0x20000000         0x000a0000         xrw
RAM2             0x10000000         0x00010000         xrw
RAM3             0x20040000         0x00060000         xrw
FLASH            0x08000000         0x00200000         xr
*default*        0x00000000         0xffffffff

Linker script and memory map

LOAD C:/ST/STM32CubeIDE_1.17.0/STM32CubeIDE/plugins/com.st.stm32cube.ide.mcu.externaltools.gnu-tools-for-stm32.12.3.rel1.win32_1.1.0.202410251130/tools/bin/../lib/gcc/arm-none-eabi/12.3.1/thumb/v7e-m+fp/hard/crti.o
LOAD C:/ST/STM32CubeIDE_1.17.0/STM32CubeIDE/plugins/com.st.stm32cube.ide.mcu.externaltools.gnu-tools-for-stm32.12.3.rel1.win32_1.1.0.202410251130/tools/bin/../lib/gcc/arm-none-eabi/12.3.1/thumb/v7e-m+fp/hard/crtbegin.o
LOAD C:/ST/STM32CubeIDE_1.17.0/STM32CubeIDE/plugins/com.st.stm32cube.ide.mcu.externaltools.gnu-tools-for-stm32.12.3.rel1.win32_1.1.0.202410251130/tools/bin/../lib/gcc/arm-none-eabi/12.3.1/../../../../arm-none-eabi/lib/thumb/v7e-m+fp/hard/crt0.o
LOAD ./Core/Src/freertos.o
LOAD ./Core/Src/main.o
LOAD ./Core/Src/stm32l4xx_hal_msp.o
LOAD ./Core/Src/stm32l4xx_hal_timebase_tim.o
LOAD ./Core/Src/stm32l4xx_it.o
LOAD ./Core/Src/syscalls.o
LOAD ./Core/Src/sysmem.o
LOAD ./Core/Src/system_stm32l4xx.o
LOAD ./Core/Startup/startup_stm32l4s5vitx.o
LOAD ./Drivers/BSP/B-L4S5I-IOT01/stm32l4s5i_iot01.o
LOAD ./Drivers/BSP/B-L4S5I-IOT01/stm32l4s5i_iot01_tsensor.o
LOAD ./Drivers/BSP/Components/hts221/hts221.o
LOAD ./Drivers/BSP/Components/lis3mdl/lis3mdl.o
LOAD ./Drivers/BSP/Components/lps22hb/lps22hb.o
LOAD ./Drivers/BSP/Components/lsm6dsl/lsm6dsl.o
LOAD ./Drivers/BSP/Components/st25dv/st25dv.o
LOAD ./Drivers/BSP/Components/st25dv/st25dv_reg.o
LOAD ./Drivers/STM32L4xx_HAL_Driver/Src/stm32l4xx_hal.o
LOAD ./Drivers/STM32L4xx_HAL_Driver/Src/stm32l4xx_hal_adc.o
LOAD ./Drivers/STM32L4xx_HAL_Driver/Src/stm32l4xx_hal_adc_ex.o
LOAD ./Drivers/STM32L4xx_HAL_Driver/Src/stm32l4xx_hal_cortex.o
LOAD ./Drivers/STM32L4xx_HAL_Driver/Src/stm32l4xx_hal_dfsdm.o
LOAD ./Drivers/STM32L4xx_HAL_Driver/Src/stm32l4xx_hal_dfsdm_ex.o
LOAD ./Drivers/STM32L4xx_HAL_Driver/Src/stm32l4xx_hal_dma.o
LOAD ./Drivers/STM32L4xx_HAL_Driver/Src/stm32l4xx_hal_dma_ex.o
LOAD ./Drivers/STM32L4xx_HAL_Driver/Src/stm32l4xx_hal_exti.o
LOAD ./Drivers/STM32L4xx_HAL_Driver/Src/stm32l4xx_hal_flash.o
LOAD ./Drivers/STM32L4xx_HAL_Driver/Src/stm32l4xx_hal_flash_ex.o
LOAD ./Drivers/STM32L4xx_HAL_Driver/Src/stm32l4xx_hal_flash_ramfunc.o
LOAD ./Drivers/STM32L4xx_HAL_Driver/Src/stm32l4xx_hal_gpio.o
LOAD ./Drivers/STM32L4xx_HAL_Driver/Src/stm32l4xx_hal_i2c.o
LOAD ./Drivers/STM32L4xx_HAL_Driver/Src/stm32l4xx_hal_i2c_ex.o
LOAD ./Drivers/STM32L4xx_HAL_Driver/Src/stm32l4xx_hal_ospi.o
LOAD ./Drivers/STM32L4xx_HAL_Driver/Src/stm32l4xx_hal_pwr.o
LOAD ./Drivers/STM32L4xx_HAL_Driver/Src/stm32l4xx_hal_pwr_ex.o
LOAD ./Drivers/STM32L4xx_HAL_Driver/Src/stm32l4xx_hal_rcc.o
LOAD ./Drivers/STM32L4xx_HAL_Driver/Src/stm32l4xx_hal_rcc_ex.o
LOAD ./Drivers/STM32L4xx_HAL_Driver/Src/stm32l4xx_hal_spi.o
LOAD ./Drivers/STM32L4xx_HAL_Driver/Src/stm32l4xx_hal_spi_ex.o
LOAD ./Drivers/STM32L4xx_HAL_Driver/Src/stm32l4xx_hal_tim.o
LOAD ./Drivers/STM32L4xx_HAL_Driver/Src/stm32l4xx_hal_tim_ex.o
LOAD ./Drivers/STM32L4xx_HAL_Driver/Src/stm32l4xx_hal_uart.o
LOAD ./Drivers/STM32L4xx_HAL_Driver/Src/stm32l4xx_hal_uart_ex.o
LOAD ./Middlewares/Third_Party/FreeRTOS/Source/CMSIS_RTOS_V2/cmsis_os2.o
LOAD ./Middlewares/Third_Party/FreeRTOS/Source/croutine.o
LOAD ./Middlewares/Third_Party/FreeRTOS/Source/event_groups.o
LOAD ./Middlewares/Third_Party/FreeRTOS/Source/list.o
LOAD ./Middlewares/Third_Party/FreeRTOS/Source/queue.o
LOAD ./Middlewares/Third_Party/FreeRTOS/Source/stream_buffer.o
LOAD ./Middlewares/Third_Party/FreeRTOS/Source/tasks.o
LOAD ./Middlewares/Third_Party/FreeRTOS/Source/timers.o
LOAD ./Middlewares/Third_Party/FreeRTOS/Source/portable/GCC/ARM_CM4F/port.o
LOAD ./Middlewares/Third_Party/FreeRTOS/Source/portable/MemMang/heap_4.o
START GROUP
LOAD C:/ST/STM32CubeIDE_1.17.0/STM32CubeIDE/plugins/com.st.stm32cube.ide.mcu.externaltools.gnu-tools-for-stm32.12.3.rel1.win32_1.1.0.202410251130/tools/bin/../lib/gcc/arm-none-eabi/12.3.1/../../../../arm-none-eabi/lib/thumb/v7e-m+fp/hard\libc_nano.a
LOAD C:/ST/STM32CubeIDE_1.17.0/STM32CubeIDE/plugins/com.st.stm32cube.ide.mcu.externaltools.gnu-tools-for-stm32.12.3.rel1.win32_1.1.0.202410251130/tools/bin/../lib/gcc/arm-none-eabi/12.3.1/../../../../arm-none-eabi/lib/thumb/v7e-m+fp/hard\libm.a
END GROUP
START GROUP
LOAD C:/ST/STM32CubeIDE_1.17.0/STM32CubeIDE/plugins/com.st.stm32cube.ide.mcu.externaltools.gnu-tools-for-stm32.12.3.rel1.win32_1.1.0.202410251130/tools/bin/../lib/gcc/arm-none-eabi/12.3.1/thumb/v7e-m+fp/hard\libgcc.a
LOAD C:/ST/STM32CubeIDE_1.17.0/STM32CubeIDE/plugins/com.st.stm32cube.ide.mcu.externaltools.gnu-tools-for-stm32.12.3.rel1.win32_1.1.0.202410251130/tools/bin/../lib/gcc/arm-none-eabi/12.3.1/../../../../arm-none-eabi/lib/thumb/v7e-m+fp/hard\libc_nano.a
END GROUP
START GROUP
LOAD C:/ST/STM32CubeIDE_1.17.0/STM32CubeIDE/plugins/com.st.stm32cube.ide.mcu.externaltools.gnu-tools-for-stm32.12.3.rel1.win32_1.1.0.202410251130/tools/bin/../lib/gcc/arm-none-eabi/12.3.1/thumb/v7e-m+fp/hard\libgcc.a
LOAD C:/ST/STM32CubeIDE_1.17.0/STM32CubeIDE/plugins/com.st.stm32cube.ide.mcu.externaltools.gnu-tools-for-stm32.12.3.rel1.win32_1.1.0.202410251130/tools/bin/../lib/gcc/arm-none-eabi/12.3.1/../../../../arm-none-eabi/lib/thumb/v7e-m+fp/hard\libc_nano.a
LOAD C:/ST/STM32CubeIDE_1.17.0/STM32CubeIDE/plugins/com.st.stm32cube.ide.mcu.externaltools.gnu-tools-for-stm32.12.3.rel1.win32_1.1.0.202410251130/tools/bin/../lib/gcc/arm-none-eabi/12.3.1/../../../../arm-none-eabi/lib/thumb/v7e-m+fp/hard\libnosys.a
END GROUP
START GROUP
LOAD C:/ST/STM32CubeIDE_1.17.0/STM32CubeIDE/plugins/com.st.stm32cube.ide.mcu.externaltools.gnu-tools-for-stm32.12.3.rel1.win32_1.1.0.202410251130/tools/bin/../lib/gcc/arm-none-eabi/12.3.1/thumb/v7e-m+fp/hard\libgcc.a
LOAD C:/ST/STM32CubeIDE_1.17.0/STM32CubeIDE/plugins/com.st.stm32cube.ide.mcu.externaltools.gnu-tools-for-stm32.12.3.rel1.win32_1.1.0.202410251130/tools/bin/../lib/gcc/arm-none-eabi/12.3.1/../../../../arm-none-eabi/lib/thumb/v7e-m+fp/hard\libc_nano.a
LOAD C:/ST/STM32CubeIDE_1.17.0/STM32CubeIDE/plugins/com.st.stm32cube.ide.mcu.externaltools.gnu-tools-for-stm32.12.3.rel1.win32_1.1.0.202410251130/tools/bin/../lib/gcc/arm-none-eabi/12.3.1/../../../../arm-none-eabi/lib/thumb/v7e-m+fp/hard\libnosys.a
END GROUP
LOAD C:/ST/STM32CubeIDE_1.17.0/STM32CubeIDE/plugins/com.st.stm32cube.ide.mcu.externaltools.gnu-tools-for-stm32.12.3.rel1.win32_1.1.0.202410251130/tools/bin/../lib/gcc/arm-none-eabi/12.3.1/thumb/v7e-m+fp/hard/crtend.o
LOAD C:/ST/STM32CubeIDE_1.17.0/STM32CubeIDE/plugins/com.st.stm32cube.ide.mcu.externaltools.gnu-tools-for-stm32.12.3.rel1.win32_1.1.0.202410251130/tools/bin/../lib/gcc/arm-none-eabi/12.3.1/thumb/v7e-m+fp/hard/crtn.o
                0x200a0000                        _estack = (ORIGIN (RAM) + LENGTH (RAM))
                0x00000200                        _Min_Heap_Size = 0x200
                0x00000400                        _Min_Stack_Size = 0x400

.isr_vector     0x08000000      0x1bc
                0x08000000                        . = ALIGN (0x4)
 *(.isr_vector)
 .isr_vector    0x08000000      0x1bc ./Core/Startup/startup_stm32l4s5vitx.o
                0x08000000                g_pfnVectors
                0x080001bc                        . = ALIGN (0x4)

.text           0x080001c0     0xbf6c
                0x080001c0                        . = ALIGN (0x4)
 *(.text)
 .text          0x080001c0       0x40 C:/ST/STM32CubeIDE_1.17.0/STM32CubeIDE/plugins/com.st.stm32cube.ide.mcu.externaltools.gnu-tools-for-stm32.12.3.rel1.win32_1.1.0.202410251130/tools/bin/../lib/gcc/arm-none-eabi/12.3.1/thumb/v7e-m+fp/hard/crtbegin.o
 .text          0x08000200       0xa0 C:/ST/STM32CubeIDE_1.17.0/STM32CubeIDE/plugins/com.st.stm32cube.ide.mcu.externaltools.gnu-tools-for-stm32.12.3.rel1.win32_1.1.0.202410251130/tools/bin/../lib/gcc/arm-none-eabi/12.3.1/../../../../arm-none-eabi/lib/thumb/v7e-m+fp/hard\libc_nano.a(libc_a-memchr.o)
                0x08000200                memchr
 .text          0x080002a0       0x30 C:/ST/STM32CubeIDE_1.17.0/STM32CubeIDE/plugins/com.st.stm32cube.ide.mcu.externaltools.gnu-tools-for-stm32.12.3.rel1.win32_1.1.0.202410251130/tools/bin/../lib/gcc/arm-none-eabi/12.3.1/thumb/v7e-m+fp/hard\libgcc.a(_aeabi_uldivmod.o)
                0x080002a0                __aeabi_uldivmod
 .text          0x080002d0      0x2bc C:/ST/STM32CubeIDE_1.17.0/STM32CubeIDE/plugins/com.st.stm32cube.ide.mcu.externaltools.gnu-tools-for-stm32.12.3.rel1.win32_1.1.0.202410251130/tools/bin/../lib/gcc/arm-none-eabi/12.3.1/thumb/v7e-m+fp/hard\libgcc.a(_udivmoddi4.o)
                0x080002d0                __udivmoddi4
 .text          0x0800058c        0x4 C:/ST/STM32CubeIDE_1.17.0/STM32CubeIDE/plugins/com.st.stm32cube.ide.mcu.externaltools.gnu-tools-for-stm32.12.3.rel1.win32_1.1.0.202410251130/tools/bin/../lib/gcc/arm-none-eabi/12.3.1/thumb/v7e-m+fp/hard\libgcc.a(_dvmd_tls.o)
                0x0800058c                __aeabi_idiv0
                0x0800058c                __aeabi_ldiv0
 *(.text*)
 .text.main     0x08000590       0xfc ./Core/Src/main.o
                0x08000590                main
 .text.SystemClock_Config
                0x0800068c       0xc4 ./Core/Src/main.o
                0x0800068c                SystemClock_Config
 .text.PeriphCommonClock_Config
                0x08000750       0x5e ./Core/Src/main.o
                0x08000750                PeriphCommonClock_Config
 *fill*         0x080007ae        0x2 
 .text.MX_ADC1_Init
                0x080007b0       0xc8 ./Core/Src/main.o
 .text.MX_DFSDM1_Init
                0x08000878       0x70 ./Core/Src/main.o
 .text.MX_I2C1_Init
                0x080008e8       0x80 ./Core/Src/main.o
 .text.MX_I2C2_Init
                0x08000968       0x80 ./Core/Src/main.o
 .text.MX_OCTOSPI1_Init
                0x080009e8       0xac ./Core/Src/main.o
 .text.MX_SPI3_Init
                0x08000a94       0x7c ./Core/Src/main.o
 .text.MX_UART4_Init
                0x08000b10       0x98 ./Core/Src/main.o
 .text.MX_USART1_UART_Init
                0x08000ba8       0x98 ./Core/Src/main.o
 .text.MX_USART2_UART_Init
                0x08000c40       0x9c ./Core/Src/main.o
 .text.MX_USART3_UART_Init
                0x08000cdc       0x98 ./Core/Src/main.o
 .text.MX_USB_OTG_FS_USB_Init
                0x08000d74        0xe ./Core/Src/main.o
 *fill*         0x08000d82        0x2 
 .text.MX_GPIO_Init
                0x08000d84      0x2a8 ./Core/Src/main.o
 .text.LED_flash_task_run
                0x0800102c       0xb8 ./Core/Src/main.o
                0x0800102c                LED_flash_task_run
 .text.UART_send_task_run
                0x080010e4       0x68 ./Core/Src/main.o
                0x080010e4                UART_send_task_run
 .text.UART_RX_task_run
                0x0800114c       0x50 ./Core/Src/main.o
                0x0800114c                UART_RX_task_run
 .text.TEMP_Read
                0x0800119c       0x60 ./Core/Src/main.o
                0x0800119c                TEMP_Read
 .text.HAL_TIM_PeriodElapsedCallback
                0x080011fc       0x24 ./Core/Src/main.o
                0x080011fc                HAL_TIM_PeriodElapsedCallback
 .text.Error_Handler
                0x08001220        0xc ./Core/Src/main.o
                0x08001220                Error_Handler
 .text.HAL_MspInit
                0x0800122c       0x50 ./Core/Src/stm32l4xx_hal_msp.o
                0x0800122c                HAL_MspInit
 .text.HAL_ADC_MspInit
                0x0800127c       0x80 ./Core/Src/stm32l4xx_hal_msp.o
                0x0800127c                HAL_ADC_MspInit
 .text.HAL_DFSDM_ChannelMspInit
                0x080012fc       0xc8 ./Core/Src/stm32l4xx_hal_msp.o
                0x080012fc                HAL_DFSDM_ChannelMspInit
 .text.HAL_I2C_MspInit
                0x080013c4      0x144 ./Core/Src/stm32l4xx_hal_msp.o
                0x080013c4                HAL_I2C_MspInit
 .text.HAL_I2C_MspDeInit
                0x08001508       0x78 ./Core/Src/stm32l4xx_hal_msp.o
                0x08001508                HAL_I2C_MspDeInit
 .text.HAL_OSPI_MspInit
                0x08001580       0xd8 ./Core/Src/stm32l4xx_hal_msp.o
                0x08001580                HAL_OSPI_MspInit
 .text.HAL_SPI_MspInit
                0x08001658       0x88 ./Core/Src/stm32l4xx_hal_msp.o
                0x08001658                HAL_SPI_MspInit
 .text.HAL_UART_MspInit
                0x080016e0      0x254 ./Core/Src/stm32l4xx_hal_msp.o
                0x080016e0                HAL_UART_MspInit
 .text.HAL_InitTick
                0x08001934       0xf4 ./Core/Src/stm32l4xx_hal_timebase_tim.o
                0x08001934                HAL_InitTick
 .text.NMI_Handler
                0x08001a28        0x8 ./Core/Src/stm32l4xx_it.o
                0x08001a28                NMI_Handler
 .text.HardFault_Handler
                0x08001a30        0x8 ./Core/Src/stm32l4xx_it.o
                0x08001a30                HardFault_Handler
 .text.MemManage_Handler
                0x08001a38        0x8 ./Core/Src/stm32l4xx_it.o
                0x08001a38                MemManage_Handler
 .text.BusFault_Handler
                0x08001a40        0x8 ./Core/Src/stm32l4xx_it.o
                0x08001a40                BusFault_Handler
 .text.UsageFault_Handler
                0x08001a48        0x8 ./Core/Src/stm32l4xx_it.o
                0x08001a48                UsageFault_Handler
 .text.DebugMon_Handler
                0x08001a50        0xe ./Core/Src/stm32l4xx_it.o
                0x08001a50                DebugMon_Handler
 .text.EXTI9_5_IRQHandler
                0x08001a5e       0x22 ./Core/Src/stm32l4xx_it.o
                0x08001a5e                EXTI9_5_IRQHandler
 .text.EXTI15_10_IRQHandler
                0x08001a80       0x38 ./Core/Src/stm32l4xx_it.o
                0x08001a80                EXTI15_10_IRQHandler
 .text.TIM6_DAC_IRQHandler
                0x08001ab8       0x14 ./Core/Src/stm32l4xx_it.o
                0x08001ab8                TIM6_DAC_IRQHandler
 .text._sbrk    0x08001acc       0x6c ./Core/Src/sysmem.o
                0x08001acc                _sbrk
 .text.SystemInit
                0x08001b38       0x24 ./Core/Src/system_stm32l4xx.o
                0x08001b38                SystemInit
 .text.Reset_Handler
                0x08001b5c       0x50 ./Core/Startup/startup_stm32l4s5vitx.o
                0x08001b5c                Reset_Handler
 .text.Default_Handler
                0x08001bac        0x2 ./Core/Startup/startup_stm32l4s5vitx.o
                0x08001bac                RTC_Alarm_IRQHandler
                0x08001bac                EXTI2_IRQHandler
                0x08001bac                TIM8_TRG_COM_IRQHandler
                0x08001bac                TIM8_CC_IRQHandler
                0x08001bac                TIM1_CC_IRQHandler
                0x08001bac                TSC_IRQHandler
                0x08001bac                TAMP_STAMP_IRQHandler
                0x08001bac                EXTI3_IRQHandler
                0x08001bac                LPTIM2_IRQHandler
                0x08001bac                DFSDM1_FLT1_IRQHandler
                0x08001bac                GFXMMU_IRQHandler
                0x08001bac                I2C3_ER_IRQHandler
                0x08001bac                DFSDM1_FLT2_IRQHandler
                0x08001bac                EXTI0_IRQHandler
                0x08001bac                I2C2_EV_IRQHandler
                0x08001bac                CAN1_RX0_IRQHandler
                0x08001bac                FPU_IRQHandler
                0x08001bac                TIM1_UP_TIM16_IRQHandler
                0x08001bac                LTDC_ER_IRQHandler
                0x08001bac                SPI1_IRQHandler
                0x08001bac                OCTOSPI1_IRQHandler
                0x08001bac                DCMI_IRQHandler
                0x08001bac                TIM8_UP_IRQHandler
                0x08001bac                OCTOSPI2_IRQHandler
                0x08001bac                DMA2_Channel2_IRQHandler
                0x08001bac                DMA1_Channel4_IRQHandler
                0x08001bac                SAI2_IRQHandler
                0x08001bac                ADC1_IRQHandler
                0x08001bac                DFSDM1_FLT3_IRQHandler
                0x08001bac                USART3_IRQHandler
                0x08001bac                DMA1_Channel7_IRQHandler
                0x08001bac                CAN1_RX1_IRQHandler
                0x08001bac                UART5_IRQHandler
                0x08001bac                TIM4_IRQHandler
                0x08001bac                DMA2_Channel1_IRQHandler
                0x08001bac                I2C1_EV_IRQHandler
                0x08001bac                DMAMUX1_OVR_IRQHandler
                0x08001bac                DMA1_Channel6_IRQHandler
                0x08001bac                UART4_IRQHandler
                0x08001bac                DMA2_Channel4_IRQHandler
                0x08001bac                TIM3_IRQHandler
                0x08001bac                RCC_IRQHandler
                0x08001bac                DMA1_Channel1_IRQHandler
                0x08001bac                Default_Handler
                0x08001bac                DMA2_Channel7_IRQHandler
                0x08001bac                TIM7_IRQHandler
                0x08001bac                SDMMC1_IRQHandler
                0x08001bac                TIM5_IRQHandler
                0x08001bac                I2C3_EV_IRQHandler
                0x08001bac                RTC_WKUP_IRQHandler
                0x08001bac                LTDC_IRQHandler
                0x08001bac                PVD_PVM_IRQHandler
                0x08001bac                SPI2_IRQHandler
                0x08001bac                CAN1_TX_IRQHandler
                0x08001bac                DMA2_Channel5_IRQHandler
                0x08001bac                DMA1_Channel5_IRQHandler
                0x08001bac                EXTI4_IRQHandler
                0x08001bac                RNG_IRQHandler
                0x08001bac                TIM1_TRG_COM_TIM17_IRQHandler
                0x08001bac                DMA1_Channel3_IRQHandler
                0x08001bac                COMP_IRQHandler
                0x08001bac                HASH_CRS_IRQHandler
                0x08001bac                WWDG_IRQHandler
                0x08001bac                I2C4_EV_IRQHandler
                0x08001bac                LPUART1_IRQHandler
                0x08001bac                DMA2_Channel6_IRQHandler
                0x08001bac                TIM2_IRQHandler
                0x08001bac                DMA2D_IRQHandler
                0x08001bac                EXTI1_IRQHandler
                0x08001bac                AES_IRQHandler
                0x08001bac                USART2_IRQHandler
                0x08001bac                DFSDM1_FLT0_IRQHandler
                0x08001bac                I2C2_ER_IRQHandler
                0x08001bac                DMA1_Channel2_IRQHandler
                0x08001bac                TIM8_BRK_IRQHandler
                0x08001bac                CAN1_SCE_IRQHandler
                0x08001bac                FLASH_IRQHandler
                0x08001bac                USART1_IRQHandler
                0x08001bac                OTG_FS_IRQHandler
                0x08001bac                SPI3_IRQHandler
                0x08001bac                I2C1_ER_IRQHandler
                0x08001bac                FMC_IRQHandler
                0x08001bac                LPTIM1_IRQHandler
                0x08001bac                I2C4_ER_IRQHandler
                0x08001bac                SAI1_IRQHandler
                0x08001bac                DMA2_Channel3_IRQHandler
                0x08001bac                TIM1_BRK_TIM15_IRQHandler
 *fill*         0x08001bae        0x2 
 .text.I2Cx_MspInit
                0x08001bb0       0xb0 ./Drivers/BSP/B-L4S5I-IOT01/stm32l4s5i_iot01.o
 .text.I2Cx_Init
                0x08001c60       0x5c ./Drivers/BSP/B-L4S5I-IOT01/stm32l4s5i_iot01.o
 .text.I2Cx_ReadMultiple
                0x08001cbc       0x5a ./Drivers/BSP/B-L4S5I-IOT01/stm32l4s5i_iot01.o
 .text.I2Cx_WriteMultiple
                0x08001d16       0x5a ./Drivers/BSP/B-L4S5I-IOT01/stm32l4s5i_iot01.o
 .text.I2Cx_Error
                0x08001d70       0x20 ./Drivers/BSP/B-L4S5I-IOT01/stm32l4s5i_iot01.o
 .text.SENSOR_IO_Init
                0x08001d90       0x14 ./Drivers/BSP/B-L4S5I-IOT01/stm32l4s5i_iot01.o
                0x08001d90                SENSOR_IO_Init
 .text.SENSOR_IO_Write
                0x08001da4       0x34 ./Drivers/BSP/B-L4S5I-IOT01/stm32l4s5i_iot01.o
                0x08001da4                SENSOR_IO_Write
 .text.SENSOR_IO_Read
                0x08001dd8       0x3c ./Drivers/BSP/B-L4S5I-IOT01/stm32l4s5i_iot01.o
                0x08001dd8                SENSOR_IO_Read
 .text.SENSOR_IO_ReadMultiple
                0x08001e14       0x3c ./Drivers/BSP/B-L4S5I-IOT01/stm32l4s5i_iot01.o
                0x08001e14                SENSOR_IO_ReadMultiple
 .text.BSP_TSENSOR_Init
                0x08001e50       0x38 ./Drivers/BSP/B-L4S5I-IOT01/stm32l4s5i_iot01_tsensor.o
                0x08001e50                BSP_TSENSOR_Init
 .text.BSP_TSENSOR_ReadTemp
                0x08001e88       0x1c ./Drivers/BSP/B-L4S5I-IOT01/stm32l4s5i_iot01_tsensor.o
                0x08001e88                BSP_TSENSOR_ReadTemp
 .text.HTS221_T_Init
                0x08001ea4       0x5a ./Drivers/BSP/Components/hts221/hts221.o
                0x08001ea4                HTS221_T_Init
 .text.HTS221_T_ReadTemp
                0x08001efe      0x10e ./Drivers/BSP/Components/hts221/hts221.o
                0x08001efe                HTS221_T_ReadTemp
 .text.HAL_Init
                0x0800200c       0x30 ./Drivers/STM32L4xx_HAL_Driver/Src/stm32l4xx_hal.o
                0x0800200c                HAL_Init
 .text.HAL_IncTick
                0x0800203c       0x28 ./Drivers/STM32L4xx_HAL_Driver/Src/stm32l4xx_hal.o
                0x0800203c                HAL_IncTick
 .text.HAL_GetTick
                0x08002064       0x18 ./Drivers/STM32L4xx_HAL_Driver/Src/stm32l4xx_hal.o
                0x08002064                HAL_GetTick
 .text.LL_ADC_SetCommonClock
                0x0800207c       0x26 ./Drivers/STM32L4xx_HAL_Driver/Src/stm32l4xx_hal_adc.o
 .text.LL_ADC_SetCommonPathInternalCh
                0x080020a2       0x26 ./Drivers/STM32L4xx_HAL_Driver/Src/stm32l4xx_hal_adc.o
 .text.LL_ADC_GetCommonPathInternalCh
                0x080020c8       0x1c ./Drivers/STM32L4xx_HAL_Driver/Src/stm32l4xx_hal_adc.o
 .text.LL_ADC_SetOffset
                0x080020e4       0x48 ./Drivers/STM32L4xx_HAL_Driver/Src/stm32l4xx_hal_adc.o
 .text.LL_ADC_GetOffsetChannel
                0x0800212c       0x2c ./Drivers/STM32L4xx_HAL_Driver/Src/stm32l4xx_hal_adc.o
 .text.LL_ADC_SetOffsetState
                0x08002158       0x36 ./Drivers/STM32L4xx_HAL_Driver/Src/stm32l4xx_hal_adc.o
 .text.LL_ADC_SetSamplingTimeCommonConfig
                0x0800218e       0x26 ./Drivers/STM32L4xx_HAL_Driver/Src/stm32l4xx_hal_adc.o
 .text.LL_ADC_REG_SetSequencerRanks
                0x080021b4       0x58 ./Drivers/STM32L4xx_HAL_Driver/Src/stm32l4xx_hal_adc.o
 .text.LL_ADC_SetChannelSamplingTime
                0x0800220c       0x56 ./Drivers/STM32L4xx_HAL_Driver/Src/stm32l4xx_hal_adc.o
 *fill*         0x08002262        0x2 
 .text.LL_ADC_SetChannelSingleDiff
                0x08002264       0x48 ./Drivers/STM32L4xx_HAL_Driver/Src/stm32l4xx_hal_adc.o
 .text.LL_ADC_DisableDeepPowerDown
                0x080022ac       0x24 ./Drivers/STM32L4xx_HAL_Driver/Src/stm32l4xx_hal_adc.o
 .text.LL_ADC_IsDeepPowerDownEnabled
                0x080022d0       0x28 ./Drivers/STM32L4xx_HAL_Driver/Src/stm32l4xx_hal_adc.o
 .text.LL_ADC_EnableInternalRegulator
                0x080022f8       0x28 ./Drivers/STM32L4xx_HAL_Driver/Src/stm32l4xx_hal_adc.o
 .text.LL_ADC_IsInternalRegulatorEnabled
                0x08002320       0x28 ./Drivers/STM32L4xx_HAL_Driver/Src/stm32l4xx_hal_adc.o
 .text.LL_ADC_IsEnabled
                0x08002348       0x26 ./Drivers/STM32L4xx_HAL_Driver/Src/stm32l4xx_hal_adc.o
 .text.LL_ADC_REG_IsConversionOngoing
                0x0800236e       0x26 ./Drivers/STM32L4xx_HAL_Driver/Src/stm32l4xx_hal_adc.o
 .text.LL_ADC_INJ_IsConversionOngoing
                0x08002394       0x26 ./Drivers/STM32L4xx_HAL_Driver/Src/stm32l4xx_hal_adc.o
 *fill*         0x080023ba        0x2 
 .text.HAL_ADC_Init
                0x080023bc      0x28c ./Drivers/STM32L4xx_HAL_Driver/Src/stm32l4xx_hal_adc.o
                0x080023bc                HAL_ADC_Init
 .text.HAL_ADC_ConfigChannel
                0x08002648      0x7f8 ./Drivers/STM32L4xx_HAL_Driver/Src/stm32l4xx_hal_adc.o
                0x08002648                HAL_ADC_ConfigChannel
 .text.__NVIC_SetPriorityGrouping
                0x08002e40       0x48 ./Drivers/STM32L4xx_HAL_Driver/Src/stm32l4xx_hal_cortex.o
 .text.__NVIC_GetPriorityGrouping
                0x08002e88       0x1c ./Drivers/STM32L4xx_HAL_Driver/Src/stm32l4xx_hal_cortex.o
 .text.__NVIC_EnableIRQ
                0x08002ea4       0x3c ./Drivers/STM32L4xx_HAL_Driver/Src/stm32l4xx_hal_cortex.o
 .text.__NVIC_SetPriority
                0x08002ee0       0x54 ./Drivers/STM32L4xx_HAL_Driver/Src/stm32l4xx_hal_cortex.o
 .text.NVIC_EncodePriority
                0x08002f34       0x66 ./Drivers/STM32L4xx_HAL_Driver/Src/stm32l4xx_hal_cortex.o
 .text.HAL_NVIC_SetPriorityGrouping
                0x08002f9a       0x16 ./Drivers/STM32L4xx_HAL_Driver/Src/stm32l4xx_hal_cortex.o
                0x08002f9a                HAL_NVIC_SetPriorityGrouping
 .text.HAL_NVIC_SetPriority
                0x08002fb0       0x38 ./Drivers/STM32L4xx_HAL_Driver/Src/stm32l4xx_hal_cortex.o
                0x08002fb0                HAL_NVIC_SetPriority
 .text.HAL_NVIC_EnableIRQ
                0x08002fe8       0x1c ./Drivers/STM32L4xx_HAL_Driver/Src/stm32l4xx_hal_cortex.o
                0x08002fe8                HAL_NVIC_EnableIRQ
 .text.HAL_DFSDM_ChannelInit
                0x08003004      0x180 ./Drivers/STM32L4xx_HAL_Driver/Src/stm32l4xx_hal_dfsdm.o
                0x08003004                HAL_DFSDM_ChannelInit
 .text.DFSDM_GetChannelFromInstance
                0x08003184       0x98 ./Drivers/STM32L4xx_HAL_Driver/Src/stm32l4xx_hal_dfsdm.o
 .text.HAL_GPIO_Init
                0x0800321c      0x324 ./Drivers/STM32L4xx_HAL_Driver/Src/stm32l4xx_hal_gpio.o
                0x0800321c                HAL_GPIO_Init
 .text.HAL_GPIO_DeInit
                0x08003540      0x1e4 ./Drivers/STM32L4xx_HAL_Driver/Src/stm32l4xx_hal_gpio.o
                0x08003540                HAL_GPIO_DeInit
 .text.HAL_GPIO_WritePin
                0x08003724       0x30 ./Drivers/STM32L4xx_HAL_Driver/Src/stm32l4xx_hal_gpio.o
                0x08003724                HAL_GPIO_WritePin
 .text.HAL_GPIO_TogglePin
                0x08003754       0x34 ./Drivers/STM32L4xx_HAL_Driver/Src/stm32l4xx_hal_gpio.o
                0x08003754                HAL_GPIO_TogglePin
 .text.HAL_GPIO_EXTI_IRQHandler
                0x08003788       0x30 ./Drivers/STM32L4xx_HAL_Driver/Src/stm32l4xx_hal_gpio.o
                0x08003788                HAL_GPIO_EXTI_IRQHandler
 .text.HAL_GPIO_EXTI_Callback
                0x080037b8       0x16 ./Drivers/STM32L4xx_HAL_Driver/Src/stm32l4xx_hal_gpio.o
                0x080037b8                HAL_GPIO_EXTI_Callback
 .text.HAL_I2C_Init
                0x080037ce      0x136 ./Drivers/STM32L4xx_HAL_Driver/Src/stm32l4xx_hal_i2c.o
                0x080037ce                HAL_I2C_Init
 .text.HAL_I2C_DeInit
                0x08003904       0x5e ./Drivers/STM32L4xx_HAL_Driver/Src/stm32l4xx_hal_i2c.o
                0x08003904                HAL_I2C_DeInit
 *fill*         0x08003962        0x2 
 .text.HAL_I2C_Mem_Write
                0x08003964      0x228 ./Drivers/STM32L4xx_HAL_Driver/Src/stm32l4xx_hal_i2c.o
                0x08003964                HAL_I2C_Mem_Write
 .text.HAL_I2C_Mem_Read
                0x08003b8c      0x234 ./Drivers/STM32L4xx_HAL_Driver/Src/stm32l4xx_hal_i2c.o
                0x08003b8c                HAL_I2C_Mem_Read
 .text.I2C_RequestMemoryWrite
                0x08003dc0       0xa8 ./Drivers/STM32L4xx_HAL_Driver/Src/stm32l4xx_hal_i2c.o
 .text.I2C_RequestMemoryRead
                0x08003e68       0xa8 ./Drivers/STM32L4xx_HAL_Driver/Src/stm32l4xx_hal_i2c.o
 .text.I2C_Flush_TXDR
                0x08003f10       0x48 ./Drivers/STM32L4xx_HAL_Driver/Src/stm32l4xx_hal_i2c.o
 .text.I2C_WaitOnFlagUntilTimeout
                0x08003f58       0x9e ./Drivers/STM32L4xx_HAL_Driver/Src/stm32l4xx_hal_i2c.o
 .text.I2C_WaitOnTXISFlagUntilTimeout
                0x08003ff6       0x8e ./Drivers/STM32L4xx_HAL_Driver/Src/stm32l4xx_hal_i2c.o
 .text.I2C_WaitOnSTOPFlagUntilTimeout
                0x08004084       0x86 ./Drivers/STM32L4xx_HAL_Driver/Src/stm32l4xx_hal_i2c.o
 *fill*         0x0800410a        0x2 
 .text.I2C_IsErrorOccurred
                0x0800410c      0x1c0 ./Drivers/STM32L4xx_HAL_Driver/Src/stm32l4xx_hal_i2c.o
 .text.I2C_TransferConfig
                0x080042cc       0x64 ./Drivers/STM32L4xx_HAL_Driver/Src/stm32l4xx_hal_i2c.o
 .text.HAL_I2CEx_ConfigAnalogFilter
                0x08004330       0x96 ./Drivers/STM32L4xx_HAL_Driver/Src/stm32l4xx_hal_i2c_ex.o
                0x08004330                HAL_I2CEx_ConfigAnalogFilter
 .text.HAL_I2CEx_ConfigDigitalFilter
                0x080043c6       0x98 ./Drivers/STM32L4xx_HAL_Driver/Src/stm32l4xx_hal_i2c_ex.o
                0x080043c6                HAL_I2CEx_ConfigDigitalFilter
 *fill*         0x0800445e        0x2 
 .text.HAL_OSPI_Init
                0x08004460      0x154 ./Drivers/STM32L4xx_HAL_Driver/Src/stm32l4xx_hal_ospi.o
                0x08004460                HAL_OSPI_Init
 .text.HAL_OSPI_SetTimeout
                0x080045b4       0x1e ./Drivers/STM32L4xx_HAL_Driver/Src/stm32l4xx_hal_ospi.o
                0x080045b4                HAL_OSPI_SetTimeout
 *fill*         0x080045d2        0x2 
 .text.HAL_OSPIM_Config
                0x080045d4      0x668 ./Drivers/STM32L4xx_HAL_Driver/Src/stm32l4xx_hal_ospi.o
                0x080045d4                HAL_OSPIM_Config
 .text.OSPI_WaitFlagStateUntilTimeout
                0x08004c3c       0x6e ./Drivers/STM32L4xx_HAL_Driver/Src/stm32l4xx_hal_ospi.o
 *fill*         0x08004caa        0x2 
 .text.OSPIM_GetConfig
                0x08004cac      0x160 ./Drivers/STM32L4xx_HAL_Driver/Src/stm32l4xx_hal_ospi.o
 .text.HAL_PWR_EnableBkUpAccess
                0x08004e0c       0x20 ./Drivers/STM32L4xx_HAL_Driver/Src/stm32l4xx_hal_pwr.o
                0x08004e0c                HAL_PWR_EnableBkUpAccess
 .text.HAL_PWREx_GetVoltageRange
                0x08004e2c       0x40 ./Drivers/STM32L4xx_HAL_Driver/Src/stm32l4xx_hal_pwr_ex.o
                0x08004e2c                HAL_PWREx_GetVoltageRange
 .text.HAL_PWREx_ControlVoltageScaling
                0x08004e6c      0x148 ./Drivers/STM32L4xx_HAL_Driver/Src/stm32l4xx_hal_pwr_ex.o
                0x08004e6c                HAL_PWREx_ControlVoltageScaling
 .text.HAL_RCC_OscConfig
                0x08004fb4      0x834 ./Drivers/STM32L4xx_HAL_Driver/Src/stm32l4xx_hal_rcc.o
                0x08004fb4                HAL_RCC_OscConfig
 .text.HAL_RCC_ClockConfig
                0x080057e8      0x274 ./Drivers/STM32L4xx_HAL_Driver/Src/stm32l4xx_hal_rcc.o
                0x080057e8                HAL_RCC_ClockConfig
 .text.HAL_RCC_GetSysClockFreq
                0x08005a5c      0x118 ./Drivers/STM32L4xx_HAL_Driver/Src/stm32l4xx_hal_rcc.o
                0x08005a5c                HAL_RCC_GetSysClockFreq
 .text.HAL_RCC_GetHCLKFreq
                0x08005b74       0x18 ./Drivers/STM32L4xx_HAL_Driver/Src/stm32l4xx_hal_rcc.o
                0x08005b74                HAL_RCC_GetHCLKFreq
 .text.HAL_RCC_GetPCLK1Freq
                0x08005b8c       0x2c ./Drivers/STM32L4xx_HAL_Driver/Src/stm32l4xx_hal_rcc.o
                0x08005b8c                HAL_RCC_GetPCLK1Freq
 .text.HAL_RCC_GetPCLK2Freq
                0x08005bb8       0x2c ./Drivers/STM32L4xx_HAL_Driver/Src/stm32l4xx_hal_rcc.o
                0x08005bb8                HAL_RCC_GetPCLK2Freq
 .text.HAL_RCC_GetClockConfig
                0x08005be4       0x64 ./Drivers/STM32L4xx_HAL_Driver/Src/stm32l4xx_hal_rcc.o
                0x08005be4                HAL_RCC_GetClockConfig
 .text.RCC_SetFlashLatencyFromMSIRange
                0x08005c48       0xb4 ./Drivers/STM32L4xx_HAL_Driver/Src/stm32l4xx_hal_rcc.o
 .text.RCC_GetSysClockFreqFromPLLSource
                0x08005cfc       0xcc ./Drivers/STM32L4xx_HAL_Driver/Src/stm32l4xx_hal_rcc.o
 .text.HAL_RCCEx_PeriphCLKConfig
                0x08005dc8      0x660 ./Drivers/STM32L4xx_HAL_Driver/Src/stm32l4xx_hal_rcc_ex.o
                0x08005dc8                HAL_RCCEx_PeriphCLKConfig
 .text.HAL_RCCEx_EnableMSIPLLMode
                0x08006428       0x20 ./Drivers/STM32L4xx_HAL_Driver/Src/stm32l4xx_hal_rcc_ex.o
                0x08006428                HAL_RCCEx_EnableMSIPLLMode
 .text.RCCEx_PLLSAI1_Config
                0x08006448      0x1e8 ./Drivers/STM32L4xx_HAL_Driver/Src/stm32l4xx_hal_rcc_ex.o
 .text.RCCEx_PLLSAI2_Config
                0x08006630      0x1e8 ./Drivers/STM32L4xx_HAL_Driver/Src/stm32l4xx_hal_rcc_ex.o
 .text.HAL_SPI_Init
                0x08006818      0x146 ./Drivers/STM32L4xx_HAL_Driver/Src/stm32l4xx_hal_spi.o
                0x08006818                HAL_SPI_Init
 .text.HAL_TIM_Base_Init
                0x0800695e       0xae ./Drivers/STM32L4xx_HAL_Driver/Src/stm32l4xx_hal_tim.o
                0x0800695e                HAL_TIM_Base_Init
 .text.HAL_TIM_Base_MspInit
                0x08006a0c       0x14 ./Drivers/STM32L4xx_HAL_Driver/Src/stm32l4xx_hal_tim.o
                0x08006a0c                HAL_TIM_Base_MspInit
 .text.HAL_TIM_Base_Start_IT
                0x08006a20       0xe0 ./Drivers/STM32L4xx_HAL_Driver/Src/stm32l4xx_hal_tim.o
                0x08006a20                HAL_TIM_Base_Start_IT
 .text.HAL_TIM_IRQHandler
                0x08006b00      0x204 ./Drivers/STM32L4xx_HAL_Driver/Src/stm32l4xx_hal_tim.o
                0x08006b00                HAL_TIM_IRQHandler
 .text.HAL_TIM_OC_DelayElapsedCallback
                0x08006d04       0x14 ./Drivers/STM32L4xx_HAL_Driver/Src/stm32l4xx_hal_tim.o
                0x08006d04                HAL_TIM_OC_DelayElapsedCallback
 .text.HAL_TIM_IC_CaptureCallback
                0x08006d18       0x14 ./Drivers/STM32L4xx_HAL_Driver/Src/stm32l4xx_hal_tim.o
                0x08006d18                HAL_TIM_IC_CaptureCallback
 .text.HAL_TIM_PWM_PulseFinishedCallback
                0x08006d2c       0x14 ./Drivers/STM32L4xx_HAL_Driver/Src/stm32l4xx_hal_tim.o
                0x08006d2c                HAL_TIM_PWM_PulseFinishedCallback
 .text.HAL_TIM_TriggerCallback
                0x08006d40       0x14 ./Drivers/STM32L4xx_HAL_Driver/Src/stm32l4xx_hal_tim.o
                0x08006d40                HAL_TIM_TriggerCallback
 .text.TIM_Base_SetConfig
                0x08006d54      0x134 ./Drivers/STM32L4xx_HAL_Driver/Src/stm32l4xx_hal_tim.o
                0x08006d54                TIM_Base_SetConfig
 .text.HAL_TIMEx_CommutCallback
                0x08006e88       0x14 ./Drivers/STM32L4xx_HAL_Driver/Src/stm32l4xx_hal_tim_ex.o
                0x08006e88                HAL_TIMEx_CommutCallback
 .text.HAL_TIMEx_BreakCallback
                0x08006e9c       0x14 ./Drivers/STM32L4xx_HAL_Driver/Src/stm32l4xx_hal_tim_ex.o
                0x08006e9c                HAL_TIMEx_BreakCallback
 .text.HAL_TIMEx_Break2Callback
                0x08006eb0       0x14 ./Drivers/STM32L4xx_HAL_Driver/Src/stm32l4xx_hal_tim_ex.o
                0x08006eb0                HAL_TIMEx_Break2Callback
 .text.HAL_UART_Init
                0x08006ec4       0xa0 ./Drivers/STM32L4xx_HAL_Driver/Src/stm32l4xx_hal_uart.o
                0x08006ec4                HAL_UART_Init
 .text.HAL_UART_Transmit
                0x08006f64      0x11c ./Drivers/STM32L4xx_HAL_Driver/Src/stm32l4xx_hal_uart.o
                0x08006f64                HAL_UART_Transmit
 .text.HAL_UART_Receive
                0x08007080      0x192 ./Drivers/STM32L4xx_HAL_Driver/Src/stm32l4xx_hal_uart.o
                0x08007080                HAL_UART_Receive
 *fill*         0x08007212        0x2 
 .text.UART_SetConfig
                0x08007214      0x5f8 ./Drivers/STM32L4xx_HAL_Driver/Src/stm32l4xx_hal_uart.o
                0x08007214                UART_SetConfig
 .text.UART_AdvFeatureConfig
                0x0800780c      0x144 ./Drivers/STM32L4xx_HAL_Driver/Src/stm32l4xx_hal_uart.o
                0x0800780c                UART_AdvFeatureConfig
 .text.UART_CheckIdleState
                0x08007950      0x154 ./Drivers/STM32L4xx_HAL_Driver/Src/stm32l4xx_hal_uart.o
                0x08007950                UART_CheckIdleState
 .text.UART_WaitOnFlagUntilTimeout
                0x08007aa4       0xce ./Drivers/STM32L4xx_HAL_Driver/Src/stm32l4xx_hal_uart.o
                0x08007aa4                UART_WaitOnFlagUntilTimeout
 .text.UART_EndRxTransfer
                0x08007b72       0xcc ./Drivers/STM32L4xx_HAL_Driver/Src/stm32l4xx_hal_uart.o
 .text.HAL_UARTEx_DisableFifoMode
                0x08007c3e       0x72 ./Drivers/STM32L4xx_HAL_Driver/Src/stm32l4xx_hal_uart_ex.o
                0x08007c3e                HAL_UARTEx_DisableFifoMode
 .text.HAL_UARTEx_SetTxFifoThreshold
                0x08007cb0       0x7c ./Drivers/STM32L4xx_HAL_Driver/Src/stm32l4xx_hal_uart_ex.o
                0x08007cb0                HAL_UARTEx_SetTxFifoThreshold
 .text.HAL_UARTEx_SetRxFifoThreshold
                0x08007d2c       0x7c ./Drivers/STM32L4xx_HAL_Driver/Src/stm32l4xx_hal_uart_ex.o
                0x08007d2c                HAL_UARTEx_SetRxFifoThreshold
 .text.UARTEx_SetNbDataToProcess
                0x08007da8       0x9c ./Drivers/STM32L4xx_HAL_Driver/Src/stm32l4xx_hal_uart_ex.o
 .text.__NVIC_SetPriority
                0x08007e44       0x54 ./Middlewares/Third_Party/FreeRTOS/Source/CMSIS_RTOS_V2/cmsis_os2.o
 .text.SysTick_Handler
                0x08007e98       0x20 ./Middlewares/Third_Party/FreeRTOS/Source/CMSIS_RTOS_V2/cmsis_os2.o
                0x08007e98                SysTick_Handler
 .text.SVC_Setup
                0x08007eb8       0x12 ./Middlewares/Third_Party/FreeRTOS/Source/CMSIS_RTOS_V2/cmsis_os2.o
 *fill*         0x08007eca        0x2 
 .text.osKernelInitialize
                0x08007ecc       0x48 ./Middlewares/Third_Party/FreeRTOS/Source/CMSIS_RTOS_V2/cmsis_os2.o
                0x08007ecc                osKernelInitialize
 .text.osKernelStart
                0x08007f14       0x4c ./Middlewares/Third_Party/FreeRTOS/Source/CMSIS_RTOS_V2/cmsis_os2.o
                0x08007f14                osKernelStart
 .text.osThreadNew
                0x08007f60      0x124 ./Middlewares/Third_Party/FreeRTOS/Source/CMSIS_RTOS_V2/cmsis_os2.o
                0x08007f60                osThreadNew
 .text.osDelay  0x08008084       0x36 ./Middlewares/Third_Party/FreeRTOS/Source/CMSIS_RTOS_V2/cmsis_os2.o
                0x08008084                osDelay
 .text.osSemaphoreNew
                0x080080ba      0x112 ./Middlewares/Third_Party/FreeRTOS/Source/CMSIS_RTOS_V2/cmsis_os2.o
                0x080080ba                osSemaphoreNew
 .text.osSemaphoreAcquire
                0x080081cc       0xa4 ./Middlewares/Third_Party/FreeRTOS/Source/CMSIS_RTOS_V2/cmsis_os2.o
                0x080081cc                osSemaphoreAcquire
 .text.osSemaphoreRelease
                0x08008270       0x88 ./Middlewares/Third_Party/FreeRTOS/Source/CMSIS_RTOS_V2/cmsis_os2.o
                0x08008270                osSemaphoreRelease
 .text.osMessageQueueNew
                0x080082f8       0xe6 ./Middlewares/Third_Party/FreeRTOS/Source/CMSIS_RTOS_V2/cmsis_os2.o
                0x080082f8                osMessageQueueNew
 *fill*         0x080083de        0x2 
 .text.osMessageQueuePut
                0x080083e0       0xc0 ./Middlewares/Third_Party/FreeRTOS/Source/CMSIS_RTOS_V2/cmsis_os2.o
                0x080083e0                osMessageQueuePut
 .text.osMessageQueueGet
                0x080084a0       0xbc ./Middlewares/Third_Party/FreeRTOS/Source/CMSIS_RTOS_V2/cmsis_os2.o
                0x080084a0                osMessageQueueGet
 .text.vApplicationGetIdleTaskMemory
                0x0800855c       0x34 ./Middlewares/Third_Party/FreeRTOS/Source/CMSIS_RTOS_V2/cmsis_os2.o
                0x0800855c                vApplicationGetIdleTaskMemory
 .text.vApplicationGetTimerTaskMemory
                0x08008590       0x34 ./Middlewares/Third_Party/FreeRTOS/Source/CMSIS_RTOS_V2/cmsis_os2.o
                0x08008590                vApplicationGetTimerTaskMemory
 .text.vListInitialise
                0x080085c4       0x40 ./Middlewares/Third_Party/FreeRTOS/Source/list.o
                0x080085c4                vListInitialise
 .text.vListInitialiseItem
                0x08008604       0x1a ./Middlewares/Third_Party/FreeRTOS/Source/list.o
                0x08008604                vListInitialiseItem
 .text.vListInsertEnd
                0x0800861e       0x48 ./Middlewares/Third_Party/FreeRTOS/Source/list.o
                0x0800861e                vListInsertEnd
 .text.vListInsert
                0x08008666       0x72 ./Middlewares/Third_Party/FreeRTOS/Source/list.o
                0x08008666                vListInsert
 .text.uxListRemove
                0x080086d8       0x54 ./Middlewares/Third_Party/FreeRTOS/Source/list.o
                0x080086d8                uxListRemove
 .text.xQueueGenericReset
                0x0800872c       0xd4 ./Middlewares/Third_Party/FreeRTOS/Source/queue.o
                0x0800872c                xQueueGenericReset
 .text.xQueueGenericCreateStatic
                0x08008800       0xfa ./Middlewares/Third_Party/FreeRTOS/Source/queue.o
                0x08008800                xQueueGenericCreateStatic
 .text.xQueueGenericCreate
                0x080088fa       0x76 ./Middlewares/Third_Party/FreeRTOS/Source/queue.o
                0x080088fa                xQueueGenericCreate
 .text.prvInitialiseNewQueue
                0x08008970       0x46 ./Middlewares/Third_Party/FreeRTOS/Source/queue.o
 .text.xQueueCreateCountingSemaphoreStatic
                0x080089b6       0x72 ./Middlewares/Third_Party/FreeRTOS/Source/queue.o
                0x080089b6                xQueueCreateCountingSemaphoreStatic
 .text.xQueueCreateCountingSemaphore
                0x08008a28       0x6a ./Middlewares/Third_Party/FreeRTOS/Source/queue.o
                0x08008a28                xQueueCreateCountingSemaphore
 *fill*         0x08008a92        0x2 
 .text.xQueueGenericSend
                0x08008a94      0x204 ./Middlewares/Third_Party/FreeRTOS/Source/queue.o
                0x08008a94                xQueueGenericSend
 .text.xQueueGenericSendFromISR
                0x08008c98      0x13c ./Middlewares/Third_Party/FreeRTOS/Source/queue.o
                0x08008c98                xQueueGenericSendFromISR
 .text.xQueueGiveFromISR
                0x08008dd4      0x120 ./Middlewares/Third_Party/FreeRTOS/Source/queue.o
                0x08008dd4                xQueueGiveFromISR
 .text.xQueueReceive
                0x08008ef4      0x1c4 ./Middlewares/Third_Party/FreeRTOS/Source/queue.o
                0x08008ef4                xQueueReceive
 .text.xQueueSemaphoreTake
                0x080090b8      0x220 ./Middlewares/Third_Party/FreeRTOS/Source/queue.o
                0x080090b8                xQueueSemaphoreTake
 .text.xQueueReceiveFromISR
                0x080092d8      0x104 ./Middlewares/Third_Party/FreeRTOS/Source/queue.o
                0x080092d8                xQueueReceiveFromISR
 .text.vQueueDelete
                0x080093dc       0x48 ./Middlewares/Third_Party/FreeRTOS/Source/queue.o
                0x080093dc                vQueueDelete
 .text.prvGetDisinheritPriorityAfterTimeout
                0x08009424       0x30 ./Middlewares/Third_Party/FreeRTOS/Source/queue.o
 .text.prvCopyDataToQueue
                0x08009454       0xd4 ./Middlewares/Third_Party/FreeRTOS/Source/queue.o
 .text.prvCopyDataFromQueue
                0x08009528       0x4c ./Middlewares/Third_Party/FreeRTOS/Source/queue.o
 .text.prvUnlockQueue
                0x08009574       0xa4 ./Middlewares/Third_Party/FreeRTOS/Source/queue.o
 .text.prvIsQueueEmpty
                0x08009618       0x2c ./Middlewares/Third_Party/FreeRTOS/Source/queue.o
 .text.prvIsQueueFull
                0x08009644       0x30 ./Middlewares/Third_Party/FreeRTOS/Source/queue.o
 .text.vQueueAddToRegistry
                0x08009674       0x54 ./Middlewares/Third_Party/FreeRTOS/Source/queue.o
                0x08009674                vQueueAddToRegistry
 .text.vQueueUnregisterQueue
                0x080096c8       0x54 ./Middlewares/Third_Party/FreeRTOS/Source/queue.o
                0x080096c8                vQueueUnregisterQueue
 .text.vQueueWaitForMessageRestricted
                0x0800971c       0x68 ./Middlewares/Third_Party/FreeRTOS/Source/queue.o
                0x0800971c                vQueueWaitForMessageRestricted
 .text.xTaskCreateStatic
                0x08009784       0xc0 ./Middlewares/Third_Party/FreeRTOS/Source/tasks.o
                0x08009784                xTaskCreateStatic
 .text.xTaskCreate
                0x08009844       0x8a ./Middlewares/Third_Party/FreeRTOS/Source/tasks.o
                0x08009844                xTaskCreate
 *fill*         0x080098ce        0x2 
 .text.prvInitialiseNewTask
                0x080098d0      0x150 ./Middlewares/Third_Party/FreeRTOS/Source/tasks.o
 .text.prvAddNewTaskToReadyList
                0x08009a20       0xe0 ./Middlewares/Third_Party/FreeRTOS/Source/tasks.o
 .text.vTaskDelay
                0x08009b00       0x6c ./Middlewares/Third_Party/FreeRTOS/Source/tasks.o
                0x08009b00                vTaskDelay
 .text.vTaskStartScheduler
                0x08009b6c       0xe0 ./Middlewares/Third_Party/FreeRTOS/Source/tasks.o
                0x08009b6c                vTaskStartScheduler
 .text.vTaskSuspendAll
                0x08009c4c       0x1c ./Middlewares/Third_Party/FreeRTOS/Source/tasks.o
                0x08009c4c                vTaskSuspendAll
 .text.xTaskResumeAll
                0x08009c68      0x13c ./Middlewares/Third_Party/FreeRTOS/Source/tasks.o
                0x08009c68                xTaskResumeAll
 .text.xTaskGetTickCount
                0x08009da4       0x20 ./Middlewares/Third_Party/FreeRTOS/Source/tasks.o
                0x08009da4                xTaskGetTickCount
 .text.xTaskIncrementTick
                0x08009dc4      0x174 ./Middlewares/Third_Party/FreeRTOS/Source/tasks.o
                0x08009dc4                xTaskIncrementTick
 .text.vTaskSwitchContext
                0x08009f38       0xcc ./Middlewares/Third_Party/FreeRTOS/Source/tasks.o
                0x08009f38                vTaskSwitchContext
 .text.vTaskPlaceOnEventList
                0x0800a004       0x4c ./Middlewares/Third_Party/FreeRTOS/Source/tasks.o
                0x0800a004                vTaskPlaceOnEventList
 .text.vTaskPlaceOnEventListRestricted
                0x0800a050       0x58 ./Middlewares/Third_Party/FreeRTOS/Source/tasks.o
                0x0800a050                vTaskPlaceOnEventListRestricted
 .text.xTaskRemoveFromEventList
                0x0800a0a8       0xc8 ./Middlewares/Third_Party/FreeRTOS/Source/tasks.o
                0x0800a0a8                xTaskRemoveFromEventList
 .text.vTaskInternalSetTimeOutState
                0x0800a170       0x2c ./Middlewares/Third_Party/FreeRTOS/Source/tasks.o
                0x0800a170                vTaskInternalSetTimeOutState
 .text.xTaskCheckForTimeOut
                0x0800a19c       0xc8 ./Middlewares/Third_Party/FreeRTOS/Source/tasks.o
                0x0800a19c                xTaskCheckForTimeOut
 .text.vTaskMissedYield
                0x0800a264       0x18 ./Middlewares/Third_Party/FreeRTOS/Source/tasks.o
                0x0800a264                vTaskMissedYield
 .text.prvIdleTask
                0x0800a27c       0x30 ./Middlewares/Third_Party/FreeRTOS/Source/tasks.o
 .text.prvInitialiseTaskLists
                0x0800a2ac       0x80 ./Middlewares/Third_Party/FreeRTOS/Source/tasks.o
 .text.prvCheckTasksWaitingTermination
                0x0800a32c       0x5c ./Middlewares/Third_Party/FreeRTOS/Source/tasks.o
 .text.prvDeleteTCB
                0x0800a388       0x6a ./Middlewares/Third_Party/FreeRTOS/Source/tasks.o
 *fill*         0x0800a3f2        0x2 
 .text.prvResetNextTaskUnblockTime
                0x0800a3f4       0x40 ./Middlewares/Third_Party/FreeRTOS/Source/tasks.o
 .text.xTaskGetSchedulerState
                0x0800a434       0x3c ./Middlewares/Third_Party/FreeRTOS/Source/tasks.o
                0x0800a434                xTaskGetSchedulerState
 .text.xTaskPriorityInherit
                0x0800a470       0xd0 ./Middlewares/Third_Party/FreeRTOS/Source/tasks.o
                0x0800a470                xTaskPriorityInherit
 .text.xTaskPriorityDisinherit
                0x0800a540       0xe0 ./Middlewares/Third_Party/FreeRTOS/Source/tasks.o
                0x0800a540                xTaskPriorityDisinherit
 .text.vTaskPriorityDisinheritAfterTimeout
                0x0800a620      0x108 ./Middlewares/Third_Party/FreeRTOS/Source/tasks.o
                0x0800a620                vTaskPriorityDisinheritAfterTimeout
 .text.pvTaskIncrementMutexHeldCount
                0x0800a728       0x28 ./Middlewares/Third_Party/FreeRTOS/Source/tasks.o
                0x0800a728                pvTaskIncrementMutexHeldCount
 .text.prvAddCurrentTaskToDelayedList
                0x0800a750       0xa8 ./Middlewares/Third_Party/FreeRTOS/Source/tasks.o
 .text.xTimerCreateTimerTask
                0x0800a7f8       0x94 ./Middlewares/Third_Party/FreeRTOS/Source/timers.o
                0x0800a7f8                xTimerCreateTimerTask
 .text.xTimerGenericCommand
                0x0800a88c       0x9c ./Middlewares/Third_Party/FreeRTOS/Source/timers.o
                0x0800a88c                xTimerGenericCommand
 .text.prvProcessExpiredTimer
                0x0800a928       0x9c ./Middlewares/Third_Party/FreeRTOS/Source/timers.o
 .text.prvTimerTask
                0x0800a9c4       0x26 ./Middlewares/Third_Party/FreeRTOS/Source/timers.o
 *fill*         0x0800a9ea        0x2 
 .text.prvProcessTimerOrBlockTask
                0x0800a9ec       0x9c ./Middlewares/Third_Party/FreeRTOS/Source/timers.o
 .text.prvGetNextExpireTime
                0x0800aa88       0x48 ./Middlewares/Third_Party/FreeRTOS/Source/timers.o
 .text.prvSampleTimeNow
                0x0800aad0       0x40 ./Middlewares/Third_Party/FreeRTOS/Source/timers.o
 .text.prvInsertTimerInActiveList
                0x0800ab10       0x84 ./Middlewares/Third_Party/FreeRTOS/Source/timers.o
 .text.prvProcessReceivedCommands
                0x0800ab94      0x1cc ./Middlewares/Third_Party/FreeRTOS/Source/timers.o
 .text.prvSwitchTimerLists
                0x0800ad60       0xcc ./Middlewares/Third_Party/FreeRTOS/Source/timers.o
 .text.prvCheckForValidListAndQueue
                0x0800ae2c       0x80 ./Middlewares/Third_Party/FreeRTOS/Source/timers.o
 .text.pxPortInitialiseStack
                0x0800aeac       0x68 ./Middlewares/Third_Party/FreeRTOS/Source/portable/GCC/ARM_CM4F/port.o
                0x0800aeac                pxPortInitialiseStack
 .text.prvTaskExitError
                0x0800af14       0x5c ./Middlewares/Third_Party/FreeRTOS/Source/portable/GCC/ARM_CM4F/port.o
 .text.SVC_Handler
                0x0800af70       0x28 ./Middlewares/Third_Party/FreeRTOS/Source/portable/GCC/ARM_CM4F/port.o
                0x0800af70                SVC_Handler
 .text.prvPortStartFirstTask
                0x0800af98       0x28 ./Middlewares/Third_Party/FreeRTOS/Source/portable/GCC/ARM_CM4F/port.o
 .text.xPortStartScheduler
                0x0800afc0      0x148 ./Middlewares/Third_Party/FreeRTOS/Source/portable/GCC/ARM_CM4F/port.o
                0x0800afc0                xPortStartScheduler
 .text.vPortEnterCritical
                0x0800b108       0x64 ./Middlewares/Third_Party/FreeRTOS/Source/portable/GCC/ARM_CM4F/port.o
                0x0800b108                vPortEnterCritical
 .text.vPortExitCritical
                0x0800b16c       0x54 ./Middlewares/Third_Party/FreeRTOS/Source/portable/GCC/ARM_CM4F/port.o
                0x0800b16c                vPortExitCritical
 .text.PendSV_Handler
                0x0800b1c0       0x68 ./Middlewares/Third_Party/FreeRTOS/Source/portable/GCC/ARM_CM4F/port.o
                0x0800b1c0                PendSV_Handler
 .text.xPortSysTickHandler
                0x0800b228       0x44 ./Middlewares/Third_Party/FreeRTOS/Source/portable/GCC/ARM_CM4F/port.o
                0x0800b228                xPortSysTickHandler
 .text.vPortSetupTimerInterrupt
                0x0800b26c       0x48 ./Middlewares/Third_Party/FreeRTOS/Source/portable/GCC/ARM_CM4F/port.o
                0x0800b26c                vPortSetupTimerInterrupt
 .text.vPortEnableVFP
                0x0800b2b4       0x14 ./Middlewares/Third_Party/FreeRTOS/Source/portable/GCC/ARM_CM4F/port.o
 .text.vPortValidateInterruptPriority
                0x0800b2c8       0x84 ./Middlewares/Third_Party/FreeRTOS/Source/portable/GCC/ARM_CM4F/port.o
                0x0800b2c8                vPortValidateInterruptPriority
 .text.pvPortMalloc
                0x0800b34c      0x19c ./Middlewares/Third_Party/FreeRTOS/Source/portable/MemMang/heap_4.o
                0x0800b34c                pvPortMalloc
 .text.vPortFree
                0x0800b4e8       0xc8 ./Middlewares/Third_Party/FreeRTOS/Source/portable/MemMang/heap_4.o
                0x0800b4e8                vPortFree
 .text.prvHeapInit
                0x0800b5b0       0xc4 ./Middlewares/Third_Party/FreeRTOS/Source/portable/MemMang/heap_4.o
 .text.prvInsertBlockIntoFreeList
                0x0800b674       0xb4 ./Middlewares/Third_Party/FreeRTOS/Source/portable/MemMang/heap_4.o
 .text.sprintf  0x0800b728       0x40 C:/ST/STM32CubeIDE_1.17.0/STM32CubeIDE/plugins/com.st.stm32cube.ide.mcu.externaltools.gnu-tools-for-stm32.12.3.rel1.win32_1.1.0.202410251130/tools/bin/../lib/gcc/arm-none-eabi/12.3.1/../../../../arm-none-eabi/lib/thumb/v7e-m+fp/hard\libc_nano.a(libc_a-sprintf.o)
                0x0800b728                siprintf
                0x0800b728                sprintf
 .text.memset   0x0800b768       0x10 C:/ST/STM32CubeIDE_1.17.0/STM32CubeIDE/plugins/com.st.stm32cube.ide.mcu.externaltools.gnu-tools-for-stm32.12.3.rel1.win32_1.1.0.202410251130/tools/bin/../lib/gcc/arm-none-eabi/12.3.1/../../../../arm-none-eabi/lib/thumb/v7e-m+fp/hard\libc_nano.a(libc_a-memset.o)
                0x0800b768                memset
 .text._reclaim_reent
                0x0800b778       0xac C:/ST/STM32CubeIDE_1.17.0/STM32CubeIDE/plugins/com.st.stm32cube.ide.mcu.externaltools.gnu-tools-for-stm32.12.3.rel1.win32_1.1.0.202410251130/tools/bin/../lib/gcc/arm-none-eabi/12.3.1/../../../../arm-none-eabi/lib/thumb/v7e-m+fp/hard\libc_nano.a(libc_a-reent.o)
                0x0800b778                _reclaim_reent
 .text.__errno  0x0800b824        0xc C:/ST/STM32CubeIDE_1.17.0/STM32CubeIDE/plugins/com.st.stm32cube.ide.mcu.externaltools.gnu-tools-for-stm32.12.3.rel1.win32_1.1.0.202410251130/tools/bin/../lib/gcc/arm-none-eabi/12.3.1/../../../../arm-none-eabi/lib/thumb/v7e-m+fp/hard\libc_nano.a(libc_a-errno.o)
                0x0800b824                __errno
 .text.__libc_init_array
                0x0800b830       0x48 C:/ST/STM32CubeIDE_1.17.0/STM32CubeIDE/plugins/com.st.stm32cube.ide.mcu.externaltools.gnu-tools-for-stm32.12.3.rel1.win32_1.1.0.202410251130/tools/bin/../lib/gcc/arm-none-eabi/12.3.1/../../../../arm-none-eabi/lib/thumb/v7e-m+fp/hard\libc_nano.a(libc_a-init.o)
                0x0800b830                __libc_init_array
 .text.__retarget_lock_acquire_recursive
                0x0800b878        0x2 C:/ST/STM32CubeIDE_1.17.0/STM32CubeIDE/plugins/com.st.stm32cube.ide.mcu.externaltools.gnu-tools-for-stm32.12.3.rel1.win32_1.1.0.202410251130/tools/bin/../lib/gcc/arm-none-eabi/12.3.1/../../../../arm-none-eabi/lib/thumb/v7e-m+fp/hard\libc_nano.a(libc_a-lock.o)
                0x0800b878                __retarget_lock_acquire_recursive
 .text.__retarget_lock_release_recursive
                0x0800b87a        0x2 C:/ST/STM32CubeIDE_1.17.0/STM32CubeIDE/plugins/com.st.stm32cube.ide.mcu.externaltools.gnu-tools-for-stm32.12.3.rel1.win32_1.1.0.202410251130/tools/bin/../lib/gcc/arm-none-eabi/12.3.1/../../../../arm-none-eabi/lib/thumb/v7e-m+fp/hard\libc_nano.a(libc_a-lock.o)
                0x0800b87a                __retarget_lock_release_recursive
 .text.memcpy   0x0800b87c       0x1c C:/ST/STM32CubeIDE_1.17.0/STM32CubeIDE/plugins/com.st.stm32cube.ide.mcu.externaltools.gnu-tools-for-stm32.12.3.rel1.win32_1.1.0.202410251130/tools/bin/../lib/gcc/arm-none-eabi/12.3.1/../../../../arm-none-eabi/lib/thumb/v7e-m+fp/hard\libc_nano.a(libc_a-memcpy-stub.o)
                0x0800b87c                memcpy
 .text._free_r  0x0800b898       0x94 C:/ST/STM32CubeIDE_1.17.0/STM32CubeIDE/plugins/com.st.stm32cube.ide.mcu.externaltools.gnu-tools-for-stm32.12.3.rel1.win32_1.1.0.202410251130/tools/bin/../lib/gcc/arm-none-eabi/12.3.1/../../../../arm-none-eabi/lib/thumb/v7e-m+fp/hard\libc_nano.a(libc_a-freer.o)
                0x0800b898                _free_r
 .text.sbrk_aligned
                0x0800b92c       0x44 C:/ST/STM32CubeIDE_1.17.0/STM32CubeIDE/plugins/com.st.stm32cube.ide.mcu.externaltools.gnu-tools-for-stm32.12.3.rel1.win32_1.1.0.202410251130/tools/bin/../lib/gcc/arm-none-eabi/12.3.1/../../../../arm-none-eabi/lib/thumb/v7e-m+fp/hard\libc_nano.a(libc_a-mallocr.o)
 .text._malloc_r
                0x0800b970      0x100 C:/ST/STM32CubeIDE_1.17.0/STM32CubeIDE/plugins/com.st.stm32cube.ide.mcu.externaltools.gnu-tools-for-stm32.12.3.rel1.win32_1.1.0.202410251130/tools/bin/../lib/gcc/arm-none-eabi/12.3.1/../../../../arm-none-eabi/lib/thumb/v7e-m+fp/hard\libc_nano.a(libc_a-mallocr.o)
                0x0800b970                _malloc_r
 .text.__malloc_lock
                0x0800ba70        0xc C:/ST/STM32CubeIDE_1.17.0/STM32CubeIDE/plugins/com.st.stm32cube.ide.mcu.externaltools.gnu-tools-for-stm32.12.3.rel1.win32_1.1.0.202410251130/tools/bin/../lib/gcc/arm-none-eabi/12.3.1/../../../../arm-none-eabi/lib/thumb/v7e-m+fp/hard\libc_nano.a(libc_a-mlock.o)
                0x0800ba70                __malloc_lock
 .text.__malloc_unlock
                0x0800ba7c        0xc C:/ST/STM32CubeIDE_1.17.0/STM32CubeIDE/plugins/com.st.stm32cube.ide.mcu.externaltools.gnu-tools-for-stm32.12.3.rel1.win32_1.1.0.202410251130/tools/bin/../lib/gcc/arm-none-eabi/12.3.1/../../../../arm-none-eabi/lib/thumb/v7e-m+fp/hard\libc_nano.a(libc_a-mlock.o)
                0x0800ba7c                __malloc_unlock
 .text.__ssputs_r
                0x0800ba88       0xb6 C:/ST/STM32CubeIDE_1.17.0/STM32CubeIDE/plugins/com.st.stm32cube.ide.mcu.externaltools.gnu-tools-for-stm32.12.3.rel1.win32_1.1.0.202410251130/tools/bin/../lib/gcc/arm-none-eabi/12.3.1/../../../../arm-none-eabi/lib/thumb/v7e-m+fp/hard\libc_nano.a(libc_a-nano-svfprintf.o)
                0x0800ba88                __ssputs_r
 *fill*         0x0800bb3e        0x2 
 .text._svfprintf_r
                0x0800bb40      0x1f8 C:/ST/STM32CubeIDE_1.17.0/STM32CubeIDE/plugins/com.st.stm32cube.ide.mcu.externaltools.gnu-tools-for-stm32.12.3.rel1.win32_1.1.0.202410251130/tools/bin/../lib/gcc/arm-none-eabi/12.3.1/../../../../arm-none-eabi/lib/thumb/v7e-m+fp/hard\libc_nano.a(libc_a-nano-svfprintf.o)
                0x0800bb40                _svfiprintf_r
                0x0800bb40                _svfprintf_r
 .text._printf_common
                0x0800bd38       0xda C:/ST/STM32CubeIDE_1.17.0/STM32CubeIDE/plugins/com.st.stm32cube.ide.mcu.externaltools.gnu-tools-for-stm32.12.3.rel1.win32_1.1.0.202410251130/tools/bin/../lib/gcc/arm-none-eabi/12.3.1/../../../../arm-none-eabi/lib/thumb/v7e-m+fp/hard\libc_nano.a(libc_a-nano-vfprintf_i.o)
                0x0800bd38                _printf_common
 *fill*         0x0800be12        0x2 
 .text._printf_i
                0x0800be14      0x240 C:/ST/STM32CubeIDE_1.17.0/STM32CubeIDE/plugins/com.st.stm32cube.ide.mcu.externaltools.gnu-tools-for-stm32.12.3.rel1.win32_1.1.0.202410251130/tools/bin/../lib/gcc/arm-none-eabi/12.3.1/../../../../arm-none-eabi/lib/thumb/v7e-m+fp/hard\libc_nano.a(libc_a-nano-vfprintf_i.o)
                0x0800be14                _printf_i
 .text.memmove  0x0800c054       0x34 C:/ST/STM32CubeIDE_1.17.0/STM32CubeIDE/plugins/com.st.stm32cube.ide.mcu.externaltools.gnu-tools-for-stm32.12.3.rel1.win32_1.1.0.202410251130/tools/bin/../lib/gcc/arm-none-eabi/12.3.1/../../../../arm-none-eabi/lib/thumb/v7e-m+fp/hard\libc_nano.a(libc_a-memmove.o)
                0x0800c054                memmove
 .text._sbrk_r  0x0800c088       0x20 C:/ST/STM32CubeIDE_1.17.0/STM32CubeIDE/plugins/com.st.stm32cube.ide.mcu.externaltools.gnu-tools-for-stm32.12.3.rel1.win32_1.1.0.202410251130/tools/bin/../lib/gcc/arm-none-eabi/12.3.1/../../../../arm-none-eabi/lib/thumb/v7e-m+fp/hard\libc_nano.a(libc_a-sbrkr.o)
                0x0800c088                _sbrk_r
 .text._realloc_r
                0x0800c0a8       0x5c C:/ST/STM32CubeIDE_1.17.0/STM32CubeIDE/plugins/com.st.stm32cube.ide.mcu.externaltools.gnu-tools-for-stm32.12.3.rel1.win32_1.1.0.202410251130/tools/bin/../lib/gcc/arm-none-eabi/12.3.1/../../../../arm-none-eabi/lib/thumb/v7e-m+fp/hard\libc_nano.a(libc_a-reallocr.o)
                0x0800c0a8                _realloc_r
 .text._malloc_usable_size_r
                0x0800c104       0x10 C:/ST/STM32CubeIDE_1.17.0/STM32CubeIDE/plugins/com.st.stm32cube.ide.mcu.externaltools.gnu-tools-for-stm32.12.3.rel1.win32_1.1.0.202410251130/tools/bin/../lib/gcc/arm-none-eabi/12.3.1/../../../../arm-none-eabi/lib/thumb/v7e-m+fp/hard\libc_nano.a(libc_a-msizer.o)
                0x0800c104                _malloc_usable_size_r
 *(.glue_7)
 .glue_7        0x0800c114        0x0 linker stubs
 *(.glue_7t)
 .glue_7t       0x0800c114        0x0 linker stubs
 *(.eh_frame)
 .eh_frame      0x0800c114        0x0 C:/ST/STM32CubeIDE_1.17.0/STM32CubeIDE/plugins/com.st.stm32cube.ide.mcu.externaltools.gnu-tools-for-stm32.12.3.rel1.win32_1.1.0.202410251130/tools/bin/../lib/gcc/arm-none-eabi/12.3.1/thumb/v7e-m+fp/hard/crtbegin.o
 *(.init)
 .init          0x0800c114        0x4 C:/ST/STM32CubeIDE_1.17.0/STM32CubeIDE/plugins/com.st.stm32cube.ide.mcu.externaltools.gnu-tools-for-stm32.12.3.rel1.win32_1.1.0.202410251130/tools/bin/../lib/gcc/arm-none-eabi/12.3.1/thumb/v7e-m+fp/hard/crti.o
                0x0800c114                _init
 .init          0x0800c118        0x8 C:/ST/STM32CubeIDE_1.17.0/STM32CubeIDE/plugins/com.st.stm32cube.ide.mcu.externaltools.gnu-tools-for-stm32.12.3.rel1.win32_1.1.0.202410251130/tools/bin/../lib/gcc/arm-none-eabi/12.3.1/thumb/v7e-m+fp/hard/crtn.o
 *(.fini)
 .fini          0x0800c120        0x4 C:/ST/STM32CubeIDE_1.17.0/STM32CubeIDE/plugins/com.st.stm32cube.ide.mcu.externaltools.gnu-tools-for-stm32.12.3.rel1.win32_1.1.0.202410251130/tools/bin/../lib/gcc/arm-none-eabi/12.3.1/thumb/v7e-m+fp/hard/crti.o
                0x0800c120                _fini
 .fini          0x0800c124        0x8 C:/ST/STM32CubeIDE_1.17.0/STM32CubeIDE/plugins/com.st.stm32cube.ide.mcu.externaltools.gnu-tools-for-stm32.12.3.rel1.win32_1.1.0.202410251130/tools/bin/../lib/gcc/arm-none-eabi/12.3.1/thumb/v7e-m+fp/hard/crtn.o
                0x0800c12c                        . = ALIGN (0x4)
                0x0800c12c                        _etext = .

.vfp11_veneer   0x0800c12c        0x0
 .vfp11_veneer  0x0800c12c        0x0 linker stubs

.v4_bx          0x0800c12c        0x0
 .v4_bx         0x0800c12c        0x0 linker stubs

.iplt           0x0800c12c        0x0
 .iplt          0x0800c12c        0x0 C:/ST/STM32CubeIDE_1.17.0/STM32CubeIDE/plugins/com.st.stm32cube.ide.mcu.externaltools.gnu-tools-for-stm32.12.3.rel1.win32_1.1.0.202410251130/tools/bin/../lib/gcc/arm-none-eabi/12.3.1/thumb/v7e-m+fp/hard/crtbegin.o

.rodata         0x0800c12c      0x1d4
                0x0800c12c                        . = ALIGN (0x4)
 *(.rodata)
 .rodata        0x0800c12c       0x5d ./Core/Src/main.o
 *fill*         0x0800c189        0x3 
 .rodata        0x0800c18c        0x5 ./Middlewares/Third_Party/FreeRTOS/Source/tasks.o
 *fill*         0x0800c191        0x3 
 .rodata        0x0800c194        0xd ./Middlewares/Third_Party/FreeRTOS/Source/timers.o
 *(.rodata*)
 *fill*         0x0800c1a1        0x3 
 .rodata.myLedTask_attributes
                0x0800c1a4       0x24 ./Core/Src/main.o
                0x0800c1a4                myLedTask_attributes
 .rodata.myUartSendTask_attributes
                0x0800c1c8       0x24 ./Core/Src/main.o
                0x0800c1c8                myUartSendTask_attributes
 .rodata.myUART_RX_TaskHandle_attributes
                0x0800c1ec       0x24 ./Core/Src/main.o
                0x0800c1ec                myUART_RX_TaskHandle_attributes
 .rodata.myDataQueue_attributes
                0x0800c210       0x18 ./Core/Src/main.o
                0x0800c210                myDataQueue_attributes
 .rodata.myBinarySem01_attributes
                0x0800c228       0x10 ./Core/Src/main.o
                0x0800c228                myBinarySem01_attributes
 .rodata.myTempReadingTaskHandle_attributes
                0x0800c238       0x24 ./Core/Src/main.o
                0x0800c238                myTempReadingTaskHandle_attributes
 .rodata.AHBPrescTable
                0x0800c25c       0x10 ./Core/Src/system_stm32l4xx.o
                0x0800c25c                AHBPrescTable
 .rodata.APBPrescTable
                0x0800c26c        0x8 ./Core/Src/system_stm32l4xx.o
                0x0800c26c                APBPrescTable
 .rodata.MSIRangeTable
                0x0800c274       0x30 ./Core/Src/system_stm32l4xx.o
                0x0800c274                MSIRangeTable
 .rodata.UARTPrescTable
                0x0800c2a4       0x18 ./Drivers/STM32L4xx_HAL_Driver/Src/stm32l4xx_hal_uart.o
                0x0800c2a4                UARTPrescTable
 .rodata.numerator.1
                0x0800c2bc        0x8 ./Drivers/STM32L4xx_HAL_Driver/Src/stm32l4xx_hal_uart_ex.o
 .rodata.denominator.0
                0x0800c2c4        0x8 ./Drivers/STM32L4xx_HAL_Driver/Src/stm32l4xx_hal_uart_ex.o
 .rodata._svfprintf_r.str1.1
                0x0800c2cc       0x11 C:/ST/STM32CubeIDE_1.17.0/STM32CubeIDE/plugins/com.st.stm32cube.ide.mcu.externaltools.gnu-tools-for-stm32.12.3.rel1.win32_1.1.0.202410251130/tools/bin/../lib/gcc/arm-none-eabi/12.3.1/../../../../arm-none-eabi/lib/thumb/v7e-m+fp/hard\libc_nano.a(libc_a-nano-svfprintf.o)
 .rodata._printf_i.str1.1
                0x0800c2dd       0x22 C:/ST/STM32CubeIDE_1.17.0/STM32CubeIDE/plugins/com.st.stm32cube.ide.mcu.externaltools.gnu-tools-for-stm32.12.3.rel1.win32_1.1.0.202410251130/tools/bin/../lib/gcc/arm-none-eabi/12.3.1/../../../../arm-none-eabi/lib/thumb/v7e-m+fp/hard\libc_nano.a(libc_a-nano-vfprintf_i.o)
                0x0800c300                        . = ALIGN (0x4)
 *fill*         0x0800c2ff        0x1 

.ARM.extab      0x0800c300        0x0
                0x0800c300                        . = ALIGN (0x4)
 *(.ARM.extab* .gnu.linkonce.armextab.*)
                0x0800c300                        . = ALIGN (0x4)

.ARM            0x0800c300        0x8
                0x0800c300                        . = ALIGN (0x4)
                0x0800c300                        __exidx_start = .
 *(.ARM.exidx*)
 .ARM.exidx     0x0800c300        0x8 C:/ST/STM32CubeIDE_1.17.0/STM32CubeIDE/plugins/com.st.stm32cube.ide.mcu.externaltools.gnu-tools-for-stm32.12.3.rel1.win32_1.1.0.202410251130/tools/bin/../lib/gcc/arm-none-eabi/12.3.1/../../../../arm-none-eabi/lib/thumb/v7e-m+fp/hard\libc_nano.a(libc_a-memchr.o)
 .ARM.exidx     0x0800c308        0x0 C:/ST/STM32CubeIDE_1.17.0/STM32CubeIDE/plugins/com.st.stm32cube.ide.mcu.externaltools.gnu-tools-for-stm32.12.3.rel1.win32_1.1.0.202410251130/tools/bin/../lib/gcc/arm-none-eabi/12.3.1/thumb/v7e-m+fp/hard\libgcc.a(_udivmoddi4.o)
                                  0x8 (size before relaxing)
                0x0800c308                        __exidx_end = .
                0x0800c308                        . = ALIGN (0x4)

.rel.dyn        0x0800c308        0x0
 .rel.iplt      0x0800c308        0x0 C:/ST/STM32CubeIDE_1.17.0/STM32CubeIDE/plugins/com.st.stm32cube.ide.mcu.externaltools.gnu-tools-for-stm32.12.3.rel1.win32_1.1.0.202410251130/tools/bin/../lib/gcc/arm-none-eabi/12.3.1/thumb/v7e-m+fp/hard/crtbegin.o

.preinit_array  0x0800c308        0x0
                0x0800c308                        . = ALIGN (0x4)
                0x0800c308                        PROVIDE (__preinit_array_start = .)
 *(.preinit_array*)
                0x0800c308                        PROVIDE (__preinit_array_end = .)
                0x0800c308                        . = ALIGN (0x4)

.init_array     0x0800c308        0x4
                0x0800c308                        . = ALIGN (0x4)
                0x0800c308                        PROVIDE (__init_array_start = .)
 *(SORT_BY_NAME(.init_array.*))
 *(.init_array*)
 .init_array    0x0800c308        0x4 C:/ST/STM32CubeIDE_1.17.0/STM32CubeIDE/plugins/com.st.stm32cube.ide.mcu.externaltools.gnu-tools-for-stm32.12.3.rel1.win32_1.1.0.202410251130/tools/bin/../lib/gcc/arm-none-eabi/12.3.1/thumb/v7e-m+fp/hard/crtbegin.o
                0x0800c30c                        PROVIDE (__init_array_end = .)
                0x0800c30c                        . = ALIGN (0x4)

.fini_array     0x0800c30c        0x4
                0x0800c30c                        . = ALIGN (0x4)
                [!provide]                        PROVIDE (__fini_array_start = .)
 *(SORT_BY_NAME(.fini_array.*))
 *(.fini_array*)
 .fini_array    0x0800c30c        0x4 C:/ST/STM32CubeIDE_1.17.0/STM32CubeIDE/plugins/com.st.stm32cube.ide.mcu.externaltools.gnu-tools-for-stm32.12.3.rel1.win32_1.1.0.202410251130/tools/bin/../lib/gcc/arm-none-eabi/12.3.1/thumb/v7e-m+fp/hard/crtbegin.o
                [!provide]                        PROVIDE (__fini_array_end = .)
                0x0800c310                        . = ALIGN (0x4)
                0x0800c310                        _sidata = LOADADDR (.data)

.data           0x20000000       0x74 load address 0x0800c310
                0x20000000                        . = ALIGN (0x4)
                0x20000000                        _sdata = .
 *(.data)
 *(.data*)
 .data.acquisition_activated
                0x20000000        0x1 ./Core/Src/main.o
                0x20000000                acquisition_activated
 .data.queue_overflow_detected
                0x20000001        0x1 ./Core/Src/main.o
                0x20000001                queue_overflow_detected
 *fill*         0x20000002        0x2 
 .data.SystemCoreClock
                0x20000004        0x4 ./Core/Src/system_stm32l4xx.o
                0x20000004                SystemCoreClock
 .data.HTS221_T_Drv
                0x20000008       0x10 ./Drivers/BSP/Components/hts221/hts221.o
                0x20000008                HTS221_T_Drv
 .data.uwTickPrio
                0x20000018        0x4 ./Drivers/STM32L4xx_HAL_Driver/Src/stm32l4xx_hal.o
                0x20000018                uwTickPrio
 .data.uwTickFreq
                0x2000001c        0x1 ./Drivers/STM32L4xx_HAL_Driver/Src/stm32l4xx_hal.o
                0x2000001c                uwTickFreq
 *fill*         0x2000001d        0x3 
 .data.uxCriticalNesting
                0x20000020        0x4 ./Middlewares/Third_Party/FreeRTOS/Source/portable/GCC/ARM_CM4F/port.o
 .data._impure_ptr
                0x20000024        0x4 C:/ST/STM32CubeIDE_1.17.0/STM32CubeIDE/plugins/com.st.stm32cube.ide.mcu.externaltools.gnu-tools-for-stm32.12.3.rel1.win32_1.1.0.202410251130/tools/bin/../lib/gcc/arm-none-eabi/12.3.1/../../../../arm-none-eabi/lib/thumb/v7e-m+fp/hard\libc_nano.a(libc_a-impure.o)
                0x20000024                _impure_ptr
 .data._impure_data
                0x20000028       0x4c C:/ST/STM32CubeIDE_1.17.0/STM32CubeIDE/plugins/com.st.stm32cube.ide.mcu.externaltools.gnu-tools-for-stm32.12.3.rel1.win32_1.1.0.202410251130/tools/bin/../lib/gcc/arm-none-eabi/12.3.1/../../../../arm-none-eabi/lib/thumb/v7e-m+fp/hard\libc_nano.a(libc_a-impure.o)
                0x20000028                _impure_data
 *(.RamFunc)
 *(.RamFunc*)
                0x20000074                        . = ALIGN (0x4)
                0x20000074                        _edata = .

.igot.plt       0x20000074        0x0 load address 0x0800c384
 .igot.plt      0x20000074        0x0 C:/ST/STM32CubeIDE_1.17.0/STM32CubeIDE/plugins/com.st.stm32cube.ide.mcu.externaltools.gnu-tools-for-stm32.12.3.rel1.win32_1.1.0.202410251130/tools/bin/../lib/gcc/arm-none-eabi/12.3.1/thumb/v7e-m+fp/hard/crtbegin.o
                0x20000074                        . = ALIGN (0x4)

.bss            0x20000074     0x2044 load address 0x0800c384
                0x20000074                        _sbss = .
                0x20000074                        __bss_start__ = _sbss
 *(.bss)
 .bss           0x20000074       0x1c C:/ST/STM32CubeIDE_1.17.0/STM32CubeIDE/plugins/com.st.stm32cube.ide.mcu.externaltools.gnu-tools-for-stm32.12.3.rel1.win32_1.1.0.202410251130/tools/bin/../lib/gcc/arm-none-eabi/12.3.1/thumb/v7e-m+fp/hard/crtbegin.o
 *(.bss*)
 .bss.hadc1     0x20000090       0x68 ./Core/Src/main.o
                0x20000090                hadc1
 .bss.hdfsdm1_channel2
                0x200000f8       0x38 ./Core/Src/main.o
                0x200000f8                hdfsdm1_channel2
 .bss.hi2c1     0x20000130       0x54 ./Core/Src/main.o
                0x20000130                hi2c1
 .bss.hi2c2     0x20000184       0x54 ./Core/Src/main.o
                0x20000184                hi2c2
 .bss.hospi1    0x200001d8       0x50 ./Core/Src/main.o
                0x200001d8                hospi1
 .bss.hspi3     0x20000228       0x64 ./Core/Src/main.o
                0x20000228                hspi3
 .bss.huart4    0x2000028c       0x94 ./Core/Src/main.o
                0x2000028c                huart4
 .bss.huart1    0x20000320       0x94 ./Core/Src/main.o
                0x20000320                huart1
 .bss.huart2    0x200003b4       0x94 ./Core/Src/main.o
                0x200003b4                huart2
 .bss.huart3    0x20000448       0x94 ./Core/Src/main.o
                0x20000448                huart3
 .bss.myLedTaskHandle
                0x200004dc        0x4 ./Core/Src/main.o
                0x200004dc                myLedTaskHandle
 .bss.myUartSendTaskHandle
                0x200004e0        0x4 ./Core/Src/main.o
                0x200004e0                myUartSendTaskHandle
 .bss.myUART_RX_TaskHandle
                0x200004e4        0x4 ./Core/Src/main.o
                0x200004e4                myUART_RX_TaskHandle
 .bss.myDataQueueHandle
                0x200004e8        0x4 ./Core/Src/main.o
                0x200004e8                myDataQueueHandle
 .bss.myBinarySem01Handle
                0x200004ec        0x4 ./Core/Src/main.o
                0x200004ec                myBinarySem01Handle
 .bss.myTempReadingTaskHandle
                0x200004f0        0x4 ./Core/Src/main.o
                0x200004f0                myTempReadingTaskHandle
 .bss.temp_value
                0x200004f4        0x4 ./Core/Src/main.o
                0x200004f4                temp_value
 .bss.led_1_2_state.0
                0x200004f8        0x1 ./Core/Src/main.o
 *fill*         0x200004f9        0x3 
 .bss.DFSDM1_Init
                0x200004fc        0x4 ./Core/Src/stm32l4xx_hal_msp.o
 .bss.htim6     0x20000500       0x4c ./Core/Src/stm32l4xx_hal_timebase_tim.o
                0x20000500                htim6
 .bss.__sbrk_heap_end
                0x2000054c        0x4 ./Core/Src/sysmem.o
 .bss.hI2cHandler
                0x20000550       0x54 ./Drivers/BSP/B-L4S5I-IOT01/stm32l4s5i_iot01.o
                0x20000550                hI2cHandler
 .bss.tsensor_drv
                0x200005a4        0x4 ./Drivers/BSP/B-L4S5I-IOT01/stm32l4s5i_iot01_tsensor.o
 .bss.uwTick    0x200005a8        0x4 ./Drivers/STM32L4xx_HAL_Driver/Src/stm32l4xx_hal.o
                0x200005a8                uwTick
 .bss.v_dfsdm1ChannelCounter
                0x200005ac        0x4 ./Drivers/STM32L4xx_HAL_Driver/Src/stm32l4xx_hal_dfsdm.o
 .bss.a_dfsdm1ChannelHandle
                0x200005b0       0x20 ./Drivers/STM32L4xx_HAL_Driver/Src/stm32l4xx_hal_dfsdm.o
 .bss.KernelState
                0x200005d0        0x4 ./Middlewares/Third_Party/FreeRTOS/Source/CMSIS_RTOS_V2/cmsis_os2.o
 .bss.Idle_TCB.3
                0x200005d4       0xa8 ./Middlewares/Third_Party/FreeRTOS/Source/CMSIS_RTOS_V2/cmsis_os2.o
 .bss.Idle_Stack.2
                0x2000067c      0x200 ./Middlewares/Third_Party/FreeRTOS/Source/CMSIS_RTOS_V2/cmsis_os2.o
 .bss.Timer_TCB.1
                0x2000087c       0xa8 ./Middlewares/Third_Party/FreeRTOS/Source/CMSIS_RTOS_V2/cmsis_os2.o
 .bss.Timer_Stack.0
                0x20000924      0x400 ./Middlewares/Third_Party/FreeRTOS/Source/CMSIS_RTOS_V2/cmsis_os2.o
 .bss.xQueueRegistry
                0x20000d24       0x40 ./Middlewares/Third_Party/FreeRTOS/Source/queue.o
                0x20000d24                xQueueRegistry
 .bss.pxCurrentTCB
                0x20000d64        0x4 ./Middlewares/Third_Party/FreeRTOS/Source/tasks.o
                0x20000d64                pxCurrentTCB
 .bss.pxReadyTasksLists
                0x20000d68      0x460 ./Middlewares/Third_Party/FreeRTOS/Source/tasks.o
 .bss.xDelayedTaskList1
                0x200011c8       0x14 ./Middlewares/Third_Party/FreeRTOS/Source/tasks.o
 .bss.xDelayedTaskList2
                0x200011dc       0x14 ./Middlewares/Third_Party/FreeRTOS/Source/tasks.o
 .bss.pxDelayedTaskList
                0x200011f0        0x4 ./Middlewares/Third_Party/FreeRTOS/Source/tasks.o
 .bss.pxOverflowDelayedTaskList
                0x200011f4        0x4 ./Middlewares/Third_Party/FreeRTOS/Source/tasks.o
 .bss.xPendingReadyList
                0x200011f8       0x14 ./Middlewares/Third_Party/FreeRTOS/Source/tasks.o
 .bss.xTasksWaitingTermination
                0x2000120c       0x14 ./Middlewares/Third_Party/FreeRTOS/Source/tasks.o
 .bss.uxDeletedTasksWaitingCleanUp
                0x20001220        0x4 ./Middlewares/Third_Party/FreeRTOS/Source/tasks.o
 .bss.xSuspendedTaskList
                0x20001224       0x14 ./Middlewares/Third_Party/FreeRTOS/Source/tasks.o
 .bss.uxCurrentNumberOfTasks
                0x20001238        0x4 ./Middlewares/Third_Party/FreeRTOS/Source/tasks.o
 .bss.xTickCount
                0x2000123c        0x4 ./Middlewares/Third_Party/FreeRTOS/Source/tasks.o
 .bss.uxTopReadyPriority
                0x20001240        0x4 ./Middlewares/Third_Party/FreeRTOS/Source/tasks.o
 .bss.xSchedulerRunning
                0x20001244        0x4 ./Middlewares/Third_Party/FreeRTOS/Source/tasks.o
 .bss.xPendedTicks
                0x20001248        0x4 ./Middlewares/Third_Party/FreeRTOS/Source/tasks.o
 .bss.xYieldPending
                0x2000124c        0x4 ./Middlewares/Third_Party/FreeRTOS/Source/tasks.o
 .bss.xNumOfOverflows
                0x20001250        0x4 ./Middlewares/Third_Party/FreeRTOS/Source/tasks.o
 .bss.uxTaskNumber
                0x20001254        0x4 ./Middlewares/Third_Party/FreeRTOS/Source/tasks.o
 .bss.xNextTaskUnblockTime
                0x20001258        0x4 ./Middlewares/Third_Party/FreeRTOS/Source/tasks.o
 .bss.xIdleTaskHandle
                0x2000125c        0x4 ./Middlewares/Third_Party/FreeRTOS/Source/tasks.o
 .bss.uxSchedulerSuspended
                0x20001260        0x4 ./Middlewares/Third_Party/FreeRTOS/Source/tasks.o
 .bss.xActiveTimerList1
                0x20001264       0x14 ./Middlewares/Third_Party/FreeRTOS/Source/timers.o
 .bss.xActiveTimerList2
                0x20001278       0x14 ./Middlewares/Third_Party/FreeRTOS/Source/timers.o
 .bss.pxCurrentTimerList
                0x2000128c        0x4 ./Middlewares/Third_Party/FreeRTOS/Source/timers.o
 .bss.pxOverflowTimerList
                0x20001290        0x4 ./Middlewares/Third_Party/FreeRTOS/Source/timers.o
 .bss.xTimerQueue
                0x20001294        0x4 ./Middlewares/Third_Party/FreeRTOS/Source/timers.o
 .bss.xTimerTaskHandle
                0x20001298        0x4 ./Middlewares/Third_Party/FreeRTOS/Source/timers.o
 .bss.xLastTime.2
                0x2000129c        0x4 ./Middlewares/Third_Party/FreeRTOS/Source/timers.o
 .bss.ucStaticTimerQueueStorage.1
                0x200012a0       0xa0 ./Middlewares/Third_Party/FreeRTOS/Source/timers.o
 .bss.xStaticTimerQueue.0
                0x20001340       0x50 ./Middlewares/Third_Party/FreeRTOS/Source/timers.o
 .bss.ucMaxSysCallPriority
                0x20001390        0x1 ./Middlewares/Third_Party/FreeRTOS/Source/portable/GCC/ARM_CM4F/port.o
 *fill*         0x20001391        0x3 
 .bss.ulMaxPRIGROUPValue
                0x20001394        0x4 ./Middlewares/Third_Party/FreeRTOS/Source/portable/GCC/ARM_CM4F/port.o
 .bss.ucHeap    0x20001398      0xbb8 ./Middlewares/Third_Party/FreeRTOS/Source/portable/MemMang/heap_4.o
 .bss.xStart    0x20001f50        0x8 ./Middlewares/Third_Party/FreeRTOS/Source/portable/MemMang/heap_4.o
 .bss.pxEnd     0x20001f58        0x4 ./Middlewares/Third_Party/FreeRTOS/Source/portable/MemMang/heap_4.o
 .bss.xFreeBytesRemaining
                0x20001f5c        0x4 ./Middlewares/Third_Party/FreeRTOS/Source/portable/MemMang/heap_4.o
 .bss.xMinimumEverFreeBytesRemaining
                0x20001f60        0x4 ./Middlewares/Third_Party/FreeRTOS/Source/portable/MemMang/heap_4.o
 .bss.xNumberOfSuccessfulAllocations
                0x20001f64        0x4 ./Middlewares/Third_Party/FreeRTOS/Source/portable/MemMang/heap_4.o
 .bss.xNumberOfSuccessfulFrees
                0x20001f68        0x4 ./Middlewares/Third_Party/FreeRTOS/Source/portable/MemMang/heap_4.o
 .bss.xBlockAllocatedBit
                0x20001f6c        0x4 ./Middlewares/Third_Party/FreeRTOS/Source/portable/MemMang/heap_4.o
 .bss.__sf      0x20001f70      0x138 C:/ST/STM32CubeIDE_1.17.0/STM32CubeIDE/plugins/com.st.stm32cube.ide.mcu.externaltools.gnu-tools-for-stm32.12.3.rel1.win32_1.1.0.202410251130/tools/bin/../lib/gcc/arm-none-eabi/12.3.1/../../../../arm-none-eabi/lib/thumb/v7e-m+fp/hard\libc_nano.a(libc_a-findfp.o)
                0x20001f70                __sf
 .bss.errno     0x200020a8        0x4 C:/ST/STM32CubeIDE_1.17.0/STM32CubeIDE/plugins/com.st.stm32cube.ide.mcu.externaltools.gnu-tools-for-stm32.12.3.rel1.win32_1.1.0.202410251130/tools/bin/../lib/gcc/arm-none-eabi/12.3.1/../../../../arm-none-eabi/lib/thumb/v7e-m+fp/hard\libc_nano.a(libc_a-reent.o)
                0x200020a8                errno
 .bss.__lock___malloc_recursive_mutex
                0x200020ac        0x1 C:/ST/STM32CubeIDE_1.17.0/STM32CubeIDE/plugins/com.st.stm32cube.ide.mcu.externaltools.gnu-tools-for-stm32.12.3.rel1.win32_1.1.0.202410251130/tools/bin/../lib/gcc/arm-none-eabi/12.3.1/../../../../arm-none-eabi/lib/thumb/v7e-m+fp/hard\libc_nano.a(libc_a-lock.o)
                0x200020ac                __lock___malloc_recursive_mutex
 *fill*         0x200020ad        0x3 
 .bss.__malloc_sbrk_start
                0x200020b0        0x4 C:/ST/STM32CubeIDE_1.17.0/STM32CubeIDE/plugins/com.st.stm32cube.ide.mcu.externaltools.gnu-tools-for-stm32.12.3.rel1.win32_1.1.0.202410251130/tools/bin/../lib/gcc/arm-none-eabi/12.3.1/../../../../arm-none-eabi/lib/thumb/v7e-m+fp/hard\libc_nano.a(libc_a-mallocr.o)
                0x200020b0                __malloc_sbrk_start
 .bss.__malloc_free_list
                0x200020b4        0x4 C:/ST/STM32CubeIDE_1.17.0/STM32CubeIDE/plugins/com.st.stm32cube.ide.mcu.externaltools.gnu-tools-for-stm32.12.3.rel1.win32_1.1.0.202410251130/tools/bin/../lib/gcc/arm-none-eabi/12.3.1/../../../../arm-none-eabi/lib/thumb/v7e-m+fp/hard\libc_nano.a(libc_a-mallocr.o)
                0x200020b4                __malloc_free_list
 *(COMMON)
                0x200020b8                        . = ALIGN (0x4)
                0x200020b8                        _ebss = .
                0x200020b8                        __bss_end__ = _ebss

._user_heap_stack
                0x200020b8      0x600 load address 0x0800c384
                0x200020b8                        . = ALIGN (0x8)
                [!provide]                        PROVIDE (end = .)
                0x200020b8                        PROVIDE (_end = .)
                0x200022b8                        . = (. + _Min_Heap_Size)
 *fill*         0x200020b8      0x200 
                0x200026b8                        . = (. + _Min_Stack_Size)
 *fill*         0x200022b8      0x400 
                0x200026b8                        . = ALIGN (0x8)

/DISCARD/
 libc.a(*)
 libm.a(*)
 libgcc.a(*)

.ARM.attributes
                0x00000000       0x30
 *(.ARM.attributes)
 .ARM.attributes
                0x00000000       0x22 C:/ST/STM32CubeIDE_1.17.0/STM32CubeIDE/plugins/com.st.stm32cube.ide.mcu.externaltools.gnu-tools-for-stm32.12.3.rel1.win32_1.1.0.202410251130/tools/bin/../lib/gcc/arm-none-eabi/12.3.1/thumb/v7e-m+fp/hard/crti.o
 .ARM.attributes
                0x00000022       0x34 C:/ST/STM32CubeIDE_1.17.0/STM32CubeIDE/plugins/com.st.stm32cube.ide.mcu.externaltools.gnu-tools-for-stm32.12.3.rel1.win32_1.1.0.202410251130/tools/bin/../lib/gcc/arm-none-eabi/12.3.1/thumb/v7e-m+fp/hard/crtbegin.o
 .ARM.attributes
                0x00000056       0x34 ./Core/Src/main.o
 .ARM.attributes
                0x0000008a       0x34 ./Core/Src/stm32l4xx_hal_msp.o
 .ARM.attributes
                0x000000be       0x34 ./Core/Src/stm32l4xx_hal_timebase_tim.o
 .ARM.attributes
                0x000000f2       0x34 ./Core/Src/stm32l4xx_it.o
 .ARM.attributes
                0x00000126       0x34 ./Core/Src/sysmem.o
 .ARM.attributes
                0x0000015a       0x34 ./Core/Src/system_stm32l4xx.o
 .ARM.attributes
                0x0000018e       0x21 ./Core/Startup/startup_stm32l4s5vitx.o
 .ARM.attributes
                0x000001af       0x34 ./Drivers/BSP/B-L4S5I-IOT01/stm32l4s5i_iot01.o
 .ARM.attributes
                0x000001e3       0x34 ./Drivers/BSP/B-L4S5I-IOT01/stm32l4s5i_iot01_tsensor.o
 .ARM.attributes
                0x00000217       0x34 ./Drivers/BSP/Components/hts221/hts221.o
 .ARM.attributes
                0x0000024b       0x34 ./Drivers/STM32L4xx_HAL_Driver/Src/stm32l4xx_hal.o
 .ARM.attributes
                0x0000027f       0x34 ./Drivers/STM32L4xx_HAL_Driver/Src/stm32l4xx_hal_adc.o
 .ARM.attributes
                0x000002b3       0x34 ./Drivers/STM32L4xx_HAL_Driver/Src/stm32l4xx_hal_cortex.o
 .ARM.attributes
                0x000002e7       0x34 ./Drivers/STM32L4xx_HAL_Driver/Src/stm32l4xx_hal_dfsdm.o
 .ARM.attributes
                0x0000031b       0x34 ./Drivers/STM32L4xx_HAL_Driver/Src/stm32l4xx_hal_gpio.o
 .ARM.attributes
                0x0000034f       0x34 ./Drivers/STM32L4xx_HAL_Driver/Src/stm32l4xx_hal_i2c.o
 .ARM.attributes
                0x00000383       0x34 ./Drivers/STM32L4xx_HAL_Driver/Src/stm32l4xx_hal_i2c_ex.o
 .ARM.attributes
                0x000003b7       0x34 ./Drivers/STM32L4xx_HAL_Driver/Src/stm32l4xx_hal_ospi.o
 .ARM.attributes
                0x000003eb       0x34 ./Drivers/STM32L4xx_HAL_Driver/Src/stm32l4xx_hal_pwr.o
 .ARM.attributes
                0x0000041f       0x34 ./Drivers/STM32L4xx_HAL_Driver/Src/stm32l4xx_hal_pwr_ex.o
 .ARM.attributes
                0x00000453       0x34 ./Drivers/STM32L4xx_HAL_Driver/Src/stm32l4xx_hal_rcc.o
 .ARM.attributes
                0x00000487       0x34 ./Drivers/STM32L4xx_HAL_Driver/Src/stm32l4xx_hal_rcc_ex.o
 .ARM.attributes
                0x000004bb       0x34 ./Drivers/STM32L4xx_HAL_Driver/Src/stm32l4xx_hal_spi.o
 .ARM.attributes
                0x000004ef       0x34 ./Drivers/STM32L4xx_HAL_Driver/Src/stm32l4xx_hal_tim.o
 .ARM.attributes
                0x00000523       0x34 ./Drivers/STM32L4xx_HAL_Driver/Src/stm32l4xx_hal_tim_ex.o
 .ARM.attributes
                0x00000557       0x34 ./Drivers/STM32L4xx_HAL_Driver/Src/stm32l4xx_hal_uart.o
 .ARM.attributes
                0x0000058b       0x34 ./Drivers/STM32L4xx_HAL_Driver/Src/stm32l4xx_hal_uart_ex.o
 .ARM.attributes
                0x000005bf       0x34 ./Middlewares/Third_Party/FreeRTOS/Source/CMSIS_RTOS_V2/cmsis_os2.o
 .ARM.attributes
                0x000005f3       0x34 ./Middlewares/Third_Party/FreeRTOS/Source/list.o
 .ARM.attributes
                0x00000627       0x34 ./Middlewares/Third_Party/FreeRTOS/Source/queue.o
 .ARM.attributes
                0x0000065b       0x34 ./Middlewares/Third_Party/FreeRTOS/Source/tasks.o
 .ARM.attributes
                0x0000068f       0x34 ./Middlewares/Third_Party/FreeRTOS/Source/timers.o
 .ARM.attributes
                0x000006c3       0x34 ./Middlewares/Third_Party/FreeRTOS/Source/portable/GCC/ARM_CM4F/port.o
 .ARM.attributes
                0x000006f7       0x34 ./Middlewares/Third_Party/FreeRTOS/Source/portable/MemMang/heap_4.o
 .ARM.attributes
                0x0000072b       0x34 C:/ST/STM32CubeIDE_1.17.0/STM32CubeIDE/plugins/com.st.stm32cube.ide.mcu.externaltools.gnu-tools-for-stm32.12.3.rel1.win32_1.1.0.202410251130/tools/bin/../lib/gcc/arm-none-eabi/12.3.1/../../../../arm-none-eabi/lib/thumb/v7e-m+fp/hard\libc_nano.a(libc_a-findfp.o)
 .ARM.attributes
                0x0000075f       0x34 C:/ST/STM32CubeIDE_1.17.0/STM32CubeIDE/plugins/com.st.stm32cube.ide.mcu.externaltools.gnu-tools-for-stm32.12.3.rel1.win32_1.1.0.202410251130/tools/bin/../lib/gcc/arm-none-eabi/12.3.1/../../../../arm-none-eabi/lib/thumb/v7e-m+fp/hard\libc_nano.a(libc_a-sprintf.o)
 .ARM.attributes
                0x00000793       0x34 C:/ST/STM32CubeIDE_1.17.0/STM32CubeIDE/plugins/com.st.stm32cube.ide.mcu.externaltools.gnu-tools-for-stm32.12.3.rel1.win32_1.1.0.202410251130/tools/bin/../lib/gcc/arm-none-eabi/12.3.1/../../../../arm-none-eabi/lib/thumb/v7e-m+fp/hard\libc_nano.a(libc_a-memset.o)
 .ARM.attributes
                0x000007c7       0x34 C:/ST/STM32CubeIDE_1.17.0/STM32CubeIDE/plugins/com.st.stm32cube.ide.mcu.externaltools.gnu-tools-for-stm32.12.3.rel1.win32_1.1.0.202410251130/tools/bin/../lib/gcc/arm-none-eabi/12.3.1/../../../../arm-none-eabi/lib/thumb/v7e-m+fp/hard\libc_nano.a(libc_a-reent.o)
 .ARM.attributes
                0x000007fb       0x34 C:/ST/STM32CubeIDE_1.17.0/STM32CubeIDE/plugins/com.st.stm32cube.ide.mcu.externaltools.gnu-tools-for-stm32.12.3.rel1.win32_1.1.0.202410251130/tools/bin/../lib/gcc/arm-none-eabi/12.3.1/../../../../arm-none-eabi/lib/thumb/v7e-m+fp/hard\libc_nano.a(libc_a-impure.o)
 .ARM.attributes
                0x0000082f       0x34 C:/ST/STM32CubeIDE_1.17.0/STM32CubeIDE/plugins/com.st.stm32cube.ide.mcu.externaltools.gnu-tools-for-stm32.12.3.rel1.win32_1.1.0.202410251130/tools/bin/../lib/gcc/arm-none-eabi/12.3.1/../../../../arm-none-eabi/lib/thumb/v7e-m+fp/hard\libc_nano.a(libc_a-errno.o)
 .ARM.attributes
                0x00000863       0x34 C:/ST/STM32CubeIDE_1.17.0/STM32CubeIDE/plugins/com.st.stm32cube.ide.mcu.externaltools.gnu-tools-for-stm32.12.3.rel1.win32_1.1.0.202410251130/tools/bin/../lib/gcc/arm-none-eabi/12.3.1/../../../../arm-none-eabi/lib/thumb/v7e-m+fp/hard\libc_nano.a(libc_a-init.o)
 .ARM.attributes
                0x00000897       0x34 C:/ST/STM32CubeIDE_1.17.0/STM32CubeIDE/plugins/com.st.stm32cube.ide.mcu.externaltools.gnu-tools-for-stm32.12.3.rel1.win32_1.1.0.202410251130/tools/bin/../lib/gcc/arm-none-eabi/12.3.1/../../../../arm-none-eabi/lib/thumb/v7e-m+fp/hard\libc_nano.a(libc_a-lock.o)
 .ARM.attributes
                0x000008cb       0x34 C:/ST/STM32CubeIDE_1.17.0/STM32CubeIDE/plugins/com.st.stm32cube.ide.mcu.externaltools.gnu-tools-for-stm32.12.3.rel1.win32_1.1.0.202410251130/tools/bin/../lib/gcc/arm-none-eabi/12.3.1/../../../../arm-none-eabi/lib/thumb/v7e-m+fp/hard\libc_nano.a(libc_a-memcpy-stub.o)
 .ARM.attributes
                0x000008ff       0x34 C:/ST/STM32CubeIDE_1.17.0/STM32CubeIDE/plugins/com.st.stm32cube.ide.mcu.externaltools.gnu-tools-for-stm32.12.3.rel1.win32_1.1.0.202410251130/tools/bin/../lib/gcc/arm-none-eabi/12.3.1/../../../../arm-none-eabi/lib/thumb/v7e-m+fp/hard\libc_nano.a(libc_a-freer.o)
 .ARM.attributes
                0x00000933       0x34 C:/ST/STM32CubeIDE_1.17.0/STM32CubeIDE/plugins/com.st.stm32cube.ide.mcu.externaltools.gnu-tools-for-stm32.12.3.rel1.win32_1.1.0.202410251130/tools/bin/../lib/gcc/arm-none-eabi/12.3.1/../../../../arm-none-eabi/lib/thumb/v7e-m+fp/hard\libc_nano.a(libc_a-mallocr.o)
 .ARM.attributes
                0x00000967       0x34 C:/ST/STM32CubeIDE_1.17.0/STM32CubeIDE/plugins/com.st.stm32cube.ide.mcu.externaltools.gnu-tools-for-stm32.12.3.rel1.win32_1.1.0.202410251130/tools/bin/../lib/gcc/arm-none-eabi/12.3.1/../../../../arm-none-eabi/lib/thumb/v7e-m+fp/hard\libc_nano.a(libc_a-mlock.o)
 .ARM.attributes
                0x0000099b       0x34 C:/ST/STM32CubeIDE_1.17.0/STM32CubeIDE/plugins/com.st.stm32cube.ide.mcu.externaltools.gnu-tools-for-stm32.12.3.rel1.win32_1.1.0.202410251130/tools/bin/../lib/gcc/arm-none-eabi/12.3.1/../../../../arm-none-eabi/lib/thumb/v7e-m+fp/hard\libc_nano.a(libc_a-nano-svfprintf.o)
 .ARM.attributes
                0x000009cf       0x34 C:/ST/STM32CubeIDE_1.17.0/STM32CubeIDE/plugins/com.st.stm32cube.ide.mcu.externaltools.gnu-tools-for-stm32.12.3.rel1.win32_1.1.0.202410251130/tools/bin/../lib/gcc/arm-none-eabi/12.3.1/../../../../arm-none-eabi/lib/thumb/v7e-m+fp/hard\libc_nano.a(libc_a-nano-vfprintf_i.o)
 .ARM.attributes
                0x00000a03       0x34 C:/ST/STM32CubeIDE_1.17.0/STM32CubeIDE/plugins/com.st.stm32cube.ide.mcu.externaltools.gnu-tools-for-stm32.12.3.rel1.win32_1.1.0.202410251130/tools/bin/../lib/gcc/arm-none-eabi/12.3.1/../../../../arm-none-eabi/lib/thumb/v7e-m+fp/hard\libc_nano.a(libc_a-memmove.o)
 .ARM.attributes
                0x00000a37       0x34 C:/ST/STM32CubeIDE_1.17.0/STM32CubeIDE/plugins/com.st.stm32cube.ide.mcu.externaltools.gnu-tools-for-stm32.12.3.rel1.win32_1.1.0.202410251130/tools/bin/../lib/gcc/arm-none-eabi/12.3.1/../../../../arm-none-eabi/lib/thumb/v7e-m+fp/hard\libc_nano.a(libc_a-sbrkr.o)
 .ARM.attributes
                0x00000a6b       0x1c C:/ST/STM32CubeIDE_1.17.0/STM32CubeIDE/plugins/com.st.stm32cube.ide.mcu.externaltools.gnu-tools-for-stm32.12.3.rel1.win32_1.1.0.202410251130/tools/bin/../lib/gcc/arm-none-eabi/12.3.1/../../../../arm-none-eabi/lib/thumb/v7e-m+fp/hard\libc_nano.a(libc_a-memchr.o)
 .ARM.attributes